Archive member included because of file (symbol)

c:/freescale/kds_2.0.0/toolchain/bin/../lib/gcc/arm-none-eabi/4.8.0/../../../../arm-none-eabi/lib/m4/fp/v4-sp-d16\libg_s.a(lib_a-assert.o)
                              ./SDK/platform/system/src/interrupt/fsl_interrupt_manager.o (__assert_func)
c:/freescale/kds_2.0.0/toolchain/bin/../lib/gcc/arm-none-eabi/4.8.0/../../../../arm-none-eabi/lib/m4/fp/v4-sp-d16\libg_s.a(lib_a-atexit.o)
                              c:/freescale/kds_2.0.0/toolchain/bin/../lib/gcc/arm-none-eabi/4.8.0/../../../../arm-none-eabi/lib/m4/fp/v4-sp-d16/crt0.o (atexit)
c:/freescale/kds_2.0.0/toolchain/bin/../lib/gcc/arm-none-eabi/4.8.0/../../../../arm-none-eabi/lib/m4/fp/v4-sp-d16\libg_s.a(lib_a-exit.o)
                              c:/freescale/kds_2.0.0/toolchain/bin/../lib/gcc/arm-none-eabi/4.8.0/../../../../arm-none-eabi/lib/m4/fp/v4-sp-d16/crt0.o (exit)
c:/freescale/kds_2.0.0/toolchain/bin/../lib/gcc/arm-none-eabi/4.8.0/../../../../arm-none-eabi/lib/m4/fp/v4-sp-d16\libg_s.a(lib_a-fini.o)
                              c:/freescale/kds_2.0.0/toolchain/bin/../lib/gcc/arm-none-eabi/4.8.0/../../../../arm-none-eabi/lib/m4/fp/v4-sp-d16\libg_s.a(lib_a-exit.o) (__libc_fini_array)
c:/freescale/kds_2.0.0/toolchain/bin/../lib/gcc/arm-none-eabi/4.8.0/../../../../arm-none-eabi/lib/m4/fp/v4-sp-d16\libg_s.a(lib_a-fprintf.o)
                              c:/freescale/kds_2.0.0/toolchain/bin/../lib/gcc/arm-none-eabi/4.8.0/../../../../arm-none-eabi/lib/m4/fp/v4-sp-d16\libg_s.a(lib_a-assert.o) (fprintf)
c:/freescale/kds_2.0.0/toolchain/bin/../lib/gcc/arm-none-eabi/4.8.0/../../../../arm-none-eabi/lib/m4/fp/v4-sp-d16\libg_s.a(lib_a-impure.o)
                              c:/freescale/kds_2.0.0/toolchain/bin/../lib/gcc/arm-none-eabi/4.8.0/../../../../arm-none-eabi/lib/m4/fp/v4-sp-d16\libg_s.a(lib_a-exit.o) (_global_impure_ptr)
c:/freescale/kds_2.0.0/toolchain/bin/../lib/gcc/arm-none-eabi/4.8.0/../../../../arm-none-eabi/lib/m4/fp/v4-sp-d16\libg_s.a(lib_a-memcmp.o)
                              ./Generated_Code/tasks.o (memcmp)
c:/freescale/kds_2.0.0/toolchain/bin/../lib/gcc/arm-none-eabi/4.8.0/../../../../arm-none-eabi/lib/m4/fp/v4-sp-d16\libg_s.a(lib_a-memcpy.o)
                              ./Generated_Code/queue.o (memcpy)
c:/freescale/kds_2.0.0/toolchain/bin/../lib/gcc/arm-none-eabi/4.8.0/../../../../arm-none-eabi/lib/m4/fp/v4-sp-d16\libg_s.a(lib_a-memset.o)
                              c:/freescale/kds_2.0.0/toolchain/bin/../lib/gcc/arm-none-eabi/4.8.0/../../../../arm-none-eabi/lib/m4/fp/v4-sp-d16/crt0.o (memset)
c:/freescale/kds_2.0.0/toolchain/bin/../lib/gcc/arm-none-eabi/4.8.0/../../../../arm-none-eabi/lib/m4/fp/v4-sp-d16\libg_s.a(lib_a-setjmp.o)
                              ./Generated_Code/port.o (setjmp)
c:/freescale/kds_2.0.0/toolchain/bin/../lib/gcc/arm-none-eabi/4.8.0/../../../../arm-none-eabi/lib/m4/fp/v4-sp-d16\libg_s.a(lib_a-setvbuf.o)
                              ./SDK/platform/utilities/src/fsl_debug_console.o (setvbuf)
c:/freescale/kds_2.0.0/toolchain/bin/../lib/gcc/arm-none-eabi/4.8.0/../../../../arm-none-eabi/lib/m4/fp/v4-sp-d16\libg_s.a(lib_a-strchr.o)
                              ./Generated_Code/UTIL1.o (strchr)
c:/freescale/kds_2.0.0/toolchain/bin/../lib/gcc/arm-none-eabi/4.8.0/../../../../arm-none-eabi/lib/m4/fp/v4-sp-d16\libg_s.a(lib_a-strcpy.o)
                              ./Generated_Code/tasks.o (strcpy)
c:/freescale/kds_2.0.0/toolchain/bin/../lib/gcc/arm-none-eabi/4.8.0/../../../../arm-none-eabi/lib/m4/fp/v4-sp-d16\libg_s.a(lib_a-strlen.o)
                              ./SDK/platform/utilities/src/print_scan.o (strlen)
c:/freescale/kds_2.0.0/toolchain/bin/../lib/gcc/arm-none-eabi/4.8.0/../../../../arm-none-eabi/lib/m4/fp/v4-sp-d16\libg_s.a(lib_a-strncmp.o)
                              ./Generated_Code/UTIL1.o (strncmp)
c:/freescale/kds_2.0.0/toolchain/bin/../lib/gcc/arm-none-eabi/4.8.0/../../../../arm-none-eabi/lib/m4/fp/v4-sp-d16\libg_s.a(lib_a-syscalls.o)
                              c:/freescale/kds_2.0.0/toolchain/bin/../lib/gcc/arm-none-eabi/4.8.0/../../../../arm-none-eabi/lib/m4/fp/v4-sp-d16\libg_s.a(lib_a-exit.o) (_exit)
c:/freescale/kds_2.0.0/toolchain/bin/../lib/gcc/arm-none-eabi/4.8.0/../../../../arm-none-eabi/lib/m4/fp/v4-sp-d16\libg_s.a(lib_a-vfprintf.o)
                              c:/freescale/kds_2.0.0/toolchain/bin/../lib/gcc/arm-none-eabi/4.8.0/../../../../arm-none-eabi/lib/m4/fp/v4-sp-d16\libg_s.a(lib_a-fprintf.o) (_vfprintf_r)
c:/freescale/kds_2.0.0/toolchain/bin/../lib/gcc/arm-none-eabi/4.8.0/../../../../arm-none-eabi/lib/m4/fp/v4-sp-d16\libg_s.a(lib_a-vfprintf_i.o)
                              c:/freescale/kds_2.0.0/toolchain/bin/../lib/gcc/arm-none-eabi/4.8.0/../../../../arm-none-eabi/lib/m4/fp/v4-sp-d16\libg_s.a(lib_a-vfprintf.o) (_printf_i)
c:/freescale/kds_2.0.0/toolchain/bin/../lib/gcc/arm-none-eabi/4.8.0/../../../../arm-none-eabi/lib/m4/fp/v4-sp-d16\libg_s.a(lib_a-wbuf.o)
[...]
Memory Configuration

Name             Origin             Length             Attributes
m_interrupts     0x00000000         0x00000400         xr
m_flash_config   0x00000400         0x00000010         xr
m_interrupts_ram 0x1fff0000         0x00000400         rw
m_text           0x00000410         0x0007fbf0         xr
m_data           0x1fff0400         0x0000fc00         rw
m_data_2         0x20000000         0x00010000         rw
*default*        0x00000000         0xffffffff

Linker script and memory map

LOAD c:/freescale/kds_2.0.0/toolchain/bin/../lib/gcc/arm-none-eabi/4.8.0/m4/fp/v4-sp-d16/crti.o
LOAD c:/freescale/kds_2.0.0/toolchain/bin/../lib/gcc/arm-none-eabi/4.8.0/m4/fp/v4-sp-d16/crtbegin.o
LOAD c:/freescale/kds_2.0.0/toolchain/bin/../lib/gcc/arm-none-eabi/4.8.0/../../../../arm-none-eabi/lib/m4/fp/v4-sp-d16/crt0.o
LOAD ./Static_Code/System/PE_low_level_init.o
LOAD ./Sources/Events.o
LOAD ./Sources/LQ_SGP18T.o
LOAD ./Sources/main.o
LOAD ./SDK/platform/utilities/src/fsl_debug_console.o
LOAD ./SDK/platform/utilities/src/print_scan.o
LOAD ./SDK/platform/system/src/interrupt/fsl_interrupt_manager.o
LOAD ./SDK/platform/system/src/clock/MK22F51212/fsl_clock_MK22F51212.o
LOAD ./SDK/platform/system/src/clock/fsl_clock_manager.o
LOAD ./SDK/platform/system/src/clock/fsl_clock_manager_common.o
LOAD ./SDK/platform/startup/MK22F51212/gcc/startup_MK22F51212.o
LOAD ./SDK/platform/startup/MK22F51212/system_MK22F51212.o
LOAD ./SDK/platform/startup/startup.o
LOAD ./SDK/platform/osa/src/fsl_os_abstraction_free_rtos.o
LOAD ./SDK/platform/hal/src/uart/fsl_uart_hal.o
LOAD ./SDK/platform/hal/src/sim/MK22F51212/fsl_sim_hal_MK22F51212.o
LOAD ./SDK/platform/hal/src/port/fsl_port_hal.o
LOAD ./SDK/platform/hal/src/osc/fsl_osc_hal.o
LOAD ./SDK/platform/hal/src/mcg/fsl_mcg_hal.o
LOAD ./SDK/platform/hal/src/mcg/fsl_mcg_hal_modes.o
LOAD ./SDK/platform/hal/src/lpuart/fsl_lpuart_hal.o
LOAD ./SDK/platform/hal/src/lptmr/fsl_lptmr_hal.o
LOAD ./SDK/platform/hal/src/gpio/fsl_gpio_hal.o
LOAD ./SDK/platform/hal/src/ftm/fsl_ftm_hal.o
LOAD ./SDK/platform/hal/src/adc16/fsl_adc16_hal.o
LOAD ./SDK/platform/drivers/src/gpio/fsl_gpio_common.o
LOAD ./SDK/platform/drivers/src/gpio/fsl_gpio_driver.o
LOAD ./SDK/platform/drivers/src/ftm/fsl_ftm_common.o
LOAD ./SDK/platform/drivers/src/ftm/fsl_ftm_driver.o
LOAD ./SDK/platform/drivers/src/adc16/fsl_adc16_common.o
LOAD ./SDK/platform/drivers/src/adc16/fsl_adc16_driver.o
LOAD ./Generated_Code/ADC0.o
LOAD ./Generated_Code/CS1.o
LOAD ./Generated_Code/Cpu.o
LOAD ./Generated_Code/DbgCs1.o
LOAD ./Generated_Code/FreeRTOS1.o
LOAD ./Generated_Code/KSDK1.o
LOAD ./Generated_Code/Timer1.o
LOAD ./Generated_Code/UTIL1.o
LOAD ./Generated_Code/WAIT1.o
LOAD ./Generated_Code/croutine.o
LOAD ./Generated_Code/event_groups.o
LOAD ./Generated_Code/gpio.o
LOAD ./Generated_Code/hardware_init.o
LOAD ./Generated_Code/heap_1.o
LOAD ./Generated_Code/heap_2.o
LOAD ./Generated_Code/heap_3.o
LOAD ./Generated_Code/heap_4.o
LOAD ./Generated_Code/heap_5.o
LOAD ./Generated_Code/list.o
LOAD ./Generated_Code/osa1.o
LOAD ./Generated_Code/pin_init.o
LOAD ./Generated_Code/port.o
LOAD ./Generated_Code/queue.o
LOAD ./Generated_Code/tasks.o
LOAD ./Generated_Code/timers.o
LOAD c:/freescale/kds_2.0.0/toolchain/bin/../lib/gcc/arm-none-eabi/4.8.0/../../../../arm-none-eabi/lib/m4/fp/v4-sp-d16\libstdc++.a
LOAD c:/freescale/kds_2.0.0/toolchain/bin/../lib/gcc/arm-none-eabi/4.8.0/../../../../arm-none-eabi/lib/m4/fp/v4-sp-d16\libm.a
START GROUP
LOAD c:/freescale/kds_2.0.0/toolchain/bin/../lib/gcc/arm-none-eabi/4.8.0/m4/fp/v4-sp-d16\libgcc.a
LOAD c:/freescale/kds_2.0.0/toolchain/bin/../lib/gcc/arm-none-eabi/4.8.0/../../../../arm-none-eabi/lib/m4/fp/v4-sp-d16\libg_s.a
LOAD c:/freescale/kds_2.0.0/toolchain/bin/../lib/gcc/arm-none-eabi/4.8.0/../../../../arm-none-eabi/lib/m4/fp/v4-sp-d16\libc_s.a
END GROUP
LOAD c:/freescale/kds_2.0.0/toolchain/bin/../lib/gcc/arm-none-eabi/4.8.0/m4/fp/v4-sp-d16/crtend.o
LOAD c:/freescale/kds_2.0.0/toolchain/bin/../lib/gcc/arm-none-eabi/4.8.0/m4/fp/v4-sp-d16/crtn.o
                0x00004000                HEAP_SIZE = DEFINED (__heap_size__)?__heap_size__:0x4000
                0x00004000                STACK_SIZE = DEFINED (__stack_size__)?__stack_size__:0x4000

.interrupts     0x00000000      0x400
                0x00000000                __VECTOR_TABLE = .
                0x00000000                . = ALIGN (0x4)
 *(.isr_vector)
 .isr_vector    0x00000000      0x400 ./SDK/platform/startup/MK22F51212/gcc/startup_MK22F51212.o
                0x00000000                __isr_vector
                0x00000400                . = ALIGN (0x4)
                0x1fff0000                __VECTOR_RAM = ORIGIN (m_interrupts_ram)

.flash_config   0x00000400       0x10
                0x00000400                . = ALIGN (0x4)
 *(.FlashConfig)
 .FlashConfig   0x00000400       0x10 ./SDK/platform/startup/MK22F51212/gcc/startup_MK22F51212.o
                0x00000410                . = ALIGN (0x4)

.text           0x00000410     0x8dcc
                0x00000410                . = ALIGN (0x4)
 *(.text)
 .text          0x00000410      0x120 c:/freescale/kds_2.0.0/toolchain/bin/../lib/gcc/arm-none-eabi/4.8.0/../../../../arm-none-eabi/lib/m4/fp/v4-sp-d16/crt0.o
                0x00000440                _start
 .text          0x00000530       0x3c ./SDK/platform/startup/MK22F51212/gcc/startup_MK22F51212.o
                0x00000530                Reset_Handler
                0x00000568                Reserved54_IRQHandler
                0x00000568                DebugMon_Handler
                0x00000568                I2C0_IRQHandler
                0x00000568                HardFault_Handler
                0x00000568                Reserved86_IRQHandler
                0x00000568                Reserved85_IRQHandler
                0x00000568                NMI_Handler
                0x00000568                UART0_RX_TX_IRQHandler
                0x00000568                I2C1_IRQHandler
                0x00000568                DMA2_IRQHandler
                0x00000568                Reserved99_IRQHandler
                0x00000568                PIT0_IRQHandler
                0x00000568                Reserved84_IRQHandler
                0x00000568                Reserved92_IRQHandler
                0x00000568                UART2_RX_TX_IRQHandler
                0x00000568                SWI_IRQHandler
                0x00000568                UsageFault_Handler
                0x00000568                I2S0_Tx_IRQHandler
                0x00000568                SPI1_IRQHandler
                0x00000568                DefaultISR
                0x00000568                DMA9_IRQHandler
                0x00000568                DMA14_IRQHandler
                0x00000568                Reserved82_IRQHandler
                0x00000568                CMP1_IRQHandler
                0x00000568                Reserved71_IRQHandler
                0x00000568                PORTD_IRQHandler
                0x00000568                PORTB_IRQHandler
                0x00000568                Reserved70_IRQHandler
                0x00000568                ADC1_IRQHandler
                0x00000568                PIT2_IRQHandler
                0x00000568                I2S0_Rx_IRQHandler
                0x00000568                Reserved53_IRQHandler
                0x00000568                DMA5_IRQHandler
                0x00000568                RTC_IRQHandler
                0x00000568                PDB0_IRQHandler
                0x00000568                Reserved96_IRQHandler
                0x00000568                FTM1_IRQHandler
                0x00000568                Reserved61_IRQHandler
                0x00000568                Reserved95_IRQHandler
                0x00000568                PIT3_IRQHandler
                0x00000568                RTC_Seconds_IRQHandler
                0x00000568                MCG_IRQHandler
                0x00000568                UART2_ERR_IRQHandler
                0x00000568                DMA11_IRQHandler
                0x00000568                Read_Collision_IRQHandler
                0x00000568                Reserved98_IRQHandler
                0x00000568                DMA7_IRQHandler
                0x00000568                Reserved101_IRQHandler
                0x00000568                USB0_IRQHandler
                0x00000568                LLW_IRQHandler
                0x00000568                WDOG_EWM_IRQHandler
                0x00000568                MemManage_Handler
                0x00000568                Reserved90_IRQHandler
                0x00000568                Reserved83_IRQHandler
                0x00000568                DMA13_IRQHandler
                0x00000568                DMA3_IRQHandler
                0x00000568                Reserved100_IRQHandler
                0x00000568                RNG_IRQHandler
                0x00000568                DMA0_IRQHandler
                0x00000568                Reserved97_IRQHandler
                0x00000568                Reserved91_IRQHandler
                0x00000568                LPUART0_IRQHandler
                0x00000568                DMA15_IRQHandler
                0x00000568                DAC0_IRQHandler
                0x00000568                Reserved81_IRQHandler
                0x00000568                Reserved94_IRQHandler
                0x00000568                DMA4_IRQHandler
                0x00000568                PIT1_IRQHandler
                0x00000568                UART0_ERR_IRQHandler
                0x00000568                DMA_Error_IRQHandler
                0x00000568                LVD_LVW_IRQHandler
                0x00000568                SPI0_IRQHandler
                0x00000568                PORTA_IRQHandler
                0x00000568                DAC1_IRQHandler
                0x00000568                MCM_IRQHandler
                0x00000568                DMA12_IRQHandler
                0x00000568                FTM3_IRQHandler
                0x00000568                PORTE_IRQHandler
                0x00000568                FTM2_IRQHandler
                0x00000568                LPTMR0_IRQHandler
                0x00000568                BusFault_Handler
                0x00000568                DMA8_IRQHandler
                0x00000568                Reserved93_IRQHandler
                0x00000568                DMA10_IRQHandler
                0x00000568                UART1_ERR_IRQHandler
                0x00000568                UART1_RX_TX_IRQHandler
                0x00000568                CMP0_IRQHandler
                0x00000568                PORTC_IRQHandler
                0x00000568                DMA6_IRQHandler
                0x00000568                FTF_IRQHandler
                0x00000568                DMA1_IRQHandler
 .text          0x0000056c       0x1c c:/freescale/kds_2.0.0/toolchain/bin/../lib/gcc/arm-none-eabi/4.8.0/../../../../arm-none-eabi/lib/m4/fp/v4-sp-d16\libg_s.a(lib_a-setjmp.o)
                0x0000056c                setjmp
                0x00000578                longjmp
 *(.text*)
 .text.deregister_tm_clones
                0x00000588       0x20 c:/freescale/kds_2.0.0/toolchain/bin/../lib/gcc/arm-none-eabi/4.8.0/m4/fp/v4-sp-d16/crtbegin.o
 .text.register_tm_clones
                0x000005a8       0x28 c:/freescale/kds_2.0.0/toolchain/bin/../lib/gcc/arm-none-eabi/4.8.0/m4/fp/v4-sp-d16/crtbegin.o
 .text.__do_global_dtors_aux
                0x000005d0       0x2c c:/freescale/kds_2.0.0/toolchain/bin/../lib/gcc/arm-none-eabi/4.8.0/m4/fp/v4-sp-d16/crtbegin.o
 .text.frame_dummy
                0x000005fc       0x38 c:/freescale/kds_2.0.0/toolchain/bin/../lib/gcc/arm-none-eabi/4.8.0/m4/fp/v4-sp-d16/crtbegin.o
 .text.PE_components_init
                0x00000634        0xc ./Static_Code/System/PE_low_level_init.o
                0x00000634                PE_components_init
 .text.PE_low_level_init
                0x00000640       0x10 ./Static_Code/System/PE_low_level_init.o
                0x00000640                PE_low_level_init
 .text.FreeRTOS1_vApplicationStackOverflowHook
                0x00000650       0x20 ./Sources/Events.o
                0x00000650                FreeRTOS1_vApplicationStackOverflowHook
 .text.FreeRTOS1_vApplicationTickHook
                0x00000670        0xc ./Sources/Events.o
                0x00000670                FreeRTOS1_vApplicationTickHook
 .text.FreeRTOS1_vApplicationIdleHook
                0x0000067c        0xc ./Sources/Events.o
                0x0000067c                FreeRTOS1_vApplicationIdleHook
 .text.FreeRTOS1_vApplicationMallocFailedHook
                0x00000688       0x1c ./Sources/Events.o
                0x00000688                FreeRTOS1_vApplicationMallocFailedHook
 .text.FTM0_IRQHandler
                0x000006a4       0x48 ./Sources/Events.o
                0x000006a4                FTM0_IRQHandler
 .text.ADC0_IRQHandler
                0x000006ec        0xc ./Sources/Events.o
                0x000006ec                ADC0_IRQHandler
 .text.ILI9163B_init
                0x000006f8      0x1b0 ./Sources/LQ_SGP18T.o
                0x000006f8                ILI9163B_init
 .text.ILI9163B_write_command
                0x000008a8       0x6c ./Sources/LQ_SGP18T.o
                0x000008a8                ILI9163B_write_command
 .text.ILI9163B_write_para8
                0x00000914       0x6c ./Sources/LQ_SGP18T.o
                0x00000914                ILI9163B_write_para8
 .text.ILI9163B_write_para16
                0x00000980       0xc8 ./Sources/LQ_SGP18T.o
                0x00000980                ILI9163B_write_para16
 .text.ILI9163B_SetPos
                0x00000a48       0x60 ./Sources/LQ_SGP18T.o
                0x00000a48                ILI9163B_SetPos
 .text.LCD_printc16
                0x00000aa8       0xa0 ./Sources/LQ_SGP18T.o
                0x00000aa8                LCD_printc16
 .text.LCD_prints16
                0x00000b48       0x40 ./Sources/LQ_SGP18T.o
                0x00000b48                LCD_prints16
 .text.FTM_HAL_SetClockPs
                0x00000b88       0x2c ./Sources/main.o
 .text.main     0x00000bb4       0xcc ./Sources/main.o
                0x00000bb4                main
 .text.System_Init
                0x00000c80       0x34 ./Sources/main.o
                0x00000c80                System_Init
 .text.vADC     0x00000cb4      0x150 ./Sources/main.o
 .text.vUI      0x00000e04       0x88 ./Sources/main.o
 .text.vDummy2  0x00000e8c       0x1c ./Sources/main.o
 .text.vMonitorTasks
                0x00000ea8       0x98 ./Sources/main.o
 .text.UART_HAL_EnableTransmitter
                0x00000f40       0x24 ./SDK/platform/utilities/src/fsl_debug_console.o
 .text.UART_HAL_EnableReceiver
                0x00000f64       0x24 ./SDK/platform/utilities/src/fsl_debug_console.o
 .text.UART_HAL_SetBitCountPerChar
                0x00000f88       0x28 ./SDK/platform/utilities/src/fsl_debug_console.o
 .text.LPUART_HAL_SetTransmitterCmd
                0x00000fb0       0x28 ./SDK/platform/utilities/src/fsl_debug_console.o
 .text.LPUART_HAL_SetReceiverCmd
                0x00000fd8       0x28 ./SDK/platform/utilities/src/fsl_debug_console.o
 .text.LPUART_HAL_SetStopBitCount
                0x00001000       0x24 ./SDK/platform/utilities/src/fsl_debug_console.o
 .text.SIM_HAL_EnableClock
                0x00001024       0x44 ./SDK/platform/utilities/src/fsl_debug_console.o
 .text.CLOCK_SYS_EnableLpuartClock
                0x00001068       0x1c ./SDK/platform/utilities/src/fsl_debug_console.o
 .text.DbgConsole_Init
                0x00001084      0x1c0 ./SDK/platform/utilities/src/fsl_debug_console.o
                0x00001084                DbgConsole_Init
 .text._write   0x00001244       0x68 ./SDK/platform/utilities/src/fsl_debug_console.o
                0x00001244                _write
 .text._read    0x000012ac       0x54 ./SDK/platform/utilities/src/fsl_debug_console.o
                0x000012ac                _read
 .text.debug_printf
                0x00001300       0x38 ./SDK/platform/utilities/src/fsl_debug_console.o
                0x00001300                debug_printf
 .text.debug_putc
                0x00001338       0x3c ./SDK/platform/utilities/src/fsl_debug_console.o
 .text._doprint
                0x00001374      0x750 ./SDK/platform/utilities/src/print_scan.o
                0x00001374                _doprint
 .text.mknumstr
                0x00001ac4      0x110 ./SDK/platform/utilities/src/print_scan.o
 .text.fput_pad
                0x00001bd4       0x40 ./SDK/platform/utilities/src/print_scan.o
 .text.SIM_HAL_EnableClock
                0x00001c14       0x44 ./SDK/platform/system/src/clock/MK22F51212/fsl_clock_MK22F51212.o
 .text.CLOCK_HAL_GetLpuartSrc
                0x00001c58       0x28 ./SDK/platform/system/src/clock/MK22F51212/fsl_clock_MK22F51212.o
 .text.CLOCK_HAL_GetPllfllSel
                0x00001c80       0x28 ./SDK/platform/system/src/clock/MK22F51212/fsl_clock_MK22F51212.o
 .text.CLOCK_HAL_GetOutDiv1
                0x00001ca8       0x24 ./SDK/platform/system/src/clock/MK22F51212/fsl_clock_MK22F51212.o
 .text.CLOCK_HAL_GetOutDiv2
                0x00001ccc       0x28 ./SDK/platform/system/src/clock/MK22F51212/fsl_clock_MK22F51212.o
 .text.CLOCK_SYS_GetSystemClockFreq
                0x00001cf4       0x2c ./SDK/platform/system/src/clock/MK22F51212/fsl_clock_MK22F51212.o
                0x00001cf4                CLOCK_SYS_GetSystemClockFreq
 .text.CLOCK_SYS_GetBusClockFreq
                0x00001d20       0x2c ./SDK/platform/system/src/clock/MK22F51212/fsl_clock_MK22F51212.o
                0x00001d20                CLOCK_SYS_GetBusClockFreq
 .text.CLOCK_SYS_GetPllFllClockFreq
                0x00001d4c       0x60 ./SDK/platform/system/src/clock/MK22F51212/fsl_clock_MK22F51212.o
                0x00001d4c                CLOCK_SYS_GetPllFllClockFreq
 .text.CLOCK_SYS_GetOsc0ExternalRefClockUndivFreq
                0x00001dac       0x2c ./SDK/platform/system/src/clock/MK22F51212/fsl_clock_MK22F51212.o
                0x00001dac                CLOCK_SYS_GetOsc0ExternalRefClockUndivFreq
 .text.CLOCK_SYS_GetOsc0ExternalRefClockFreq
                0x00001dd8       0x24 ./SDK/platform/system/src/clock/MK22F51212/fsl_clock_MK22F51212.o
                0x00001dd8                CLOCK_SYS_GetOsc0ExternalRefClockFreq
 .text.CLOCK_SYS_GetLpuartFreq
                0x00001dfc       0x58 ./SDK/platform/system/src/clock/MK22F51212/fsl_clock_MK22F51212.o
                0x00001dfc                CLOCK_SYS_GetLpuartFreq
 .text.CLOCK_SYS_GetUartFreq
                0x00001e54       0x34 ./SDK/platform/system/src/clock/MK22F51212/fsl_clock_MK22F51212.o
                0x00001e54                CLOCK_SYS_GetUartFreq
 .text.CLOCK_SYS_EnablePortClock
                0x00001e88       0x50 ./SDK/platform/system/src/clock/MK22F51212/fsl_clock_MK22F51212.o
                0x00001e88                CLOCK_SYS_EnablePortClock
 .text.CLOCK_SYS_EnableAdcClock
                0x00001ed8       0x50 ./SDK/platform/system/src/clock/MK22F51212/fsl_clock_MK22F51212.o
                0x00001ed8                CLOCK_SYS_EnableAdcClock
 .text.CLOCK_SYS_EnableFtmClock
                0x00001f28       0x50 ./SDK/platform/system/src/clock/MK22F51212/fsl_clock_MK22F51212.o
                0x00001f28                CLOCK_SYS_EnableFtmClock
 .text.CLOCK_SYS_EnableUartClock
                0x00001f78       0x50 ./SDK/platform/system/src/clock/MK22F51212/fsl_clock_MK22F51212.o
                0x00001f78                CLOCK_SYS_EnableUartClock
 .text.SystemInit
                0x00001fc8      0x2ac ./SDK/platform/startup/MK22F51212/system_MK22F51212.o
                0x00001fc8                SystemInit
 .text.init_data_bss
                0x00002274       0xfc ./SDK/platform/startup/startup.o
                0x00002274                init_data_bss
 .text.UART_HAL_IsTxDataRegEmpty
                0x00002370       0x30 ./SDK/platform/hal/src/uart/fsl_uart_hal.o
 .text.UART_HAL_IsRxDataRegFull
                0x000023a0       0x30 ./SDK/platform/hal/src/uart/fsl_uart_hal.o
 .text.UART_HAL_SetBaudRate
                0x000023d0       0xa4 ./SDK/platform/hal/src/uart/fsl_uart_hal.o
                0x000023d0                UART_HAL_SetBaudRate
 .text.UART_HAL_SetParityMode
                0x00002474       0x40 ./SDK/platform/hal/src/uart/fsl_uart_hal.o
                0x00002474                UART_HAL_SetParityMode
 .text.UART_HAL_Putchar
                0x000024b4       0x24 ./SDK/platform/hal/src/uart/fsl_uart_hal.o
                0x000024b4                UART_HAL_Putchar
 .text.UART_HAL_Getchar
                0x000024d8       0x28 ./SDK/platform/hal/src/uart/fsl_uart_hal.o
                0x000024d8                UART_HAL_Getchar
 .text.UART_HAL_SendDataPolling
                0x00002500       0x44 ./SDK/platform/hal/src/uart/fsl_uart_hal.o
                0x00002500                UART_HAL_SendDataPolling
 .text.UART_HAL_ReceiveDataPolling
                0x00002544       0x6c ./SDK/platform/hal/src/uart/fsl_uart_hal.o
                0x00002544                UART_HAL_ReceiveDataPolling
 .text.OSC_HAL_GetExternalRefClkCmd
                0x000025b0       0x2c ./SDK/platform/hal/src/osc/fsl_osc_hal.o
                0x000025b0                OSC_HAL_GetExternalRefClkCmd
 .text.OSC_HAL_GetExternalRefClkDivCmd
                0x000025dc       0x20 ./SDK/platform/hal/src/osc/fsl_osc_hal.o
                0x000025dc                OSC_HAL_GetExternalRefClkDivCmd
 .text.CLOCK_HAL_GetClkSrcMode
                0x000025fc       0x20 ./SDK/platform/hal/src/mcg/fsl_mcg_hal.o
 .text.CLOCK_HAL_GetFllExternalRefDiv
                0x0000261c       0x24 ./SDK/platform/hal/src/mcg/fsl_mcg_hal.o
 .text.CLOCK_HAL_GetInternalRefSelMode
                0x00002640       0x24 ./SDK/platform/hal/src/mcg/fsl_mcg_hal.o
 .text.CLOCK_HAL_GetInternalClkCmd
                0x00002664       0x2c ./SDK/platform/hal/src/mcg/fsl_mcg_hal.o
 .text.CLOCK_HAL_GetRange0Mode
                0x00002690       0x24 ./SDK/platform/hal/src/mcg/fsl_mcg_hal.o
 .text.CLOCK_HAL_GetInternalRefClkSelMode
                0x000026b4       0x24 ./SDK/platform/hal/src/mcg/fsl_mcg_hal.o
 .text.CLOCK_HAL_GetDmx32
                0x000026d8       0x24 ./SDK/platform/hal/src/mcg/fsl_mcg_hal.o
 .text.CLOCK_HAL_GetDcoRangeMode
                0x000026fc       0x24 ./SDK/platform/hal/src/mcg/fsl_mcg_hal.o
 .text.CLOCK_HAL_GetPllExternalRefDiv0
                0x00002720       0x20 ./SDK/platform/hal/src/mcg/fsl_mcg_hal.o
 .text.CLOCK_HAL_GetPllSelMode
                0x00002740       0x24 ./SDK/platform/hal/src/mcg/fsl_mcg_hal.o
 .text.CLOCK_HAL_GetVoltCtrlOscDiv0
                0x00002764       0x20 ./SDK/platform/hal/src/mcg/fsl_mcg_hal.o
 .text.CLOCK_HAL_GetFastClkInternalRefDiv
                0x00002784       0x24 ./SDK/platform/hal/src/mcg/fsl_mcg_hal.o
 .text.CLOCK_HAL_GetOscselMode
                0x000027a8       0x20 ./SDK/platform/hal/src/mcg/fsl_mcg_hal.o
 .text.CLOCK_HAL_TestOscFreq
                0x000027c8       0x58 ./SDK/platform/hal/src/mcg/fsl_mcg_hal.o
                0x000027c8                CLOCK_HAL_TestOscFreq
 .text.CLOCK_HAL_GetMcgExternalClkFreq
                0x00002820       0x24 ./SDK/platform/hal/src/mcg/fsl_mcg_hal.o
 .text.CLOCK_HAL_TestFllExternalRefFreq
                0x00002844       0x94 ./SDK/platform/hal/src/mcg/fsl_mcg_hal.o
                0x00002844                CLOCK_HAL_TestFllExternalRefFreq
 .text.CLOCK_HAL_GetFllRefClk
                0x000028d8       0x60 ./SDK/platform/hal/src/mcg/fsl_mcg_hal.o
                0x000028d8                CLOCK_HAL_GetFllRefClk
 .text.CLOCK_HAL_TestFllFreq
                0x00002938       0x60 ./SDK/platform/hal/src/mcg/fsl_mcg_hal.o
                0x00002938                CLOCK_HAL_TestFllFreq
 .text.CLOCK_HAL_GetFllClk
                0x00002998       0x44 ./SDK/platform/hal/src/mcg/fsl_mcg_hal.o
                0x00002998                CLOCK_HAL_GetFllClk
 .text.CLOCK_HAL_GetPll0RefFreq
                0x000029dc       0x18 ./SDK/platform/hal/src/mcg/fsl_mcg_hal.o
                0x000029dc                CLOCK_HAL_GetPll0RefFreq
 .text.CLOCK_HAL_GetPll0Clk
                0x000029f4       0x48 ./SDK/platform/hal/src/mcg/fsl_mcg_hal.o
                0x000029f4                CLOCK_HAL_GetPll0Clk
 .text.CLOCK_HAL_GetInternalRefClk
                0x00002a3c       0x5c ./SDK/platform/hal/src/mcg/fsl_mcg_hal.o
                0x00002a3c                CLOCK_HAL_GetInternalRefClk
 .text.CLOCK_HAL_GetOutClk
                0x00002a98       0x64 ./SDK/platform/hal/src/mcg/fsl_mcg_hal.o
                0x00002a98                CLOCK_HAL_GetOutClk
 .text.LPUART_HAL_Putchar
                0x00002afc       0x20 ./SDK/platform/hal/src/lpuart/fsl_lpuart_hal.o
 .text.LPUART_HAL_Getchar
                0x00002b1c       0x20 ./SDK/platform/hal/src/lpuart/fsl_lpuart_hal.o
 .text.LPUART_HAL_IsTxDataRegEmpty
                0x00002b3c       0x2c ./SDK/platform/hal/src/lpuart/fsl_lpuart_hal.o
 .text.LPUART_HAL_IsRxDataRegFull
                0x00002b68       0x2c ./SDK/platform/hal/src/lpuart/fsl_lpuart_hal.o
 .text.LPUART_HAL_SetBaudRate
                0x00002b94      0x124 ./SDK/platform/hal/src/lpuart/fsl_lpuart_hal.o
                0x00002b94                LPUART_HAL_SetBaudRate
 .text.LPUART_HAL_SetBitCountPerChar
                0x00002cb8       0x4c ./SDK/platform/hal/src/lpuart/fsl_lpuart_hal.o
                0x00002cb8                LPUART_HAL_SetBitCountPerChar
 .text.LPUART_HAL_SetParityMode
                0x00002d04       0x3c ./SDK/platform/hal/src/lpuart/fsl_lpuart_hal.o
                0x00002d04                LPUART_HAL_SetParityMode
 .text.LPUART_HAL_SendDataPolling
                0x00002d40       0x44 ./SDK/platform/hal/src/lpuart/fsl_lpuart_hal.o
                0x00002d40                LPUART_HAL_SendDataPolling
 .text.LPUART_HAL_ReceiveDataPolling
                0x00002d84       0x70 ./SDK/platform/hal/src/lpuart/fsl_lpuart_hal.o
                0x00002d84                LPUART_HAL_ReceiveDataPolling
 .text.GPIO_HAL_SetPinDir
                0x00002df4       0x70 ./SDK/platform/hal/src/gpio/fsl_gpio_hal.o
                0x00002df4                GPIO_HAL_SetPinDir
 .text.GPIO_HAL_WritePinOutput
                0x00002e64       0x5c ./SDK/platform/hal/src/gpio/fsl_gpio_hal.o
                0x00002e64                GPIO_HAL_WritePinOutput
 .text.FTM_HAL_SetClockPs
                0x00002ec0       0x2c ./SDK/platform/hal/src/ftm/fsl_ftm_hal.o
 .text.FTM_HAL_Enable
                0x00002eec       0x54 ./SDK/platform/hal/src/ftm/fsl_ftm_hal.o
 .text.FTM_HAL_SetOutmaskPwmSyncModeCmd
                0x00002f40       0x28 ./SDK/platform/hal/src/ftm/fsl_ftm_hal.o
 .text.FTM_HAL_SetDualChnPwmSyncCmd
                0x00002f68       0x78 ./SDK/platform/hal/src/ftm/fsl_ftm_hal.o
 .text.FTM_HAL_SetSwoctrlHardwareSyncModeCmd
                0x00002fe0       0x28 ./SDK/platform/hal/src/ftm/fsl_ftm_hal.o
 .text.FTM_HAL_SetInvctrlHardwareSyncModeCmd
                0x00003008       0x28 ./SDK/platform/hal/src/ftm/fsl_ftm_hal.o
 .text.FTM_HAL_SetOutmaskHardwareSyncModeCmd
                0x00003030       0x28 ./SDK/platform/hal/src/ftm/fsl_ftm_hal.o
 .text.FTM_HAL_SetModCntinCvHardwareSyncModeCmd
                0x00003058       0x28 ./SDK/platform/hal/src/ftm/fsl_ftm_hal.o
 .text.FTM_HAL_SetCounterHardwareSyncModeCmd
                0x00003080       0x24 ./SDK/platform/hal/src/ftm/fsl_ftm_hal.o
 .text.FTM_HAL_SetSwoctrlSoftwareSyncModeCmd
                0x000030a4       0x28 ./SDK/platform/hal/src/ftm/fsl_ftm_hal.o
 .text.FTM_HAL_SetInvctrlSoftwareSyncModeCmd
                0x000030cc       0x28 ./SDK/platform/hal/src/ftm/fsl_ftm_hal.o
 .text.FTM_HAL_SetOutmaskSoftwareSyncModeCmd
                0x000030f4       0x28 ./SDK/platform/hal/src/ftm/fsl_ftm_hal.o
 .text.FTM_HAL_SetModCntinCvSoftwareSyncModeCmd
                0x0000311c       0x28 ./SDK/platform/hal/src/ftm/fsl_ftm_hal.o
 .text.FTM_HAL_SetCounterSoftwareSyncModeCmd
                0x00003144       0x24 ./SDK/platform/hal/src/ftm/fsl_ftm_hal.o
 .text.FTM_HAL_SetPwmSyncModeCmd
                0x00003168       0x28 ./SDK/platform/hal/src/ftm/fsl_ftm_hal.o
 .text.FTM_HAL_SetSwoctrlPwmSyncModeCmd
                0x00003190       0x28 ./SDK/platform/hal/src/ftm/fsl_ftm_hal.o
 .text.FTM_HAL_SetInvctrlPwmSyncModeCmd
                0x000031b8       0x28 ./SDK/platform/hal/src/ftm/fsl_ftm_hal.o
 .text.FTM_HAL_SetCntinPwmSyncModeCmd
                0x000031e0       0x28 ./SDK/platform/hal/src/ftm/fsl_ftm_hal.o
 .text.FTM_HAL_Init
                0x00003208       0x20 ./SDK/platform/hal/src/ftm/fsl_ftm_hal.o
                0x00003208                FTM_HAL_Init
 .text.FTM_HAL_SetSyncMode
                0x00003228      0x138 ./SDK/platform/hal/src/ftm/fsl_ftm_hal.o
                0x00003228                FTM_HAL_SetSyncMode
 .text.FTM_HAL_Reset
                0x00003360       0xc0 ./SDK/platform/hal/src/ftm/fsl_ftm_hal.o
                0x00003360                FTM_HAL_Reset
 .text.ADC16_HAL_Init
                0x00003420       0x44 ./SDK/platform/hal/src/adc16/fsl_adc16_hal.o
                0x00003420                ADC16_HAL_Init
 .text.NVIC_EnableIRQ
                0x00003464       0x34 ./SDK/platform/drivers/src/gpio/fsl_gpio_driver.o
 .text.PORT_HAL_SetPullMode
                0x00003498       0x4c ./SDK/platform/drivers/src/gpio/fsl_gpio_driver.o
 .text.PORT_HAL_SetPullCmd
                0x000034e4       0x4c ./SDK/platform/drivers/src/gpio/fsl_gpio_driver.o
 .text.PORT_HAL_SetSlewRateMode
                0x00003530       0x4c ./SDK/platform/drivers/src/gpio/fsl_gpio_driver.o
 .text.PORT_HAL_SetPassiveFilterCmd
                0x0000357c       0x4c ./SDK/platform/drivers/src/gpio/fsl_gpio_driver.o
 .text.PORT_HAL_SetOpenDrainCmd
                0x000035c8       0x4c ./SDK/platform/drivers/src/gpio/fsl_gpio_driver.o
 .text.PORT_HAL_SetDriveStrengthMode
                0x00003614       0x4c ./SDK/platform/drivers/src/gpio/fsl_gpio_driver.o
 .text.PORT_HAL_SetDigitalFilterCmd
                0x00003660       0x50 ./SDK/platform/drivers/src/gpio/fsl_gpio_driver.o
 .text.PORT_HAL_SetPinIntMode
                0x000036b0       0x5c ./SDK/platform/drivers/src/gpio/fsl_gpio_driver.o
 .text.GPIO_HAL_TogglePinOutput
                0x0000370c       0x44 ./SDK/platform/drivers/src/gpio/fsl_gpio_driver.o
 .text.INT_SYS_EnableIRQ
                0x00003750       0x68 ./SDK/platform/drivers/src/gpio/fsl_gpio_driver.o
 .text.GPIO_DRV_Init
                0x000037b8       0x50 ./SDK/platform/drivers/src/gpio/fsl_gpio_driver.o
                0x000037b8                GPIO_DRV_Init
 .text.GPIO_DRV_InputPinInit
                0x00003808       0xc8 ./SDK/platform/drivers/src/gpio/fsl_gpio_driver.o
                0x00003808                GPIO_DRV_InputPinInit
 .text.GPIO_DRV_OutputPinInit
                0x000038d0       0x88 ./SDK/platform/drivers/src/gpio/fsl_gpio_driver.o
                0x000038d0                GPIO_DRV_OutputPinInit
 .text.GPIO_DRV_WritePinOutput
                0x00003958       0x34 ./SDK/platform/drivers/src/gpio/fsl_gpio_driver.o
                0x00003958                GPIO_DRV_WritePinOutput
 .text.GPIO_DRV_TogglePinOutput
                0x0000398c       0x30 ./SDK/platform/drivers/src/gpio/fsl_gpio_driver.o
                0x0000398c                GPIO_DRV_TogglePinOutput
 .text.NVIC_EnableIRQ
                0x000039bc       0x34 ./SDK/platform/drivers/src/ftm/fsl_ftm_driver.o
 .text.NVIC_ClearPendingIRQ
                0x000039f0       0x34 ./SDK/platform/drivers/src/ftm/fsl_ftm_driver.o
 .text.FTM_HAL_SetClockSource
                0x00003a24       0x2c ./SDK/platform/drivers/src/ftm/fsl_ftm_driver.o
 .text.FTM_HAL_EnableTimerOverflowInt
                0x00003a50       0x20 ./SDK/platform/drivers/src/ftm/fsl_ftm_driver.o
 .text.FTM_HAL_DisableTimerOverflowInt
                0x00003a70       0x20 ./SDK/platform/drivers/src/ftm/fsl_ftm_driver.o
 .text.FTM_HAL_IsOverflowIntEnabled
                0x00003a90       0x2c ./SDK/platform/drivers/src/ftm/fsl_ftm_driver.o
 .text.FTM_HAL_ClearTimerOverflow
                0x00003abc       0x20 ./SDK/platform/drivers/src/ftm/fsl_ftm_driver.o
 .text.FTM_HAL_SetCpwms
                0x00003adc       0x48 ./SDK/platform/drivers/src/ftm/fsl_ftm_driver.o
 .text.FTM_HAL_SetCounter
                0x00003b24       0x2c ./SDK/platform/drivers/src/ftm/fsl_ftm_driver.o
 .text.FTM_HAL_GetCounter
                0x00003b50       0x1c ./SDK/platform/drivers/src/ftm/fsl_ftm_driver.o
 .text.FTM_HAL_SetMod
                0x00003b6c       0x2c ./SDK/platform/drivers/src/ftm/fsl_ftm_driver.o
 .text.FTM_HAL_SetCounterInitVal
                0x00003b98       0x2c ./SDK/platform/drivers/src/ftm/fsl_ftm_driver.o
 .text.FTM_HAL_SetChnEdgeLevel
                0x00003bc4       0x84 ./SDK/platform/drivers/src/ftm/fsl_ftm_driver.o
 .text.FTM_HAL_EnableFaultInt
                0x00003c48       0x24 ./SDK/platform/drivers/src/ftm/fsl_ftm_driver.o
 .text.FTM_HAL_DisableFaultInt
                0x00003c6c       0x24 ./SDK/platform/drivers/src/ftm/fsl_ftm_driver.o
 .text.FTM_HAL_SetWriteProtectionCmd
                0x00003c90       0x40 ./SDK/platform/drivers/src/ftm/fsl_ftm_driver.o
 .text.FTM_HAL_SetQuadDecoderCmd
                0x00003cd0       0x24 ./SDK/platform/drivers/src/ftm/fsl_ftm_driver.o
 .text.FTM_HAL_SetBdmMode
                0x00003cf4       0x30 ./SDK/platform/drivers/src/ftm/fsl_ftm_driver.o
 .text.FTM_HAL_SetTofFreq
                0x00003d24       0x30 ./SDK/platform/drivers/src/ftm/fsl_ftm_driver.o
 .text.INT_SYS_EnableIRQ
                0x00003d54       0x68 ./SDK/platform/drivers/src/ftm/fsl_ftm_driver.o
 .text.FTM_DRV_Init
                0x00003dbc      0x140 ./SDK/platform/drivers/src/ftm/fsl_ftm_driver.o
                0x00003dbc                FTM_DRV_Init
 .text.FTM_DRV_SetFaultIntCmd
                0x00003efc       0x44 ./SDK/platform/drivers/src/ftm/fsl_ftm_driver.o
                0x00003efc                FTM_DRV_SetFaultIntCmd
 .text.FTM_DRV_SetTimeOverflowIntCmd
                0x00003f40       0x44 ./SDK/platform/drivers/src/ftm/fsl_ftm_driver.o
                0x00003f40                FTM_DRV_SetTimeOverflowIntCmd
 .text.FTM_DRV_CounterStart
                0x00003f84      0x108 ./SDK/platform/drivers/src/ftm/fsl_ftm_driver.o
                0x00003f84                FTM_DRV_CounterStart
 .text.FTM_DRV_CounterRead
                0x0000408c       0x4c ./SDK/platform/drivers/src/ftm/fsl_ftm_driver.o
                0x0000408c                FTM_DRV_CounterRead
 .text.FTM_DRV_IRQHandler
                0x000040d8       0x34 ./SDK/platform/drivers/src/ftm/fsl_ftm_driver.o
                0x000040d8                FTM_DRV_IRQHandler
 .text.NVIC_EnableIRQ
                0x0000410c       0x34 ./SDK/platform/drivers/src/adc16/fsl_adc16_driver.o
 .text.NVIC_DisableIRQ
                0x00004140       0x34 ./SDK/platform/drivers/src/adc16/fsl_adc16_driver.o
 .text.ADC16_HAL_ConfigChn
                0x00004174       0x68 ./SDK/platform/drivers/src/adc16/fsl_adc16_driver.o
 .text.ADC16_HAL_GetChnConvCompletedCmd
                0x000041dc       0x54 ./SDK/platform/drivers/src/adc16/fsl_adc16_driver.o
 .text.ADC16_HAL_SetLowPowerCmd
                0x00004230       0x34 ./SDK/platform/drivers/src/adc16/fsl_adc16_driver.o
 .text.ADC16_HAL_SetClkDividerMode
                0x00004264       0x30 ./SDK/platform/drivers/src/adc16/fsl_adc16_driver.o
 .text.ADC16_HAL_SetLongSampleCmd
                0x00004294       0x34 ./SDK/platform/drivers/src/adc16/fsl_adc16_driver.o
 .text.ADC16_HAL_SetResolutionMode
                0x000042c8       0x30 ./SDK/platform/drivers/src/adc16/fsl_adc16_driver.o
 .text.ADC16_HAL_SetClkSrcMode
                0x000042f8       0x30 ./SDK/platform/drivers/src/adc16/fsl_adc16_driver.o
 .text.ADC16_HAL_SetChnMuxMode
                0x00004328       0x30 ./SDK/platform/drivers/src/adc16/fsl_adc16_driver.o
 .text.ADC16_HAL_GetChnMuxMode
                0x00004358       0x24 ./SDK/platform/drivers/src/adc16/fsl_adc16_driver.o
 .text.ADC16_HAL_SetAsyncClkCmd
                0x0000437c       0x34 ./SDK/platform/drivers/src/adc16/fsl_adc16_driver.o
 .text.ADC16_HAL_SetHighSpeedCmd
                0x000043b0       0x34 ./SDK/platform/drivers/src/adc16/fsl_adc16_driver.o
 .text.ADC16_HAL_SetLongSampleCycleMode
                0x000043e4       0x30 ./SDK/platform/drivers/src/adc16/fsl_adc16_driver.o
 .text.ADC16_HAL_GetChnConvValueRAW
                0x00004414       0x48 ./SDK/platform/drivers/src/adc16/fsl_adc16_driver.o
 .text.ADC16_HAL_SetHwTriggerCmd
                0x0000445c       0x34 ./SDK/platform/drivers/src/adc16/fsl_adc16_driver.o
 .text.ADC16_HAL_SetDmaCmd
                0x00004490       0x34 ./SDK/platform/drivers/src/adc16/fsl_adc16_driver.o
 .text.ADC16_HAL_SetRefVoltSrcMode
                0x000044c4       0x30 ./SDK/platform/drivers/src/adc16/fsl_adc16_driver.o
 .text.ADC16_HAL_SetContinuousConvCmd
                0x000044f4       0x34 ./SDK/platform/drivers/src/adc16/fsl_adc16_driver.o
 .text.ADC16_HAL_SetHwAverageCmd
                0x00004528       0x34 ./SDK/platform/drivers/src/adc16/fsl_adc16_driver.o
 .text.ADC16_HAL_SetHwAverageMode
                0x0000455c       0x30 ./SDK/platform/drivers/src/adc16/fsl_adc16_driver.o
 .text.INT_SYS_EnableIRQ
                0x0000458c       0x68 ./SDK/platform/drivers/src/adc16/fsl_adc16_driver.o
 .text.INT_SYS_DisableIRQ
                0x000045f4       0x68 ./SDK/platform/drivers/src/adc16/fsl_adc16_driver.o
 .text.ADC16_DRV_Init
                0x0000465c      0x10c ./SDK/platform/drivers/src/adc16/fsl_adc16_driver.o
                0x0000465c                ADC16_DRV_Init
 .text.ADC16_DRV_EnableLongSample
                0x00004768       0x5c ./SDK/platform/drivers/src/adc16/fsl_adc16_driver.o
                0x00004768                ADC16_DRV_EnableLongSample
 .text.ADC16_DRV_EnableHwAverage
                0x000047c4       0x5c ./SDK/platform/drivers/src/adc16/fsl_adc16_driver.o
                0x000047c4                ADC16_DRV_EnableHwAverage
 .text.ADC16_DRV_ConfigConvChn
                0x00004820       0x8c ./SDK/platform/drivers/src/adc16/fsl_adc16_driver.o
                0x00004820                ADC16_DRV_ConfigConvChn
 .text.ADC16_DRV_WaitConvDone
                0x000048ac       0x5c ./SDK/platform/drivers/src/adc16/fsl_adc16_driver.o
                0x000048ac                ADC16_DRV_WaitConvDone
 .text.ADC16_DRV_GetConvValueRAW
                0x00004908       0x54 ./SDK/platform/drivers/src/adc16/fsl_adc16_driver.o
                0x00004908                ADC16_DRV_GetConvValueRAW
 .text.NVIC_SetPriority
                0x0000495c       0x58 ./Generated_Code/Cpu.o
 .text.Components_Init
                0x000049b4       0x6c ./Generated_Code/Cpu.o
                0x000049b4                Components_Init
 .text.UTIL1_strcat
                0x00004a20       0x64 ./Generated_Code/UTIL1.o
                0x00004a20                UTIL1_strcat
 .text.UTIL1_chcat
                0x00004a84       0x50 ./Generated_Code/UTIL1.o
                0x00004a84                UTIL1_chcat
 .text.UTIL1_strcatNum32u
                0x00004ad4       0x30 ./Generated_Code/UTIL1.o
                0x00004ad4                UTIL1_strcatNum32u
 .text.UTIL1_Num32uToStr
                0x00004b04       0xec ./Generated_Code/UTIL1.o
                0x00004b04                UTIL1_Num32uToStr
 .text.hardware_init
                0x00004bf0       0x5c ./Generated_Code/hardware_init.o
                0x00004bf0                hardware_init
 .text.pvPortMalloc
                0x00004c4c      0x144 ./Generated_Code/heap_2.o
                0x00004c4c                pvPortMalloc
 .text.vPortFree
                0x00004d90       0x7c ./Generated_Code/heap_2.o
                0x00004d90                vPortFree
 .text.prvHeapInit
                0x00004e0c       0x68 ./Generated_Code/heap_2.o
 .text.vListInitialise
                0x00004e74       0x40 ./Generated_Code/list.o
                0x00004e74                vListInitialise
 .text.vListInitialiseItem
                0x00004eb4       0x18 ./Generated_Code/list.o
                0x00004eb4                vListInitialiseItem
 .text.vListInsertEnd
                0x00004ecc       0x48 ./Generated_Code/list.o
                0x00004ecc                vListInsertEnd
 .text.vListInsert
                0x00004f14       0x70 ./Generated_Code/list.o
                0x00004f14                vListInsert
 .text.uxListRemove
                0x00004f84       0x54 ./Generated_Code/list.o
                0x00004f84                uxListRemove
 .text.PORT_HAL_SetPullMode
                0x00004fd8       0x4c ./Generated_Code/pin_init.o
 .text.PORT_HAL_SetPullCmd
                0x00005024       0x4c ./Generated_Code/pin_init.o
 .text.PORT_HAL_SetSlewRateMode
                0x00005070       0x4c ./Generated_Code/pin_init.o
 .text.PORT_HAL_SetOpenDrainCmd
                0x000050bc       0x4c ./Generated_Code/pin_init.o
 .text.PORT_HAL_SetDriveStrengthMode
                0x00005108       0x4c ./Generated_Code/pin_init.o
 .text.PORT_HAL_SetMuxMode
                0x00005154       0x5c ./Generated_Code/pin_init.o
 .text.configure_gpio_pins
                0x000051b0      0x1a0 ./Generated_Code/pin_init.o
                0x000051b0                configure_gpio_pins
 .text.configure_jtag_pins
                0x00005350       0x30 ./Generated_Code/pin_init.o
                0x00005350                configure_jtag_pins
 .text.configure_llwu_pins
                0x00005380       0xb0 ./Generated_Code/pin_init.o
                0x00005380                configure_llwu_pins
 .text.configure_osc_pins
                0x00005430       0x30 ./Generated_Code/pin_init.o
                0x00005430                configure_osc_pins
 .text.configure_uart_pins
                0x00005460       0x38 ./Generated_Code/pin_init.o
                0x00005460                configure_uart_pins
 .text.pxPortInitialiseStack
                0x00005498       0x60 ./Generated_Code/port.o
                0x00005498                pxPortInitialiseStack
 .text.vPortInitTickTimer
                0x000054f8       0x60 ./Generated_Code/port.o
                0x000054f8                vPortInitTickTimer
 .text.vPortStartTickTimer
                0x00005558       0x18 ./Generated_Code/port.o
                0x00005558                vPortStartTickTimer
 .text.vPortStopTickTimer
                0x00005570       0x18 ./Generated_Code/port.o
                0x00005570                vPortStopTickTimer
 .text.vPortEnableVFP
                0x00005588       0x1c ./Generated_Code/port.o
                0x00005588                vPortEnableVFP
 .text.xPortStartScheduler
                0x000055a4       0x6c ./Generated_Code/port.o
                0x000055a4                xPortStartScheduler
 .text.vPortEnterCritical
                0x00005610       0x34 ./Generated_Code/port.o
                0x00005610                vPortEnterCritical
 .text.vPortExitCritical
                0x00005644       0x38 ./Generated_Code/port.o
                0x00005644                vPortExitCritical
 .text.vPortYieldFromISR
                0x0000567c       0x24 ./Generated_Code/port.o
                0x0000567c                vPortYieldFromISR
 .text.SysTick_Handler
                0x000056a0       0x24 ./Generated_Code/port.o
                0x000056a0                SysTick_Handler
 .text.vPortStartFirstTask
                0x000056c4       0x20 ./Generated_Code/port.o
                0x000056c4                vPortStartFirstTask
 .text.SVC_Handler
                0x000056e4       0x1c ./Generated_Code/port.o
                0x000056e4                SVC_Handler
 .text.PendSV_Handler
                0x00005700       0x50 ./Generated_Code/port.o
                0x00005700                PendSV_Handler
 .text.xTaskGenericCreate
                0x00005750      0x1bc ./Generated_Code/tasks.o
                0x00005750                xTaskGenericCreate
 .text.vTaskDelay
                0x0000590c       0x6c ./Generated_Code/tasks.o
                0x0000590c                vTaskDelay
 .text.vTaskStartScheduler
                0x00005978       0x74 ./Generated_Code/tasks.o
                0x00005978                vTaskStartScheduler
 .text.vTaskSuspendAll
                0x000059ec       0x24 ./Generated_Code/tasks.o
                0x000059ec                vTaskSuspendAll
 .text.xTaskResumeAll
                0x00005a10      0x15c ./Generated_Code/tasks.o
                0x00005a10                xTaskResumeAll
 .text.xTaskGetTickCount
                0x00005b6c       0x24 ./Generated_Code/tasks.o
                0x00005b6c                xTaskGetTickCount
 .text.uxTaskGetSystemState
                0x00005b90       0xe8 ./Generated_Code/tasks.o
                0x00005b90                uxTaskGetSystemState
 .text.xTaskIncrementTick
                0x00005c78      0x1f4 ./Generated_Code/tasks.o
                0x00005c78                xTaskIncrementTick
 .text.vTaskSwitchContext
                0x00005e6c      0x1b4 ./Generated_Code/tasks.o
                0x00005e6c                vTaskSwitchContext
 .text.prvIdleTask
                0x00006020       0x24 ./Generated_Code/tasks.o
 .text.prvInitialiseTCBVariables
                0x00006044       0xa8 ./Generated_Code/tasks.o
 .text.prvInitialiseTaskLists
                0x000060ec       0x8c ./Generated_Code/tasks.o
 .text.prvCheckTasksWaitingTermination
                0x00006178        0xc ./Generated_Code/tasks.o
 .text.prvAddCurrentTaskToDelayedList
                0x00006184       0x88 ./Generated_Code/tasks.o
 .text.prvAllocateTCBAndStack
                0x0000620c       0x70 ./Generated_Code/tasks.o
 .text.prvListTaskWithinSingleList
                0x0000627c      0x118 ./Generated_Code/tasks.o
 .text.prvTaskCheckFreeStackSpace
                0x00006394       0x38 ./Generated_Code/tasks.o
 .text.prvResetNextTaskUnblockTime
                0x000063cc       0x58 ./Generated_Code/tasks.o
 .text.prvWriteNameToBuffer
                0x00006424       0x4c ./Generated_Code/tasks.o
 .text.vTaskList
                0x00006470      0x154 ./Generated_Code/tasks.o
                0x00006470                vTaskList
 .text.vTaskGetRunTimeStats
                0x000065c4      0x144 ./Generated_Code/tasks.o
                0x000065c4                vTaskGetRunTimeStats
 .text.xTaskNotifyWait
                0x00006708      0x110 ./Generated_Code/tasks.o
                0x00006708                xTaskNotifyWait
 .text.xTaskNotifyFromISR
                0x00006818      0x154 ./Generated_Code/tasks.o
                0x00006818                xTaskNotifyFromISR
 .text.__assert_func
                0x0000696c       0x38 c:/freescale/kds_2.0.0/toolchain/bin/../lib/gcc/arm-none-eabi/4.8.0/../../../../arm-none-eabi/lib/m4/fp/v4-sp-d16\libg_s.a(lib_a-assert.o)
                0x0000696c                __assert_func
 .text.atexit   0x000069a4        0xc c:/freescale/kds_2.0.0/toolchain/bin/../lib/gcc/arm-none-eabi/4.8.0/../../../../arm-none-eabi/lib/m4/fp/v4-sp-d16\libg_s.a(lib_a-atexit.o)
                0x000069a4                atexit
 .text.exit     0x000069b0       0x2c c:/freescale/kds_2.0.0/toolchain/bin/../lib/gcc/arm-none-eabi/4.8.0/../../../../arm-none-eabi/lib/m4/fp/v4-sp-d16\libg_s.a(lib_a-exit.o)
                0x000069b0                exit
 .text.__libc_fini_array
                0x000069dc       0x28 c:/freescale/kds_2.0.0/toolchain/bin/../lib/gcc/arm-none-eabi/4.8.0/../../../../arm-none-eabi/lib/m4/fp/v4-sp-d16\libg_s.a(lib_a-fini.o)
                0x000069dc                __libc_fini_array
 .text.fprintf  0x00006a04       0x24 c:/freescale/kds_2.0.0/toolchain/bin/../lib/gcc/arm-none-eabi/4.8.0/../../../../arm-none-eabi/lib/m4/fp/v4-sp-d16\libg_s.a(lib_a-fprintf.o)
                0x00006a04                fiprintf
                0x00006a04                fprintf
 .text.memcmp   0x00006a28       0x1e c:/freescale/kds_2.0.0/toolchain/bin/../lib/gcc/arm-none-eabi/4.8.0/../../../../arm-none-eabi/lib/m4/fp/v4-sp-d16\libg_s.a(lib_a-memcmp.o)
                0x00006a28                memcmp
 .text.memset   0x00006a46       0x10 c:/freescale/kds_2.0.0/toolchain/bin/../lib/gcc/arm-none-eabi/4.8.0/../../../../arm-none-eabi/lib/m4/fp/v4-sp-d16\libg_s.a(lib_a-memset.o)
                0x00006a46                memset
 *fill*         0x00006a56        0x2 
 .text.setvbuf  0x00006a58       0xe8 c:/freescale/kds_2.0.0/toolchain/bin/../lib/gcc/arm-none-eabi/4.8.0/../../../../arm-none-eabi/lib/m4/fp/v4-sp-d16\libg_s.a(lib_a-setvbuf.o)
                0x00006a58                setvbuf
 .text.strcpy   0x00006b40       0x10 c:/freescale/kds_2.0.0/toolchain/bin/../lib/gcc/arm-none-eabi/4.8.0/../../../../arm-none-eabi/lib/m4/fp/v4-sp-d16\libg_s.a(lib_a-strcpy.o)
                0x00006b40                strcpy
 .text.strlen   0x00006b50       0x10 c:/freescale/kds_2.0.0/toolchain/bin/../lib/gcc/arm-none-eabi/4.8.0/../../../../arm-none-eabi/lib/m4/fp/v4-sp-d16\libg_s.a(lib_a-strlen.o)
                0x00006b50                strlen
 .text.invalid_fd
                0x00006b60       0x1c c:/freescale/kds_2.0.0/toolchain/bin/../lib/gcc/arm-none-eabi/4.8.0/../../../../arm-none-eabi/lib/m4/fp/v4-sp-d16\libg_s.a(lib_a-syscalls.o)
 .text.error    0x00006b7c       0x1c c:/freescale/kds_2.0.0/toolchain/bin/../lib/gcc/arm-none-eabi/4.8.0/../../../../arm-none-eabi/lib/m4/fp/v4-sp-d16\libg_s.a(lib_a-syscalls.o)
 .text.findslot.part.0
                0x00006b98       0x1c c:/freescale/kds_2.0.0/toolchain/bin/../lib/gcc/arm-none-eabi/4.8.0/../../../../arm-none-eabi/lib/m4/fp/v4-sp-d16\libg_s.a(lib_a-syscalls.o)
 .text.initialise_monitor_handles
                0x00006bb4       0x80 c:/freescale/kds_2.0.0/toolchain/bin/../lib/gcc/arm-none-eabi/4.8.0/../../../../arm-none-eabi/lib/m4/fp/v4-sp-d16\libg_s.a(lib_a-syscalls.o)
 .text._swilseek
                0x00006c34       0xa0 c:/freescale/kds_2.0.0/toolchain/bin/../lib/gcc/arm-none-eabi/4.8.0/../../../../arm-none-eabi/lib/m4/fp/v4-sp-d16\libg_s.a(lib_a-syscalls.o)
                0x00006c34                _swilseek
 .text._lseek   0x00006cd4       0x14 c:/freescale/kds_2.0.0/toolchain/bin/../lib/gcc/arm-none-eabi/4.8.0/../../../../arm-none-eabi/lib/m4/fp/v4-sp-d16\libg_s.a(lib_a-syscalls.o)
                0x00006cd4                _lseek
 .text._swiclose
                0x00006ce8       0x48 c:/freescale/kds_2.0.0/toolchain/bin/../lib/gcc/arm-none-eabi/4.8.0/../../../../arm-none-eabi/lib/m4/fp/v4-sp-d16\libg_s.a(lib_a-syscalls.o)
                0x00006ce8                _swiclose
 .text._close   0x00006d30       0x14 c:/freescale/kds_2.0.0/toolchain/bin/../lib/gcc/arm-none-eabi/4.8.0/../../../../arm-none-eabi/lib/m4/fp/v4-sp-d16\libg_s.a(lib_a-syscalls.o)
                0x00006d30                _close
 .text._kill    0x00006d44       0x20 c:/freescale/kds_2.0.0/toolchain/bin/../lib/gcc/arm-none-eabi/4.8.0/../../../../arm-none-eabi/lib/m4/fp/v4-sp-d16\libg_s.a(lib_a-syscalls.o)
                0x00006d44                _kill
 .text._exit    0x00006d64        0xc c:/freescale/kds_2.0.0/toolchain/bin/../lib/gcc/arm-none-eabi/4.8.0/../../../../arm-none-eabi/lib/m4/fp/v4-sp-d16\libg_s.a(lib_a-syscalls.o)
                0x00006d64                _exit
 .text._getpid  0x00006d70        0x4 c:/freescale/kds_2.0.0/toolchain/bin/../lib/gcc/arm-none-eabi/4.8.0/../../../../arm-none-eabi/lib/m4/fp/v4-sp-d16\libg_s.a(lib_a-syscalls.o)
                0x00006d70                _getpid
 .text._sbrk    0x00006d74       0x38 c:/freescale/kds_2.0.0/toolchain/bin/../lib/gcc/arm-none-eabi/4.8.0/../../../../arm-none-eabi/lib/m4/fp/v4-sp-d16\libg_s.a(lib_a-syscalls.o)
                0x00006d74                _sbrk
 .text._fstat   0x00006dac       0x1e c:/freescale/kds_2.0.0/toolchain/bin/../lib/gcc/arm-none-eabi/4.8.0/../../../../arm-none-eabi/lib/m4/fp/v4-sp-d16\libg_s.a(lib_a-syscalls.o)
                0x00006dac                _fstat
 *fill*         0x00006dca        0x2 
 .text._isatty  0x00006dcc       0x40 c:/freescale/kds_2.0.0/toolchain/bin/../lib/gcc/arm-none-eabi/4.8.0/../../../../arm-none-eabi/lib/m4/fp/v4-sp-d16\libg_s.a(lib_a-syscalls.o)
                0x00006dcc                _isatty
 .text.__sfputc_r
                0x00006e0c       0x2c c:/freescale/kds_2.0.0/toolchain/bin/../lib/gcc/arm-none-eabi/4.8.0/../../../../arm-none-eabi/lib/m4/fp/v4-sp-d16\libg_s.a(lib_a-vfprintf.o)
                0x00006e0c                __sfputc_r
 .text._vfprintf_r
                0x00006e38      0x1f8 c:/freescale/kds_2.0.0/toolchain/bin/../lib/gcc/arm-none-eabi/4.8.0/../../../../arm-none-eabi/lib/m4/fp/v4-sp-d16\libg_s.a(lib_a-vfprintf.o)
                0x00006e38                _vfprintf_r
                0x00006e38                _vfiprintf_r
 .text._printf_common
                0x00007030       0xe2 c:/freescale/kds_2.0.0/toolchain/bin/../lib/gcc/arm-none-eabi/4.8.0/../../../../arm-none-eabi/lib/m4/fp/v4-sp-d16\libg_s.a(lib_a-vfprintf_i.o)
                0x00007030                _printf_common
 *fill*         0x00007112        0x2 
 .text._printf_i
                0x00007114      0x22c c:/freescale/kds_2.0.0/toolchain/bin/../lib/gcc/arm-none-eabi/4.8.0/../../../../arm-none-eabi/lib/m4/fp/v4-sp-d16\libg_s.a(lib_a-vfprintf_i.o)
                0x00007114                _printf_i
 .text.__swbuf_r
                0x00007340       0x86 c:/freescale/kds_2.0.0/toolchain/bin/../lib/gcc/arm-none-eabi/4.8.0/../../../../arm-none-eabi/lib/m4/fp/v4-sp-d16\libg_s.a(lib_a-wbuf.o)
                0x00007340                __swbuf_r
 *fill*         0x000073c6        0x2 
 .text.__swsetup_r
                0x000073c8       0xa8 c:/freescale/kds_2.0.0/toolchain/bin/../lib/gcc/arm-none-eabi/4.8.0/../../../../arm-none-eabi/lib/m4/fp/v4-sp-d16\libg_s.a(lib_a-wsetup.o)
                0x000073c8                __swsetup_r
 .text.__do_register_exitproc
                0x00007470       0x78 c:/freescale/kds_2.0.0/toolchain/bin/../lib/gcc/arm-none-eabi/4.8.0/../../../../arm-none-eabi/lib/m4/fp/v4-sp-d16\libg_s.a(lib_a-__atexit.o)
                0x00007470                __do_register_exitproc
 .text.__call_exitprocs
                0x000074e8       0xa4 c:/freescale/kds_2.0.0/toolchain/bin/../lib/gcc/arm-none-eabi/4.8.0/../../../../arm-none-eabi/lib/m4/fp/v4-sp-d16\libg_s.a(lib_a-__call_atexit.o)
                0x000074e8                __call_exitprocs
 .text.abort    0x0000758c        0xe c:/freescale/kds_2.0.0/toolchain/bin/../lib/gcc/arm-none-eabi/4.8.0/../../../../arm-none-eabi/lib/m4/fp/v4-sp-d16\libg_s.a(lib_a-abort.o)
                0x0000758c                abort
 *fill*         0x0000759a        0x2 
 .text.__errno  0x0000759c        0xc c:/freescale/kds_2.0.0/toolchain/bin/../lib/gcc/arm-none-eabi/4.8.0/../../../../arm-none-eabi/lib/m4/fp/v4-sp-d16\libg_s.a(lib_a-errno.o)
                0x0000759c                __errno
 .text._fflush_r
                0x000075a8      0x10c c:/freescale/kds_2.0.0/toolchain/bin/../lib/gcc/arm-none-eabi/4.8.0/../../../../arm-none-eabi/lib/m4/fp/v4-sp-d16\libg_s.a(lib_a-fflush.o)
                0x000075a8                _fflush_r
 .text._cleanup_r
                0x000076b4       0x32 c:/freescale/kds_2.0.0/toolchain/bin/../lib/gcc/arm-none-eabi/4.8.0/../../../../arm-none-eabi/lib/m4/fp/v4-sp-d16\libg_s.a(lib_a-findfp.o)
                0x000076b4                _cleanup_r
 *fill*         0x000076e6        0x2 
 .text.__sinit  0x000076e8       0xec c:/freescale/kds_2.0.0/toolchain/bin/../lib/gcc/arm-none-eabi/4.8.0/../../../../arm-none-eabi/lib/m4/fp/v4-sp-d16\libg_s.a(lib_a-findfp.o)
                0x000076e8                __sinit
 .text._free_r  0x000077d4       0x88 c:/freescale/kds_2.0.0/toolchain/bin/../lib/gcc/arm-none-eabi/4.8.0/../../../../arm-none-eabi/lib/m4/fp/v4-sp-d16\libg_s.a(lib_a-freer.o)
                0x000077d4                _free_r
 .text.__smakebuf_r
                0x0000785c       0x9c c:/freescale/kds_2.0.0/toolchain/bin/../lib/gcc/arm-none-eabi/4.8.0/../../../../arm-none-eabi/lib/m4/fp/v4-sp-d16\libg_s.a(lib_a-makebuf.o)
                0x0000785c                __smakebuf_r
 .text.malloc   0x000078f8       0x10 c:/freescale/kds_2.0.0/toolchain/bin/../lib/gcc/arm-none-eabi/4.8.0/../../../../arm-none-eabi/lib/m4/fp/v4-sp-d16\libg_s.a(lib_a-malloc.o)
                0x000078f8                malloc
 .text.free     0x00007908       0x10 c:/freescale/kds_2.0.0/toolchain/bin/../lib/gcc/arm-none-eabi/4.8.0/../../../../arm-none-eabi/lib/m4/fp/v4-sp-d16\libg_s.a(lib_a-malloc.o)
                0x00007908                free
 .text._malloc_r
                0x00007918       0x98 c:/freescale/kds_2.0.0/toolchain/bin/../lib/gcc/arm-none-eabi/4.8.0/../../../../arm-none-eabi/lib/m4/fp/v4-sp-d16\libg_s.a(lib_a-mallocr.o)
                0x00007918                _malloc_r
 .text.memchr   0x000079b0       0x1e c:/freescale/kds_2.0.0/toolchain/bin/../lib/gcc/arm-none-eabi/4.8.0/../../../../arm-none-eabi/lib/m4/fp/v4-sp-d16\libg_s.a(lib_a-memchr.o)
                0x000079b0                memchr
 *fill*         0x000079ce        0x2 
 .text._sbrk_r  0x000079d0       0x20 c:/freescale/kds_2.0.0/toolchain/bin/../lib/gcc/arm-none-eabi/4.8.0/../../../../arm-none-eabi/lib/m4/fp/v4-sp-d16\libg_s.a(lib_a-sbrkr.o)
                0x000079d0                _sbrk_r
 .text._raise_r
                0x000079f0       0x52 c:/freescale/kds_2.0.0/toolchain/bin/../lib/gcc/arm-none-eabi/4.8.0/../../../../arm-none-eabi/lib/m4/fp/v4-sp-d16\libg_s.a(lib_a-signal.o)
                0x000079f0                _raise_r
 *fill*         0x00007a42        0x2 
 .text.raise    0x00007a44       0x10 c:/freescale/kds_2.0.0/toolchain/bin/../lib/gcc/arm-none-eabi/4.8.0/../../../../arm-none-eabi/lib/m4/fp/v4-sp-d16\libg_s.a(lib_a-signal.o)
                0x00007a44                raise
 .text._kill_r  0x00007a54       0x24 c:/freescale/kds_2.0.0/toolchain/bin/../lib/gcc/arm-none-eabi/4.8.0/../../../../arm-none-eabi/lib/m4/fp/v4-sp-d16\libg_s.a(lib_a-signalr.o)
                0x00007a54                _kill_r
 .text._getpid_r
                0x00007a78        0x4 c:/freescale/kds_2.0.0/toolchain/bin/../lib/gcc/arm-none-eabi/4.8.0/../../../../arm-none-eabi/lib/m4/fp/v4-sp-d16\libg_s.a(lib_a-signalr.o)
                0x00007a78                _getpid_r
 .text.__sread  0x00007a7c       0x22 c:/freescale/kds_2.0.0/toolchain/bin/../lib/gcc/arm-none-eabi/4.8.0/../../../../arm-none-eabi/lib/m4/fp/v4-sp-d16\libg_s.a(lib_a-stdio.o)
                0x00007a7c                __sread
 .text.__swrite
                0x00007a9e       0x38 c:/freescale/kds_2.0.0/toolchain/bin/../lib/gcc/arm-none-eabi/4.8.0/../../../../arm-none-eabi/lib/m4/fp/v4-sp-d16\libg_s.a(lib_a-stdio.o)
                0x00007a9e                __swrite
 .text.__sseek  0x00007ad6       0x24 c:/freescale/kds_2.0.0/toolchain/bin/../lib/gcc/arm-none-eabi/4.8.0/../../../../arm-none-eabi/lib/m4/fp/v4-sp-d16\libg_s.a(lib_a-stdio.o)
                0x00007ad6                __sseek
 .text.__sclose
                0x00007afa        0x8 c:/freescale/kds_2.0.0/toolchain/bin/../lib/gcc/arm-none-eabi/4.8.0/../../../../arm-none-eabi/lib/m4/fp/v4-sp-d16\libg_s.a(lib_a-stdio.o)
                0x00007afa                __sclose
 *fill*         0x00007b02        0x2 
 .text._write_r
                0x00007b04       0x24 c:/freescale/kds_2.0.0/toolchain/bin/../lib/gcc/arm-none-eabi/4.8.0/../../../../arm-none-eabi/lib/m4/fp/v4-sp-d16\libg_s.a(lib_a-writer.o)
                0x00007b04                _write_r
 .text._close_r
                0x00007b28       0x20 c:/freescale/kds_2.0.0/toolchain/bin/../lib/gcc/arm-none-eabi/4.8.0/../../../../arm-none-eabi/lib/m4/fp/v4-sp-d16\libg_s.a(lib_a-closer.o)
                0x00007b28                _close_r
 .text._fstat_r
                0x00007b48       0x24 c:/freescale/kds_2.0.0/toolchain/bin/../lib/gcc/arm-none-eabi/4.8.0/../../../../arm-none-eabi/lib/m4/fp/v4-sp-d16\libg_s.a(lib_a-fstatr.o)
                0x00007b48                _fstat_r
 .text._isatty_r
                0x00007b6c       0x20 c:/freescale/kds_2.0.0/toolchain/bin/../lib/gcc/arm-none-eabi/4.8.0/../../../../arm-none-eabi/lib/m4/fp/v4-sp-d16\libg_s.a(lib_a-isattyr.o)
                0x00007b6c                _isatty_r
 .text._lseek_r
                0x00007b8c       0x24 c:/freescale/kds_2.0.0/toolchain/bin/../lib/gcc/arm-none-eabi/4.8.0/../../../../arm-none-eabi/lib/m4/fp/v4-sp-d16\libg_s.a(lib_a-lseekr.o)
                0x00007b8c                _lseek_r
 .text._read_r  0x00007bb0       0x24 c:/freescale/kds_2.0.0/toolchain/bin/../lib/gcc/arm-none-eabi/4.8.0/../../../../arm-none-eabi/lib/m4/fp/v4-sp-d16\libg_s.a(lib_a-readr.o)
                0x00007bb0                _read_r
 *(.rodata)
 .rodata        0x00007bd4       0x54 ./Sources/Events.o
 .rodata        0x00007c28      0x11c ./Sources/main.o
 .rodata        0x00007d44        0xc ./SDK/platform/utilities/src/fsl_debug_console.o
 .rodata        0x00007d50      0x1e4 ./SDK/platform/system/src/clock/MK22F51212/fsl_clock_MK22F51212.o
 .rodata        0x00007f34       0x38 ./SDK/platform/hal/src/gpio/fsl_gpio_hal.o
 .rodata        0x00007f6c      0x184 ./SDK/platform/hal/src/ftm/fsl_ftm_hal.o
 .rodata        0x000080f0      0x12c ./SDK/platform/drivers/src/gpio/fsl_gpio_driver.o
 .rodata        0x0000821c      0x268 ./SDK/platform/drivers/src/ftm/fsl_ftm_driver.o
 .rodata        0x00008484      0x164 ./SDK/platform/drivers/src/adc16/fsl_adc16_driver.o
 .rodata        0x000085e8       0x50 ./Generated_Code/pin_init.o
 .rodata        0x00008638       0x20 ./Generated_Code/tasks.o
 *(.rodata*)
 .rodata.Font_code16
                0x00008658      0x5f0 ./Sources/LQ_SGP18T.o
                0x00008658                Font_code16
 .rodata.portGateTable
                0x00008c48        0x8 ./SDK/platform/system/src/clock/MK22F51212/fsl_clock_MK22F51212.o
 .rodata.adcGateTable
                0x00008c50        0x4 ./SDK/platform/system/src/clock/MK22F51212/fsl_clock_MK22F51212.o
 .rodata.ftmGateTable
                0x00008c54        0x4 ./SDK/platform/system/src/clock/MK22F51212/fsl_clock_MK22F51212.o
 .rodata.uartGateTable
                0x00008c58        0x4 ./SDK/platform/system/src/clock/MK22F51212/fsl_clock_MK22F51212.o
 .rodata.__func__.13018
                0x00008c5c       0x1c ./SDK/platform/system/src/clock/MK22F51212/fsl_clock_MK22F51212.o
 .rodata.__func__.13031
                0x00008c78       0x1c ./SDK/platform/system/src/clock/MK22F51212/fsl_clock_MK22F51212.o
 .rodata.__func__.13057
                0x00008c94       0x1c ./SDK/platform/system/src/clock/MK22F51212/fsl_clock_MK22F51212.o
 .rodata.__func__.13096
                0x00008cb0       0x1c ./SDK/platform/system/src/clock/MK22F51212/fsl_clock_MK22F51212.o
 .rodata.g_oscBaseAddr
                0x00008ccc        0x4 ./SDK/platform/system/src/clock/fsl_clock_manager_common.o
                0x00008ccc                g_oscBaseAddr
 .rodata.fllFactorTable.11585
                0x00008cd0       0x10 ./SDK/platform/hal/src/mcg/fsl_mcg_hal.o
 .rodata.__func__.11119
                0x00008ce0       0x14 ./SDK/platform/hal/src/gpio/fsl_gpio_hal.o
 .rodata.__func__.11125
                0x00008cf4       0x18 ./SDK/platform/hal/src/gpio/fsl_gpio_hal.o
 .rodata.__func__.11323
                0x00008d0c       0x10 ./SDK/platform/hal/src/ftm/fsl_ftm_hal.o
 .rodata.__func__.11601
                0x00008d1c       0x14 ./SDK/platform/hal/src/ftm/fsl_ftm_hal.o
 .rodata.__func__.11369
                0x00008d30       0x20 ./SDK/platform/hal/src/ftm/fsl_ftm_hal.o
 .rodata.g_gpioBaseAddr
                0x00008d50       0x14 ./SDK/platform/drivers/src/gpio/fsl_gpio_common.o
                0x00008d50                g_gpioBaseAddr
 .rodata.g_portBaseAddr
                0x00008d64       0x14 ./SDK/platform/drivers/src/gpio/fsl_gpio_common.o
                0x00008d64                g_portBaseAddr
 .rodata.g_portIrqId
                0x00008d78        0x8 ./SDK/platform/drivers/src/gpio/fsl_gpio_common.o
                0x00008d78                g_portIrqId
 .rodata.__func__.11103
                0x00008d80       0x14 ./SDK/platform/drivers/src/gpio/fsl_gpio_driver.o
 .rodata.__func__.11097
                0x00008d94       0x18 ./SDK/platform/drivers/src/gpio/fsl_gpio_driver.o
 .rodata.__func__.11115
                0x00008dac       0x20 ./SDK/platform/drivers/src/gpio/fsl_gpio_driver.o
 .rodata.__func__.11145
                0x00008dcc       0x20 ./SDK/platform/drivers/src/gpio/fsl_gpio_driver.o
 .rodata.__func__.11167
                0x00008dec       0x18 ./SDK/platform/drivers/src/gpio/fsl_gpio_driver.o
 .rodata.__func__.12964
                0x00008e04       0x14 ./SDK/platform/drivers/src/gpio/fsl_gpio_driver.o
 .rodata.__func__.11109
                0x00008e18       0x1c ./SDK/platform/drivers/src/gpio/fsl_gpio_driver.o
 .rodata.__func__.11127
                0x00008e34       0x20 ./SDK/platform/drivers/src/gpio/fsl_gpio_driver.o
 .rodata.__func__.11121
                0x00008e54       0x1c ./SDK/platform/drivers/src/gpio/fsl_gpio_driver.o
 .rodata.__func__.11241
                0x00008e70       0x1c ./SDK/platform/drivers/src/gpio/fsl_gpio_driver.o
 .rodata.g_ftmBaseAddr
                0x00008e8c       0x10 ./SDK/platform/drivers/src/ftm/fsl_ftm_common.o
                0x00008e8c                g_ftmBaseAddr
 .rodata.g_ftmIrqId
                0x00008e9c        0x4 ./SDK/platform/drivers/src/ftm/fsl_ftm_common.o
                0x00008e9c                g_ftmIrqId
 .rodata.__func__.13308
                0x00008ea0       0x10 ./SDK/platform/drivers/src/ftm/fsl_ftm_driver.o
 .rodata.__func__.11614
                0x00008eb0       0x14 ./SDK/platform/drivers/src/ftm/fsl_ftm_driver.o
 .rodata.__func__.13345
                0x00008ec4       0x18 ./SDK/platform/drivers/src/ftm/fsl_ftm_driver.o
 .rodata.__func__.11210
                0x00008edc       0x18 ./SDK/platform/drivers/src/ftm/fsl_ftm_driver.o
 .rodata.__func__.11177
                0x00008ef4       0x14 ./SDK/platform/drivers/src/ftm/fsl_ftm_driver.o
 .rodata.__func__.13357
                0x00008f08       0x14 ./SDK/platform/drivers/src/ftm/fsl_ftm_driver.o
 .rodata.g_adcBaseAddr
                0x00008f1c        0x8 ./SDK/platform/drivers/src/adc16/fsl_adc16_common.o
                0x00008f1c                g_adcBaseAddr
 .rodata.g_adcIrqId
                0x00008f24        0x4 ./SDK/platform/drivers/src/adc16/fsl_adc16_common.o
                0x00008f24                g_adcIrqId
 .rodata.__func__.11141
                0x00008f28       0x24 ./SDK/platform/drivers/src/adc16/fsl_adc16_driver.o
 .rodata.__func__.11188
                0x00008f4c       0x20 ./SDK/platform/drivers/src/adc16/fsl_adc16_driver.o
 .rodata.__func__.13044
                0x00008f6c       0x10 ./SDK/platform/drivers/src/adc16/fsl_adc16_driver.o
 .rodata.__func__.13012
                0x00008f7c       0x14 ./SDK/platform/drivers/src/adc16/fsl_adc16_driver.o
 .rodata.__func__.13016
                0x00008f90       0x14 ./SDK/platform/drivers/src/adc16/fsl_adc16_driver.o
 .rodata.__func__.13053
                0x00008fa4       0x1c ./SDK/platform/drivers/src/adc16/fsl_adc16_driver.o
 .rodata.__func__.13075
                0x00008fc0       0x1c ./SDK/platform/drivers/src/adc16/fsl_adc16_driver.o
 .rodata.__func__.13087
                0x00008fdc       0x18 ./SDK/platform/drivers/src/adc16/fsl_adc16_driver.o
 .rodata.__func__.11131
                0x00008ff4       0x14 ./SDK/platform/drivers/src/adc16/fsl_adc16_driver.o
 .rodata.__func__.13093
                0x00009008       0x18 ./SDK/platform/drivers/src/adc16/fsl_adc16_driver.o
 .rodata.__func__.13108
                0x00009020       0x1c ./SDK/platform/drivers/src/adc16/fsl_adc16_driver.o
 .rodata.gpio_OutConfig0
                0x0000903c       0x60 ./Generated_Code/gpio.o
                0x0000903c                gpio_OutConfig0
 .rodata.__func__.11127
                0x0000909c       0x20 ./Generated_Code/pin_init.o
 .rodata.__func__.11109
                0x000090bc       0x1c ./Generated_Code/pin_init.o
 .rodata.__func__.11133
                0x000090d8       0x14 ./Generated_Code/pin_init.o
 .rodata.__func__.11097
                0x000090ec       0x18 ./Generated_Code/pin_init.o
 .rodata.__func__.11103
                0x00009104       0x14 ./Generated_Code/pin_init.o
 .rodata.__func__.11121
                0x00009118       0x1c ./Generated_Code/pin_init.o
 .rodata.ucExpectedStackBytes.16563
                0x00009134       0x14 ./Generated_Code/tasks.o
 .rodata.str1.1
                0x00009148       0x3c c:/freescale/kds_2.0.0/toolchain/bin/../lib/gcc/arm-none-eabi/4.8.0/../../../../arm-none-eabi/lib/m4/fp/v4-sp-d16\libg_s.a(lib_a-assert.o)
                                 0x3d (size before relaxing)
 .rodata.str1.1
                0x00009184        0x2 c:/freescale/kds_2.0.0/toolchain/bin/../lib/gcc/arm-none-eabi/4.8.0/../../../../arm-none-eabi/lib/m4/fp/v4-sp-d16\libg_s.a(lib_a-impure.o)
 *fill*         0x00009186        0x2 
 .rodata._global_impure_ptr
                0x00009188        0x4 c:/freescale/kds_2.0.0/toolchain/bin/../lib/gcc/arm-none-eabi/4.8.0/../../../../arm-none-eabi/lib/m4/fp/v4-sp-d16\libg_s.a(lib_a-impure.o)
                0x00009188                _global_impure_ptr
 .rodata.str1.1
                0x0000918c        0x4 c:/freescale/kds_2.0.0/toolchain/bin/../lib/gcc/arm-none-eabi/4.8.0/../../../../arm-none-eabi/lib/m4/fp/v4-sp-d16\libg_s.a(lib_a-syscalls.o)
 .rodata.str1.1
                0x00009190       0x11 c:/freescale/kds_2.0.0/toolchain/bin/../lib/gcc/arm-none-eabi/4.8.0/../../../../arm-none-eabi/lib/m4/fp/v4-sp-d16\libg_s.a(lib_a-vfprintf.o)
 .rodata.str1.1
                0x000091a1       0x22 c:/freescale/kds_2.0.0/toolchain/bin/../lib/gcc/arm-none-eabi/4.8.0/../../../../arm-none-eabi/lib/m4/fp/v4-sp-d16\libg_s.a(lib_a-vfprintf_i.o)
 *(.glue_7)
 .glue_7        0x00000000        0x0 linker stubs
 *(.glue_7t)
 .glue_7t       0x00000000        0x0 linker stubs
 *(.eh_frame)
 *fill*         0x000091c3        0x1 
 .eh_frame      0x000091c4        0x0 c:/freescale/kds_2.0.0/toolchain/bin/../lib/gcc/arm-none-eabi/4.8.0/m4/fp/v4-sp-d16/crtbegin.o
 *(.init)
 .init          0x000091c4        0x4 c:/freescale/kds_2.0.0/toolchain/bin/../lib/gcc/arm-none-eabi/4.8.0/m4/fp/v4-sp-d16/crti.o
                0x000091c4                _init
 .init          0x000091c8        0x8 c:/freescale/kds_2.0.0/toolchain/bin/../lib/gcc/arm-none-eabi/4.8.0/m4/fp/v4-sp-d16/crtn.o
 *(.fini)
 .fini          0x000091d0        0x4 c:/freescale/kds_2.0.0/toolchain/bin/../lib/gcc/arm-none-eabi/4.8.0/m4/fp/v4-sp-d16/crti.o
                0x000091d0                _fini
 .fini          0x000091d4        0x8 c:/freescale/kds_2.0.0/toolchain/bin/../lib/gcc/arm-none-eabi/4.8.0/m4/fp/v4-sp-d16/crtn.o
                0x000091dc                . = ALIGN (0x4)

.vfp11_veneer   0x000091dc        0x0
 .vfp11_veneer  0x00000000        0x0 linker stubs

.v4_bx          0x000091dc        0x0
 .v4_bx         0x00000000        0x0 linker stubs

.iplt           0x000091dc        0x0
 .iplt          0x00000000        0x0 c:/freescale/kds_2.0.0/toolchain/bin/../lib/gcc/arm-none-eabi/4.8.0/m4/fp/v4-sp-d16/crtbegin.o

.rel.dyn        0x000091dc        0x0
 .rel.iplt      0x00000000        0x0 c:/freescale/kds_2.0.0/toolchain/bin/../lib/gcc/arm-none-eabi/4.8.0/m4/fp/v4-sp-d16/crtbegin.o

.ARM.extab
 *(.ARM.extab* .gnu.linkonce.armextab.*)

.ARM            0x000091dc        0x0
                0x000091dc                __exidx_start = .
 *(.ARM.exidx*)
                0x000091dc                __exidx_end = .

.ctors          0x000091dc        0x0
                0x000091dc                __CTOR_LIST__ = .
 *crtbegin.o(.ctors)
 *crtbegin?.o(.ctors)
 *(EXCLUDE_FILE(*crtend.o *crtend?.o) .ctors)
 *(SORT(.ctors.*))
 *(.ctors)
                0x000091dc                __CTOR_END__ = .

.dtors          0x000091dc        0x0
                0x000091dc                __DTOR_LIST__ = .
 *crtbegin.o(.dtors)
 *crtbegin?.o(.dtors)
 *(EXCLUDE_FILE(*crtend.o *crtend?.o) .dtors)
 *(SORT(.dtors.*))
 *(.dtors)
                0x000091dc                __DTOR_END__ = .

.preinit_array  0x000091dc        0x0
                0x000091dc                PROVIDE (__preinit_array_start, .)
 *(.preinit_array*)
                0x000091dc                PROVIDE (__preinit_array_end, .)

.init_array     0x000091dc        0x4
                0x000091dc                PROVIDE (__init_array_start, .)
 *(SORT(.init_array.*))
 *(.init_array*)
 .init_array    0x000091dc        0x4 c:/freescale/kds_2.0.0/toolchain/bin/../lib/gcc/arm-none-eabi/4.8.0/m4/fp/v4-sp-d16/crtbegin.o
                0x000091e0                PROVIDE (__init_array_end, .)

.fini_array     0x000091e0        0x4
                0x000091e0                PROVIDE (__fini_array_start, .)
 *(SORT(.fini_array.*))
 *(.fini_array*)
 .fini_array    0x000091e0        0x4 c:/freescale/kds_2.0.0/toolchain/bin/../lib/gcc/arm-none-eabi/4.8.0/m4/fp/v4-sp-d16/crtbegin.o
                0x000091e4                PROVIDE (__fini_array_end, .)
                0x000091e4                __etext = .
                0x000091e4                __DATA_ROM = .

.data           0x1fff0400      0x2e8 load address 0x000091e4
                0x1fff0400                . = ALIGN (0x4)
                0x1fff0400                __DATA_RAM = .
                0x1fff0400                __data_start__ = .
 *(.data)
 *(.data*)
 .data.SystemCoreClock
                0x1fff0400        0x4 ./SDK/platform/startup/MK22F51212/system_MK22F51212.o
                0x1fff0400                SystemCoreClock
 .data.g_fastInternalRefClkFreq
                0x1fff0404        0x4 ./SDK/platform/hal/src/mcg/fsl_mcg_hal.o
                0x1fff0404                g_fastInternalRefClkFreq
 .data.g_slowInternalRefClkFreq
                0x1fff0408        0x4 ./SDK/platform/hal/src/mcg/fsl_mcg_hal.o
                0x1fff0408                g_slowInternalRefClkFreq
 .data.ADC0_InitConfig0
                0x1fff040c        0xc ./Generated_Code/ADC0.o
                0x1fff040c                ADC0_InitConfig0
 .data.ADC0_ChnConfig1
                0x1fff0418        0xc ./Generated_Code/ADC0.o
                0x1fff0418                ADC0_ChnConfig1
 .data.ADC0_ChnConfig2
                0x1fff0424        0xc ./Generated_Code/ADC0.o
                0x1fff0424                ADC0_ChnConfig2
 .data.Timer1_InitConfig0
                0x1fff0430        0x8 ./Generated_Code/Timer1.o
                0x1fff0430                Timer1_InitConfig0
 .data.xFreeBytesRemaining
                0x1fff0438        0x4 ./Generated_Code/heap_2.o
 .data.uxCriticalNesting
                0x1fff043c        0x4 ./Generated_Code/port.o
 .data.xNextTaskUnblockTime
                0x1fff0440        0x4 ./Generated_Code/tasks.o
 *fill*         0x1fff0444        0x4 
 .data.impure_data
                0x1fff0448      0x298 c:/freescale/kds_2.0.0/toolchain/bin/../lib/gcc/arm-none-eabi/4.8.0/../../../../arm-none-eabi/lib/m4/fp/v4-sp-d16\libg_s.a(lib_a-impure.o)
 .data._impure_ptr
                0x1fff06e0        0x4 c:/freescale/kds_2.0.0/toolchain/bin/../lib/gcc/arm-none-eabi/4.8.0/../../../../arm-none-eabi/lib/m4/fp/v4-sp-d16\libg_s.a(lib_a-impure.o)
                0x1fff06e0                _impure_ptr
 *(.jcr*)
 .jcr           0x1fff06e4        0x0 c:/freescale/kds_2.0.0/toolchain/bin/../lib/gcc/arm-none-eabi/4.8.0/m4/fp/v4-sp-d16/crtbegin.o
 .jcr           0x1fff06e4        0x4 c:/freescale/kds_2.0.0/toolchain/bin/../lib/gcc/arm-none-eabi/4.8.0/m4/fp/v4-sp-d16/crtend.o
                0x1fff06e8                . = ALIGN (0x4)
                0x1fff06e8                __data_end__ = .
                0x000094cc                __DATA_END = (__DATA_ROM + (__data_end__ - __data_start__))
                0x000094cc                __m_interrupts_ram_ROMStart = (__DATA_ROM + SIZEOF (.data))

.tm_clone_table
                0x1fff06e8        0x0 load address 0x000094cc
 .tm_clone_table
                0x1fff06e8        0x0 c:/freescale/kds_2.0.0/toolchain/bin/../lib/gcc/arm-none-eabi/4.8.0/m4/fp/v4-sp-d16/crtbegin.o
 .tm_clone_table
                0x1fff06e8        0x0 c:/freescale/kds_2.0.0/toolchain/bin/../lib/gcc/arm-none-eabi/4.8.0/m4/fp/v4-sp-d16/crtend.o

.igot.plt       0x1fff06e8        0x0 load address 0x000094cc
 .igot.plt      0x00000000        0x0 c:/freescale/kds_2.0.0/toolchain/bin/../lib/gcc/arm-none-eabi/4.8.0/m4/fp/v4-sp-d16/crtbegin.o

.m_interrupts_ram
                0x1fff0000      0x400 load address 0x000094cc
                0x1fff0000                . = ALIGN (0x4)
                0x1fff0000                __m_interrupts_ram_RAMStart = .
 *(.m_interrupts_ram)
                0x1fff0400                . = (. + 0x400)
 *fill*         0x1fff0000      0x400 
                0x1fff0400                __m_interrupts_ram_RAMEnd = .
                0x1fff0400                . = ALIGN (0x4)
                0x00000400                __m_interrupts_ram_ROMSize = (__m_interrupts_ram_RAMEnd - __m_interrupts_ram_RAMStart)
                0x00000400                __RAM_VECTOR_TABLE_SIZE_BYTES = (__m_interrupts_ram_RAMEnd - __m_interrupts_ram_RAMStart)
                0x000098cc                __m_data_2_ROMStart = (__m_interrupts_ram_ROMStart + SIZEOF (.m_interrupts_ram))

.m_data_2       0x20000000        0x0 load address 0x000098cc
                0x20000000                . = ALIGN (0x4)
                0x20000000                __m_data_2_RAMStart = .
 *(.m_data_2)
                0x20000000                __m_data_2_RAMEnd = .
                0x20000000                . = ALIGN (0x4)
                0x00000000                __m_data_2_ROMSize = (__m_data_2_RAMEnd - __m_data_2_RAMStart)

.bss            0x1fff06e8     0x4958 load address 0x000094cc
                0x1fff06e8                . = ALIGN (0x4)
                0x1fff06e8                __START_BSS = .
                0x1fff06e8                __bss_start__ = .
 *(.bss)
 *(.bss*)
 .bss.completed.6137
                0x1fff06e8        0x1 c:/freescale/kds_2.0.0/toolchain/bin/../lib/gcc/arm-none-eabi/4.8.0/m4/fp/v4-sp-d16/crtbegin.o
 *fill*         0x1fff06e9        0x3 
 .bss.object.6142
                0x1fff06ec       0x18 c:/freescale/kds_2.0.0/toolchain/bin/../lib/gcc/arm-none-eabi/4.8.0/m4/fp/v4-sp-d16/crtbegin.o
 .bss.MainTimer
                0x1fff0704        0x4 ./Sources/Events.o
                0x1fff0704                MainTimer
 .bss.s_debugConsole
                0x1fff0708       0x10 ./SDK/platform/utilities/src/fsl_debug_console.o
 .bss.ADC0_ChnConfig0
                0x1fff0718        0xc ./Generated_Code/ADC0.o
                0x1fff0718                ADC0_ChnConfig0
 .bss.ucHeap    0x1fff0724     0x4000 ./Generated_Code/heap_2.o
 .bss.xStart    0x1fff4724        0x8 ./Generated_Code/heap_2.o
 .bss.xEnd      0x1fff472c        0x8 ./Generated_Code/heap_2.o
 .bss.xHeapHasBeenInitialised.15762
                0x1fff4734        0x4 ./Generated_Code/heap_2.o
 .bss.xJumpBuf  0x1fff4738       0x5c ./Generated_Code/port.o
 .bss.pxCurrentTCB
                0x1fff4794        0x4 ./Generated_Code/tasks.o
                0x1fff4794                pxCurrentTCB
 .bss.pxReadyTasksLists
                0x1fff4798       0x78 ./Generated_Code/tasks.o
 .bss.xDelayedTaskList1
                0x1fff4810       0x14 ./Generated_Code/tasks.o
 .bss.xDelayedTaskList2
                0x1fff4824       0x14 ./Generated_Code/tasks.o
 .bss.pxDelayedTaskList
                0x1fff4838        0x4 ./Generated_Code/tasks.o
 .bss.pxOverflowDelayedTaskList
                0x1fff483c        0x4 ./Generated_Code/tasks.o
 .bss.xPendingReadyList
                0x1fff4840       0x14 ./Generated_Code/tasks.o
 .bss.xSuspendedTaskList
                0x1fff4854       0x14 ./Generated_Code/tasks.o
 .bss.uxCurrentNumberOfTasks
                0x1fff4868        0x4 ./Generated_Code/tasks.o
 .bss.xTickCount
                0x1fff486c        0x4 ./Generated_Code/tasks.o
 .bss.uxTopReadyPriority
                0x1fff4870        0x4 ./Generated_Code/tasks.o
 .bss.xSchedulerRunning
                0x1fff4874        0x4 ./Generated_Code/tasks.o
 .bss.uxPendedTicks
                0x1fff4878        0x4 ./Generated_Code/tasks.o
 .bss.xYieldPending
                0x1fff487c        0x4 ./Generated_Code/tasks.o
 .bss.xNumOfOverflows
                0x1fff4880        0x4 ./Generated_Code/tasks.o
 .bss.uxTaskNumber
                0x1fff4884        0x4 ./Generated_Code/tasks.o
 .bss.uxSchedulerSuspended
                0x1fff4888        0x4 ./Generated_Code/tasks.o
 .bss.ulTaskSwitchedInTime
                0x1fff488c        0x4 ./Generated_Code/tasks.o
 .bss.ulTotalRunTime
                0x1fff4890        0x4 ./Generated_Code/tasks.o
 .bss.monitor_stdout
                0x1fff4894        0x4 c:/freescale/kds_2.0.0/toolchain/bin/../lib/gcc/arm-none-eabi/4.8.0/../../../../arm-none-eabi/lib/m4/fp/v4-sp-d16\libg_s.a(lib_a-syscalls.o)
 .bss.monitor_stdin
                0x1fff4898        0x4 c:/freescale/kds_2.0.0/toolchain/bin/../lib/gcc/arm-none-eabi/4.8.0/../../../../arm-none-eabi/lib/m4/fp/v4-sp-d16\libg_s.a(lib_a-syscalls.o)
 .bss.heap_end.5175
                0x1fff489c        0x4 c:/freescale/kds_2.0.0/toolchain/bin/../lib/gcc/arm-none-eabi/4.8.0/../../../../arm-none-eabi/lib/m4/fp/v4-sp-d16\libg_s.a(lib_a-syscalls.o)
 .bss.monitor_stderr
                0x1fff48a0        0x4 c:/freescale/kds_2.0.0/toolchain/bin/../lib/gcc/arm-none-eabi/4.8.0/../../../../arm-none-eabi/lib/m4/fp/v4-sp-d16\libg_s.a(lib_a-syscalls.o)
 .bss.openfiles
                0x1fff48a4       0xa0 c:/freescale/kds_2.0.0/toolchain/bin/../lib/gcc/arm-none-eabi/4.8.0/../../../../arm-none-eabi/lib/m4/fp/v4-sp-d16\libg_s.a(lib_a-syscalls.o)
 .bss.__malloc_free_list
                0x1fff4944        0x4 c:/freescale/kds_2.0.0/toolchain/bin/../lib/gcc/arm-none-eabi/4.8.0/../../../../arm-none-eabi/lib/m4/fp/v4-sp-d16\libg_s.a(lib_a-mallocr.o)
                0x1fff4944                __malloc_free_list
 *(COMMON)
 COMMON         0x1fff4948      0x6ec ./Sources/main.o
                0x1fff4948                V_B
                0x1fff4a48                TaskInfo
                0x1fff4e30                hADC
                0x1fff4e34                V_C
                0x1fff4f34                V_A
 COMMON         0x1fff5034        0x8 ./SDK/platform/hal/src/mcg/fsl_mcg_hal.o
                0x1fff5034                g_xtal0ClkFreq
                0x1fff5038                g_xtalRtcClkFreq
 COMMON         0x1fff503c        0x4 c:/freescale/kds_2.0.0/toolchain/bin/../lib/gcc/arm-none-eabi/4.8.0/../../../../arm-none-eabi/lib/m4/fp/v4-sp-d16\libg_s.a(lib_a-reent.o)
                0x1fff503c                errno
                0x1fff5040                . = ALIGN (0x4)
                0x1fff5040                __bss_end__ = .
                0x1fff5040                __END_BSS = .

.heap           0x20000000     0x4000
                0x20000000                . = ALIGN (0x8)
                0x20000000                __end__ = .
                0x20000000                PROVIDE (end, .)
                0x20000000                __HeapBase = .
                0x20004000                . = (. + HEAP_SIZE)
 *fill*         0x20000000     0x4000 
                0x20004000                __HeapLimit = .

.stack          0x20004000     0x4000
                0x20004000                . = ALIGN (0x8)
                0x20008000                . = (. + STACK_SIZE)
 *fill*         0x20004000     0x4000 
                0x20010000                __StackTop = (ORIGIN (m_data_2) + 0x10000)
                0x2000c000                __StackLimit = (__StackTop - STACK_SIZE)
                0x20010000                PROVIDE (__stack, __StackTop)

.ARM.attributes
                0x00000000       0x35
 *(.ARM.attributes)
 .ARM.attributes
                0x00000000       0x27 c:/freescale/kds_2.0.0/toolchain/bin/../lib/gcc/arm-none-eabi/4.8.0/m4/fp/v4-sp-d16/crti.o
 .ARM.attributes
                0x00000027       0x39 c:/freescale/kds_2.0.0/toolchain/bin/../lib/gcc/arm-none-eabi/4.8.0/m4/fp/v4-sp-d16/crtbegin.o
 .ARM.attributes
                0x00000060       0x39 c:/freescale/kds_2.0.0/toolchain/bin/../lib/gcc/arm-none-eabi/4.8.0/../../../../arm-none-eabi/lib/m4/fp/v4-sp-d16/crt0.o
 .ARM.attributes
                0x00000099       0x39 ./Static_Code/System/PE_low_level_init.o
 .ARM.attributes
                0x000000d2       0x39 ./Sources/Events.o
 .ARM.attributes
                0x0000010b       0x39 ./Sources/LQ_SGP18T.o
 .ARM.attributes
                0x00000144       0x39 ./Sources/main.o
 .ARM.attributes
                0x0000017d       0x39 ./SDK/platform/utilities/src/fsl_debug_console.o
 .ARM.attributes
                0x000001b6       0x39 ./SDK/platform/utilities/src/print_scan.o
 .ARM.attributes
                0x000001ef       0x39 ./SDK/platform/system/src/clock/MK22F51212/fsl_clock_MK22F51212.o
 .ARM.attributes
                0x00000228       0x39 ./SDK/platform/system/src/clock/fsl_clock_manager_common.o
 .ARM.attributes
                0x00000261       0x1f ./SDK/platform/startup/MK22F51212/gcc/startup_MK22F51212.o
 .ARM.attributes
                0x00000280       0x39 ./SDK/platform/startup/MK22F51212/system_MK22F51212.o
 .ARM.attributes
                0x000002b9       0x39 ./SDK/platform/startup/startup.o
 .ARM.attributes
                0x000002f2       0x39 ./SDK/platform/hal/src/uart/fsl_uart_hal.o
 .ARM.attributes
                0x0000032b       0x39 ./SDK/platform/hal/src/osc/fsl_osc_hal.o
 .ARM.attributes
                0x00000364       0x39 ./SDK/platform/hal/src/mcg/fsl_mcg_hal.o
 .ARM.attributes
                0x0000039d       0x39 ./SDK/platform/hal/src/lpuart/fsl_lpuart_hal.o
 .ARM.attributes
                0x000003d6       0x39 ./SDK/platform/hal/src/gpio/fsl_gpio_hal.o
 .ARM.attributes
                0x0000040f       0x39 ./SDK/platform/hal/src/ftm/fsl_ftm_hal.o
 .ARM.attributes
                0x00000448       0x39 ./SDK/platform/hal/src/adc16/fsl_adc16_hal.o
 .ARM.attributes
                0x00000481       0x39 ./SDK/platform/drivers/src/gpio/fsl_gpio_common.o
 .ARM.attributes
                0x000004ba       0x39 ./SDK/platform/drivers/src/gpio/fsl_gpio_driver.o
 .ARM.attributes
                0x000004f3       0x39 ./SDK/platform/drivers/src/ftm/fsl_ftm_common.o
 .ARM.attributes
                0x0000052c       0x39 ./SDK/platform/drivers/src/ftm/fsl_ftm_driver.o
 .ARM.attributes
                0x00000565       0x39 ./SDK/platform/drivers/src/adc16/fsl_adc16_common.o
 .ARM.attributes
                0x0000059e       0x39 ./SDK/platform/drivers/src/adc16/fsl_adc16_driver.o
 .ARM.attributes
                0x000005d7       0x39 ./Generated_Code/ADC0.o
 .ARM.attributes
                0x00000610       0x39 ./Generated_Code/Cpu.o
 .ARM.attributes
                0x00000649       0x39 ./Generated_Code/Timer1.o
 .ARM.attributes
                0x00000682       0x39 ./Generated_Code/UTIL1.o
 .ARM.attributes
                0x000006bb       0x39 ./Generated_Code/gpio.o
 .ARM.attributes
                0x000006f4       0x39 ./Generated_Code/hardware_init.o
 .ARM.attributes
                0x0000072d       0x39 ./Generated_Code/heap_2.o
 .ARM.attributes
                0x00000766       0x39 ./Generated_Code/list.o
 .ARM.attributes
                0x0000079f       0x39 ./Generated_Code/pin_init.o
 .ARM.attributes
                0x000007d8       0x39 ./Generated_Code/port.o
 .ARM.attributes
                0x00000811       0x39 ./Generated_Code/tasks.o
 .ARM.attributes
                0x0000084a       0x39 c:/freescale/kds_2.0.0/toolchain/bin/../lib/gcc/arm-none-eabi/4.8.0/../../../../arm-none-eabi/lib/m4/fp/v4-sp-d16\libg_s.a(lib_a-assert.o)
 .ARM.attributes
                0x00000883       0x39 c:/freescale/kds_2.0.0/toolchain/bin/../lib/gcc/arm-none-eabi/4.8.0/../../../../arm-none-eabi/lib/m4/fp/v4-sp-d16\libg_s.a(lib_a-atexit.o)
 .ARM.attributes
                0x000008bc       0x39 c:/freescale/kds_2.0.0/toolchain/bin/../lib/gcc/arm-none-eabi/4.8.0/../../../../arm-none-eabi/lib/m4/fp/v4-sp-d16\libg_s.a(lib_a-exit.o)
 .ARM.attributes
                0x000008f5       0x39 c:/freescale/kds_2.0.0/toolchain/bin/../lib/gcc/arm-none-eabi/4.8.0/../../../../arm-none-eabi/lib/m4/fp/v4-sp-d16\libg_s.a(lib_a-fini.o)
 .ARM.attributes
                0x0000092e       0x39 c:/freescale/kds_2.0.0/toolchain/bin/../lib/gcc/arm-none-eabi/4.8.0/../../../../arm-none-eabi/lib/m4/fp/v4-sp-d16\libg_s.a(lib_a-fprintf.o)
 .ARM.attributes
                0x00000967       0x39 c:/freescale/kds_2.0.0/toolchain/bin/../lib/gcc/arm-none-eabi/4.8.0/../../../../arm-none-eabi/lib/m4/fp/v4-sp-d16\libg_s.a(lib_a-impure.o)
 .ARM.attributes
                0x000009a0       0x39 c:/freescale/kds_2.0.0/toolchain/bin/../lib/gcc/arm-none-eabi/4.8.0/../../../../arm-none-eabi/lib/m4/fp/v4-sp-d16\libg_s.a(lib_a-memcmp.o)
 .ARM.attributes
                0x000009d9       0x39 c:/freescale/kds_2.0.0/toolchain/bin/../lib/gcc/arm-none-eabi/4.8.0/../../../../arm-none-eabi/lib/m4/fp/v4-sp-d16\libg_s.a(lib_a-memset.o)
 .ARM.attributes
                0x00000a12       0x25 c:/freescale/kds_2.0.0/toolchain/bin/../lib/gcc/arm-none-eabi/4.8.0/../../../../arm-none-eabi/lib/m4/fp/v4-sp-d16\libg_s.a(lib_a-setjmp.o)
 .ARM.attributes
                0x00000a37       0x39 c:/freescale/kds_2.0.0/toolchain/bin/../lib/gcc/arm-none-eabi/4.8.0/../../../../arm-none-eabi/lib/m4/fp/v4-sp-d16\libg_s.a(lib_a-setvbuf.o)
 .ARM.attributes
                0x00000a70       0x39 c:/freescale/kds_2.0.0/toolchain/bin/../lib/gcc/arm-none-eabi/4.8.0/../../../../arm-none-eabi/lib/m4/fp/v4-sp-d16\libg_s.a(lib_a-strcpy.o)
 .ARM.attributes
                0x00000aa9       0x39 c:/freescale/kds_2.0.0/toolchain/bin/../lib/gcc/arm-none-eabi/4.8.0/../../../../arm-none-eabi/lib/m4/fp/v4-sp-d16\libg_s.a(lib_a-strlen.o)
 .ARM.attributes
                0x00000ae2       0x39 c:/freescale/kds_2.0.0/toolchain/bin/../lib/gcc/arm-none-eabi/4.8.0/../../../../arm-none-eabi/lib/m4/fp/v4-sp-d16\libg_s.a(lib_a-syscalls.o)
 .ARM.attributes
                0x00000b1b       0x39 c:/freescale/kds_2.0.0/toolchain/bin/../lib/gcc/arm-none-eabi/4.8.0/../../../../arm-none-eabi/lib/m4/fp/v4-sp-d16\libg_s.a(lib_a-vfprintf.o)
 .ARM.attributes
                0x00000b54       0x39 c:/freescale/kds_2.0.0/toolchain/bin/../lib/gcc/arm-none-eabi/4.8.0/../../../../arm-none-eabi/lib/m4/fp/v4-sp-d16\libg_s.a(lib_a-vfprintf_i.o)
 .ARM.attributes
                0x00000b8d       0x39 c:/freescale/kds_2.0.0/toolchain/bin/../lib/gcc/arm-none-eabi/4.8.0/../../../../arm-none-eabi/lib/m4/fp/v4-sp-d16\libg_s.a(lib_a-wbuf.o)
 .ARM.attributes
                0x00000bc6       0x39 c:/freescale/kds_2.0.0/toolchain/bin/../lib/gcc/arm-none-eabi/4.8.0/../../../../arm-none-eabi/lib/m4/fp/v4-sp-d16\libg_s.a(lib_a-wsetup.o)
 .ARM.attributes
                0x00000bff       0x39 c:/freescale/kds_2.0.0/toolchain/bin/../lib/gcc/arm-none-eabi/4.8.0/../../../../arm-none-eabi/lib/m4/fp/v4-sp-d16\libg_s.a(lib_a-__atexit.o)
 .ARM.attributes
                0x00000c38       0x39 c:/freescale/kds_2.0.0/toolchain/bin/../lib/gcc/arm-none-eabi/4.8.0/../../../../arm-none-eabi/lib/m4/fp/v4-sp-d16\libg_s.a(lib_a-__call_atexit.o)
 .ARM.attributes
                0x00000c71       0x39 c:/freescale/kds_2.0.0/toolchain/bin/../lib/gcc/arm-none-eabi/4.8.0/../../../../arm-none-eabi/lib/m4/fp/v4-sp-d16\libg_s.a(lib_a-abort.o)
 .ARM.attributes
                0x00000caa       0x39 c:/freescale/kds_2.0.0/toolchain/bin/../lib/gcc/arm-none-eabi/4.8.0/../../../../arm-none-eabi/lib/m4/fp/v4-sp-d16\libg_s.a(lib_a-errno.o)
 .ARM.attributes
                0x00000ce3       0x39 c:/freescale/kds_2.0.0/toolchain/bin/../lib/gcc/arm-none-eabi/4.8.0/../../../../arm-none-eabi/lib/m4/fp/v4-sp-d16\libg_s.a(lib_a-fflush.o)
 .ARM.attributes
                0x00000d1c       0x39 c:/freescale/kds_2.0.0/toolchain/bin/../lib/gcc/arm-none-eabi/4.8.0/../../../../arm-none-eabi/lib/m4/fp/v4-sp-d16\libg_s.a(lib_a-findfp.o)
 .ARM.attributes
                0x00000d55       0x39 c:/freescale/kds_2.0.0/toolchain/bin/../lib/gcc/arm-none-eabi/4.8.0/../../../../arm-none-eabi/lib/m4/fp/v4-sp-d16\libg_s.a(lib_a-freer.o)
 .ARM.attributes
                0x00000d8e       0x39 c:/freescale/kds_2.0.0/toolchain/bin/../lib/gcc/arm-none-eabi/4.8.0/../../../../arm-none-eabi/lib/m4/fp/v4-sp-d16\libg_s.a(lib_a-makebuf.o)
 .ARM.attributes
                0x00000dc7       0x39 c:/freescale/kds_2.0.0/toolchain/bin/../lib/gcc/arm-none-eabi/4.8.0/../../../../arm-none-eabi/lib/m4/fp/v4-sp-d16\libg_s.a(lib_a-malloc.o)
 .ARM.attributes
                0x00000e00       0x39 c:/freescale/kds_2.0.0/toolchain/bin/../lib/gcc/arm-none-eabi/4.8.0/../../../../arm-none-eabi/lib/m4/fp/v4-sp-d16\libg_s.a(lib_a-mallocr.o)
 .ARM.attributes
                0x00000e39       0x39 c:/freescale/kds_2.0.0/toolchain/bin/../lib/gcc/arm-none-eabi/4.8.0/../../../../arm-none-eabi/lib/m4/fp/v4-sp-d16\libg_s.a(lib_a-memchr.o)
 .ARM.attributes