Archive member included because of file (symbol)

d:/freescale/kds_2.0.0/toolchain/bin/../lib/gcc/arm-none-eabi/4.8.0/m4/fp/v4-sp-d16\libgcc.a(_arm_addsubdf3.o)
                              ./Sources/main.o (__aeabi_dadd)
d:/freescale/kds_2.0.0/toolchain/bin/../lib/gcc/arm-none-eabi/4.8.0/m4/fp/v4-sp-d16\libgcc.a(_arm_truncdfsf2.o)
                              ./Sources/main.o (__aeabi_d2f)
d:/freescale/kds_2.0.0/toolchain/bin/../lib/gcc/arm-none-eabi/4.8.0/../../../../arm-none-eabi/lib/m4/fp/v4-sp-d16\libg_s.a(lib_a-assert.o)
                              ./SDK/platform/system/src/interrupt/fsl_interrupt_manager.o (__assert_func)
d:/freescale/kds_2.0.0/toolchain/bin/../lib/gcc/arm-none-eabi/4.8.0/../../../../arm-none-eabi/lib/m4/fp/v4-sp-d16\libg_s.a(lib_a-atexit.o)
                              d:/freescale/kds_2.0.0/toolchain/bin/../lib/gcc/arm-none-eabi/4.8.0/../../../../arm-none-eabi/lib/m4/fp/v4-sp-d16/crt0.o (atexit)
d:/freescale/kds_2.0.0/toolchain/bin/../lib/gcc/arm-none-eabi/4.8.0/../../../../arm-none-eabi/lib/m4/fp/v4-sp-d16\libg_s.a(lib_a-exit.o)
                              d:/freescale/kds_2.0.0/toolchain/bin/../lib/gcc/arm-none-eabi/4.8.0/../../../../arm-none-eabi/lib/m4/fp/v4-sp-d16/crt0.o (exit)
d:/freescale/kds_2.0.0/toolchain/bin/../lib/gcc/arm-none-eabi/4.8.0/../../../../arm-none-eabi/lib/m4/fp/v4-sp-d16\libg_s.a(lib_a-fini.o)
                              d:/freescale/kds_2.0.0/toolchain/bin/../lib/gcc/arm-none-eabi/4.8.0/../../../../arm-none-eabi/lib/m4/fp/v4-sp-d16\libg_s.a(lib_a-exit.o) (__libc_fini_array)
d:/freescale/kds_2.0.0/toolchain/bin/../lib/gcc/arm-none-eabi/4.8.0/../../../../arm-none-eabi/lib/m4/fp/v4-sp-d16\libg_s.a(lib_a-fprintf.o)
                              d:/freescale/kds_2.0.0/toolchain/bin/../lib/gcc/arm-none-eabi/4.8.0/../../../../arm-none-eabi/lib/m4/fp/v4-sp-d16\libg_s.a(lib_a-assert.o) (fprintf)
d:/freescale/kds_2.0.0/toolchain/bin/../lib/gcc/arm-none-eabi/4.8.0/../../../../arm-none-eabi/lib/m4/fp/v4-sp-d16\libg_s.a(lib_a-impure.o)
                              d:/freescale/kds_2.0.0/toolchain/bin/../lib/gcc/arm-none-eabi/4.8.0/../../../../arm-none-eabi/lib/m4/fp/v4-sp-d16\libg_s.a(lib_a-exit.o) (_global_impure_ptr)
d:/freescale/kds_2.0.0/toolchain/bin/../lib/gcc/arm-none-eabi/4.8.0/../../../../arm-none-eabi/lib/m4/fp/v4-sp-d16\libg_s.a(lib_a-memcmp.o)
                              ./Generated_Code/tasks.o (memcmp)
d:/freescale/kds_2.0.0/toolchain/bin/../lib/gcc/arm-none-eabi/4.8.0/../../../../arm-none-eabi/lib/m4/fp/v4-sp-d16\libg_s.a(lib_a-memcpy.o)
                              ./Generated_Code/queue.o (memcpy)
d:/freescale/kds_2.0.0/toolchain/bin/../lib/gcc/arm-none-eabi/4.8.0/../../../../arm-none-eabi/lib/m4/fp/v4-sp-d16\libg_s.a(lib_a-memset.o)
                              d:/freescale/kds_2.0.0/toolchain/bin/../lib/gcc/arm-none-eabi/4.8.0/../../../../arm-none-eabi/lib/m4/fp/v4-sp-d16/crt0.o (memset)
d:/freescale/kds_2.0.0/toolchain/bin/../lib/gcc/arm-none-eabi/4.8.0/../../../../arm-none-eabi/lib/m4/fp/v4-sp-d16\libg_s.a(lib_a-setjmp.o)
                              ./Generated_Code/port.o (setjmp)
d:/freescale/kds_2.0.0/toolchain/bin/../lib/gcc/arm-none-eabi/4.8.0/../../../../arm-none-eabi/lib/m4/fp/v4-sp-d16\libg_s.a(lib_a-setvbuf.o)
                              ./SDK/platform/utilities/src/fsl_debug_console.o (setvbuf)
d:/freescale/kds_2.0.0/toolchain/bin/../lib/gcc/arm-none-eabi/4.8.0/../../../../arm-none-eabi/lib/m4/fp/v4-sp-d16\libg_s.a(lib_a-strchr.o)
                              ./Generated_Code/UTIL1.o (strchr)
d:/freescale/kds_2.0.0/toolchain/bin/../lib/gcc/arm-none-eabi/4.8.0/../../../../arm-none-eabi/lib/m4/fp/v4-sp-d16\libg_s.a(lib_a-strcpy.o)
                              ./Generated_Code/tasks.o (strcpy)
d:/freescale/kds_2.0.0/toolchain/bin/../lib/gcc/arm-none-eabi/4.8.0/../../../../arm-none-eabi/lib/m4/fp/v4-sp-d16\libg_s.a(lib_a-strlen.o)
                              ./SDK/platform/utilities/src/print_scan.o (strlen)
d:/freescale/kds_2.0.0/toolchain/bin/../lib/gcc/arm-none-eabi/4.8.0/../../../../arm-none-eabi/lib/m4/fp/v4-sp-d16\libg_s.a(lib_a-strncmp.o)
                              ./Generated_Code/UTIL1.o (strncmp)
d:/freescale/kds_2.0.0/toolchain/bin/../lib/gcc/arm-none-eabi/4.8.0/../../../../arm-none-eabi/lib/m4/fp/v4-sp-d16\libg_s.a(lib_a-syscalls.o)
                              d:/freescale/kds_2.0.0/toolchain/bin/../lib/gcc/arm-none-eabi/4.8.0/../../../../arm-none-eabi/lib/m4/fp/v4-sp-d16\libg_s.a(lib_a-exit.o) (_exit)
d:/freescale/kds_2.0.0/toolchain/bin/../lib/gcc/arm-none-eabi/4.8.0/../../../../arm-none-eabi/lib/m4/fp/v4-sp-d16\libg_s.a(lib_a-vfprintf.o)
                              d:/freescale/kds_2.0.0/toolchain/bin/../lib/gcc/arm-none-eabi/4.8.0/../../../../arm-none-eabi/lib/m4/fp/v4-sp-d16\libg_s.a(lib_a-fprintf.o) (_vfprintf_r)
d:/freescale/kds_2.0.0/toolchain/bin/../lib/gcc/arm-none-eabi/4.8.0/../../../../arm-none-eabi/lib/m4/fp/v4-sp-d16\libg_s.a(lib_a-vfprintf_i.o)
[...]
Memory Configuration

Name             Origin             Length             Attributes
m_interrupts     0x00000000         0x00000400         xr
m_flash_config   0x00000400         0x00000010         xr
m_interrupts_ram 0x1fff0000         0x00000400         rw
m_text           0x00000410         0x0007fbf0         xr
m_data           0x1fff0400         0x0000fc00         rw
m_data_2         0x20000000         0x00010000         rw
*default*        0x00000000         0xffffffff

Linker script and memory map

LOAD d:/freescale/kds_2.0.0/toolchain/bin/../lib/gcc/arm-none-eabi/4.8.0/m4/fp/v4-sp-d16/crti.o
LOAD d:/freescale/kds_2.0.0/toolchain/bin/../lib/gcc/arm-none-eabi/4.8.0/m4/fp/v4-sp-d16/crtbegin.o
LOAD d:/freescale/kds_2.0.0/toolchain/bin/../lib/gcc/arm-none-eabi/4.8.0/../../../../arm-none-eabi/lib/m4/fp/v4-sp-d16/crt0.o
LOAD ./Static_Code/System/PE_low_level_init.o
LOAD ./Sources/Events.o
LOAD ./Sources/main.o
LOAD ./SDK/platform/utilities/src/fsl_debug_console.o
LOAD ./SDK/platform/utilities/src/print_scan.o
LOAD ./SDK/platform/system/src/interrupt/fsl_interrupt_manager.o
LOAD ./SDK/platform/system/src/clock/MK22F51212/fsl_clock_MK22F51212.o
LOAD ./SDK/platform/system/src/clock/fsl_clock_manager.o
LOAD ./SDK/platform/system/src/clock/fsl_clock_manager_common.o
LOAD ./SDK/platform/startup/MK22F51212/gcc/startup_MK22F51212.o
LOAD ./SDK/platform/startup/MK22F51212/system_MK22F51212.o
LOAD ./SDK/platform/startup/startup.o
LOAD ./SDK/platform/osa/src/fsl_os_abstraction_free_rtos.o
LOAD ./SDK/platform/hal/src/uart/fsl_uart_hal.o
LOAD ./SDK/platform/hal/src/sim/MK22F51212/fsl_sim_hal_MK22F51212.o
LOAD ./SDK/platform/hal/src/port/fsl_port_hal.o
LOAD ./SDK/platform/hal/src/osc/fsl_osc_hal.o
LOAD ./SDK/platform/hal/src/mcg/fsl_mcg_hal.o
LOAD ./SDK/platform/hal/src/mcg/fsl_mcg_hal_modes.o
LOAD ./SDK/platform/hal/src/lpuart/fsl_lpuart_hal.o
LOAD ./SDK/platform/hal/src/lptmr/fsl_lptmr_hal.o
LOAD ./SDK/platform/hal/src/gpio/fsl_gpio_hal.o
LOAD ./SDK/platform/drivers/src/gpio/fsl_gpio_common.o
LOAD ./SDK/platform/drivers/src/gpio/fsl_gpio_driver.o
LOAD ./Generated_Code/CS1.o
LOAD ./Generated_Code/Cpu.o
LOAD ./Generated_Code/DbgCs1.o
LOAD ./Generated_Code/FreeRTOS1.o
LOAD ./Generated_Code/KSDK1.o
LOAD ./Generated_Code/UTIL1.o
LOAD ./Generated_Code/WAIT1.o
LOAD ./Generated_Code/croutine.o
LOAD ./Generated_Code/event_groups.o
LOAD ./Generated_Code/gpio1.o
LOAD ./Generated_Code/hardware_init.o
LOAD ./Generated_Code/heap_1.o
LOAD ./Generated_Code/heap_2.o
LOAD ./Generated_Code/heap_3.o
LOAD ./Generated_Code/heap_4.o
LOAD ./Generated_Code/heap_5.o
LOAD ./Generated_Code/list.o
LOAD ./Generated_Code/osa1.o
LOAD ./Generated_Code/pin_init.o
LOAD ./Generated_Code/port.o
LOAD ./Generated_Code/queue.o
LOAD ./Generated_Code/tasks.o
LOAD ./Generated_Code/timers.o
LOAD d:/freescale/kds_2.0.0/toolchain/bin/../lib/gcc/arm-none-eabi/4.8.0/../../../../arm-none-eabi/lib/m4/fp/v4-sp-d16\libstdc++.a
LOAD d:/freescale/kds_2.0.0/toolchain/bin/../lib/gcc/arm-none-eabi/4.8.0/../../../../arm-none-eabi/lib/m4/fp/v4-sp-d16\libm.a
START GROUP
LOAD d:/freescale/kds_2.0.0/toolchain/bin/../lib/gcc/arm-none-eabi/4.8.0/m4/fp/v4-sp-d16\libgcc.a
LOAD d:/freescale/kds_2.0.0/toolchain/bin/../lib/gcc/arm-none-eabi/4.8.0/../../../../arm-none-eabi/lib/m4/fp/v4-sp-d16\libg_s.a
LOAD d:/freescale/kds_2.0.0/toolchain/bin/../lib/gcc/arm-none-eabi/4.8.0/../../../../arm-none-eabi/lib/m4/fp/v4-sp-d16\libc_s.a
END GROUP
LOAD d:/freescale/kds_2.0.0/toolchain/bin/../lib/gcc/arm-none-eabi/4.8.0/m4/fp/v4-sp-d16/crtend.o
LOAD d:/freescale/kds_2.0.0/toolchain/bin/../lib/gcc/arm-none-eabi/4.8.0/m4/fp/v4-sp-d16/crtn.o
                0x00001000                HEAP_SIZE = DEFINED (__heap_size__)?__heap_size__:0x1000
                0x00001000                STACK_SIZE = DEFINED (__stack_size__)?__stack_size__:0x1000

.interrupts     0x00000000      0x400
                0x00000000                __VECTOR_TABLE = .
                0x00000000                . = ALIGN (0x4)
 *(.isr_vector)
 .isr_vector    0x00000000      0x400 ./SDK/platform/startup/MK22F51212/gcc/startup_MK22F51212.o
                0x00000000                __isr_vector
                0x00000400                . = ALIGN (0x4)
                0x1fff0000                __VECTOR_RAM = ORIGIN (m_interrupts_ram)

.flash_config   0x00000400       0x10
                0x00000400                . = ALIGN (0x4)
 *(.FlashConfig)
 .FlashConfig   0x00000400       0x10 ./SDK/platform/startup/MK22F51212/gcc/startup_MK22F51212.o
                0x00000410                . = ALIGN (0x4)

.text           0x00000410     0x6108
                0x00000410                . = ALIGN (0x4)
 *(.text)
 .text          0x00000410      0x120 d:/freescale/kds_2.0.0/toolchain/bin/../lib/gcc/arm-none-eabi/4.8.0/../../../../arm-none-eabi/lib/m4/fp/v4-sp-d16/crt0.o
                0x00000440                _start
 .text          0x00000530       0x3c ./SDK/platform/startup/MK22F51212/gcc/startup_MK22F51212.o
                0x00000530                Reset_Handler
                0x00000568                Reserved54_IRQHandler
                0x00000568                DebugMon_Handler
                0x00000568                I2C0_IRQHandler
                0x00000568                HardFault_Handler
                0x00000568                Reserved86_IRQHandler
                0x00000568                Reserved85_IRQHandler
                0x00000568                NMI_Handler
                0x00000568                UART0_RX_TX_IRQHandler
                0x00000568                I2C1_IRQHandler
                0x00000568                DMA2_IRQHandler
                0x00000568                Reserved99_IRQHandler
                0x00000568                PIT0_IRQHandler
                0x00000568                Reserved84_IRQHandler
                0x00000568                Reserved92_IRQHandler
                0x00000568                UART2_RX_TX_IRQHandler
                0x00000568                SWI_IRQHandler
                0x00000568                ADC0_IRQHandler
                0x00000568                UsageFault_Handler
                0x00000568                I2S0_Tx_IRQHandler
                0x00000568                SPI1_IRQHandler
                0x00000568                DefaultISR
                0x00000568                DMA9_IRQHandler
                0x00000568                DMA14_IRQHandler
                0x00000568                Reserved82_IRQHandler
                0x00000568                CMP1_IRQHandler
                0x00000568                Reserved71_IRQHandler
                0x00000568                PORTD_IRQHandler
                0x00000568                PORTB_IRQHandler
                0x00000568                Reserved70_IRQHandler
                0x00000568                ADC1_IRQHandler
                0x00000568                PIT2_IRQHandler
                0x00000568                I2S0_Rx_IRQHandler
                0x00000568                Reserved53_IRQHandler
                0x00000568                DMA5_IRQHandler
                0x00000568                RTC_IRQHandler
                0x00000568                PDB0_IRQHandler
                0x00000568                Reserved96_IRQHandler
                0x00000568                FTM1_IRQHandler
                0x00000568                Reserved61_IRQHandler
                0x00000568                Reserved95_IRQHandler
                0x00000568                PIT3_IRQHandler
                0x00000568                RTC_Seconds_IRQHandler
                0x00000568                MCG_IRQHandler
                0x00000568                UART2_ERR_IRQHandler
                0x00000568                DMA11_IRQHandler
                0x00000568                Read_Collision_IRQHandler
                0x00000568                Reserved98_IRQHandler
                0x00000568                DMA7_IRQHandler
                0x00000568                Reserved101_IRQHandler
                0x00000568                USB0_IRQHandler
                0x00000568                LLW_IRQHandler
                0x00000568                WDOG_EWM_IRQHandler
                0x00000568                MemManage_Handler
                0x00000568                Reserved90_IRQHandler
                0x00000568                Reserved83_IRQHandler
                0x00000568                DMA13_IRQHandler
                0x00000568                DMA3_IRQHandler
                0x00000568                Reserved100_IRQHandler
                0x00000568                RNG_IRQHandler
                0x00000568                DMA0_IRQHandler
                0x00000568                Reserved97_IRQHandler
                0x00000568                Reserved91_IRQHandler
                0x00000568                LPUART0_IRQHandler
                0x00000568                DMA15_IRQHandler
                0x00000568                DAC0_IRQHandler
                0x00000568                Reserved81_IRQHandler
                0x00000568                Reserved94_IRQHandler
                0x00000568                DMA4_IRQHandler
                0x00000568                PIT1_IRQHandler
                0x00000568                UART0_ERR_IRQHandler
                0x00000568                DMA_Error_IRQHandler
                0x00000568                LVD_LVW_IRQHandler
                0x00000568                SPI0_IRQHandler
                0x00000568                FTM0_IRQHandler
                0x00000568                PORTA_IRQHandler
                0x00000568                DAC1_IRQHandler
                0x00000568                MCM_IRQHandler
                0x00000568                DMA12_IRQHandler
                0x00000568                FTM3_IRQHandler
                0x00000568                PORTE_IRQHandler
                0x00000568                FTM2_IRQHandler
                0x00000568                LPTMR0_IRQHandler
                0x00000568                BusFault_Handler
                0x00000568                DMA8_IRQHandler
                0x00000568                Reserved93_IRQHandler
                0x00000568                DMA10_IRQHandler
                0x00000568                UART1_ERR_IRQHandler
                0x00000568                UART1_RX_TX_IRQHandler
                0x00000568                CMP0_IRQHandler
                0x00000568                PORTC_IRQHandler
                0x00000568                DMA6_IRQHandler
                0x00000568                FTF_IRQHandler
                0x00000568                DMA1_IRQHandler
 .text          0x0000056c      0x370 d:/freescale/kds_2.0.0/toolchain/bin/../lib/gcc/arm-none-eabi/4.8.0/m4/fp/v4-sp-d16\libgcc.a(_arm_addsubdf3.o)
                0x0000056c                __aeabi_drsub
                0x00000574                __aeabi_dsub
                0x00000574                __subdf3
                0x00000578                __aeabi_dadd
                0x00000578                __adddf3
                0x000007f0                __floatunsidf
                0x000007f0                __aeabi_ui2d
                0x00000810                __floatsidf
                0x00000810                __aeabi_i2d
                0x00000834                __aeabi_f2d
                0x00000834                __extendsfdf2
                0x00000870                __floatundidf
                0x00000870                __aeabi_ul2d
                0x00000880                __floatdidf
                0x00000880                __aeabi_l2d
 .text          0x000008dc       0xa0 d:/freescale/kds_2.0.0/toolchain/bin/../lib/gcc/arm-none-eabi/4.8.0/m4/fp/v4-sp-d16\libgcc.a(_arm_truncdfsf2.o)
                0x000008dc                __truncdfsf2
                0x000008dc                __aeabi_d2f
 .text          0x0000097c       0x1c d:/freescale/kds_2.0.0/toolchain/bin/../lib/gcc/arm-none-eabi/4.8.0/../../../../arm-none-eabi/lib/m4/fp/v4-sp-d16\libg_s.a(lib_a-setjmp.o)
                0x0000097c                setjmp
                0x00000988                longjmp
 *(.text*)
 .text.deregister_tm_clones
                0x00000998       0x20 d:/freescale/kds_2.0.0/toolchain/bin/../lib/gcc/arm-none-eabi/4.8.0/m4/fp/v4-sp-d16/crtbegin.o
 .text.register_tm_clones
                0x000009b8       0x28 d:/freescale/kds_2.0.0/toolchain/bin/../lib/gcc/arm-none-eabi/4.8.0/m4/fp/v4-sp-d16/crtbegin.o
 .text.__do_global_dtors_aux
                0x000009e0       0x2c d:/freescale/kds_2.0.0/toolchain/bin/../lib/gcc/arm-none-eabi/4.8.0/m4/fp/v4-sp-d16/crtbegin.o
 .text.frame_dummy
                0x00000a0c       0x38 d:/freescale/kds_2.0.0/toolchain/bin/../lib/gcc/arm-none-eabi/4.8.0/m4/fp/v4-sp-d16/crtbegin.o
 .text.PE_components_init
                0x00000a44        0xc ./Static_Code/System/PE_low_level_init.o
                0x00000a44                PE_components_init
 .text.PE_low_level_init
                0x00000a50       0x10 ./Static_Code/System/PE_low_level_init.o
                0x00000a50                PE_low_level_init
 .text.FreeRTOS1_vApplicationStackOverflowHook
                0x00000a60       0x14 ./Sources/Events.o
                0x00000a60                FreeRTOS1_vApplicationStackOverflowHook
 .text.FreeRTOS1_vApplicationTickHook
                0x00000a74        0xc ./Sources/Events.o
                0x00000a74                FreeRTOS1_vApplicationTickHook
 .text.FreeRTOS1_vApplicationIdleHook
                0x00000a80        0xc ./Sources/Events.o
                0x00000a80                FreeRTOS1_vApplicationIdleHook
 .text.FreeRTOS1_vApplicationMallocFailedHook
                0x00000a8c       0x10 ./Sources/Events.o
                0x00000a8c                FreeRTOS1_vApplicationMallocFailedHook
 *fill*         0x00000a9c        0x4 
 .text.main     0x00000aa0       0xf0 ./Sources/main.o
                0x00000aa0                main
 .text.vDummy1  0x00000b90       0xc8 ./Sources/main.o
 .text.vDummy2  0x00000c58       0x34 ./Sources/main.o
 .text.vMonitorTasks
                0x00000c8c       0x98 ./Sources/main.o
 .text.UART_HAL_EnableTransmitter
                0x00000d24       0x24 ./SDK/platform/utilities/src/fsl_debug_console.o
 .text.UART_HAL_EnableReceiver
                0x00000d48       0x24 ./SDK/platform/utilities/src/fsl_debug_console.o
 .text.UART_HAL_SetBitCountPerChar
                0x00000d6c       0x28 ./SDK/platform/utilities/src/fsl_debug_console.o
 .text.LPUART_HAL_SetTransmitterCmd
                0x00000d94       0x28 ./SDK/platform/utilities/src/fsl_debug_console.o
 .text.LPUART_HAL_SetReceiverCmd
                0x00000dbc       0x28 ./SDK/platform/utilities/src/fsl_debug_console.o
 .text.LPUART_HAL_SetStopBitCount
                0x00000de4       0x24 ./SDK/platform/utilities/src/fsl_debug_console.o
 .text.SIM_HAL_EnableClock
                0x00000e08       0x44 ./SDK/platform/utilities/src/fsl_debug_console.o
 .text.CLOCK_SYS_EnableLpuartClock
                0x00000e4c       0x1c ./SDK/platform/utilities/src/fsl_debug_console.o
 .text.DbgConsole_Init
                0x00000e68      0x1c0 ./SDK/platform/utilities/src/fsl_debug_console.o
                0x00000e68                DbgConsole_Init
 .text._write   0x00001028       0x68 ./SDK/platform/utilities/src/fsl_debug_console.o
                0x00001028                _write
 .text._read    0x00001090       0x54 ./SDK/platform/utilities/src/fsl_debug_console.o
                0x00001090                _read
 .text.debug_printf
                0x000010e4       0x38 ./SDK/platform/utilities/src/fsl_debug_console.o
                0x000010e4                debug_printf
 .text.debug_putc
                0x0000111c       0x3c ./SDK/platform/utilities/src/fsl_debug_console.o
 .text._doprint
                0x00001158      0x750 ./SDK/platform/utilities/src/print_scan.o
                0x00001158                _doprint
 .text.mknumstr
                0x000018a8      0x110 ./SDK/platform/utilities/src/print_scan.o
 .text.fput_pad
                0x000019b8       0x40 ./SDK/platform/utilities/src/print_scan.o
 .text.SIM_HAL_EnableClock
                0x000019f8       0x44 ./SDK/platform/system/src/clock/MK22F51212/fsl_clock_MK22F51212.o
 .text.CLOCK_HAL_GetLpuartSrc
                0x00001a3c       0x28 ./SDK/platform/system/src/clock/MK22F51212/fsl_clock_MK22F51212.o
 .text.CLOCK_HAL_GetPllfllSel
                0x00001a64       0x28 ./SDK/platform/system/src/clock/MK22F51212/fsl_clock_MK22F51212.o
 .text.CLOCK_HAL_GetOutDiv1
                0x00001a8c       0x24 ./SDK/platform/system/src/clock/MK22F51212/fsl_clock_MK22F51212.o
 .text.CLOCK_HAL_GetOutDiv2
                0x00001ab0       0x28 ./SDK/platform/system/src/clock/MK22F51212/fsl_clock_MK22F51212.o
 .text.CLOCK_SYS_GetSystemClockFreq
                0x00001ad8       0x2c ./SDK/platform/system/src/clock/MK22F51212/fsl_clock_MK22F51212.o
                0x00001ad8                CLOCK_SYS_GetSystemClockFreq
 .text.CLOCK_SYS_GetBusClockFreq
                0x00001b04       0x2c ./SDK/platform/system/src/clock/MK22F51212/fsl_clock_MK22F51212.o
                0x00001b04                CLOCK_SYS_GetBusClockFreq
 .text.CLOCK_SYS_GetPllFllClockFreq
                0x00001b30       0x60 ./SDK/platform/system/src/clock/MK22F51212/fsl_clock_MK22F51212.o
                0x00001b30                CLOCK_SYS_GetPllFllClockFreq
 .text.CLOCK_SYS_GetOsc0ExternalRefClockUndivFreq
                0x00001b90       0x2c ./SDK/platform/system/src/clock/MK22F51212/fsl_clock_MK22F51212.o
                0x00001b90                CLOCK_SYS_GetOsc0ExternalRefClockUndivFreq
 .text.CLOCK_SYS_GetOsc0ExternalRefClockFreq
                0x00001bbc       0x24 ./SDK/platform/system/src/clock/MK22F51212/fsl_clock_MK22F51212.o
                0x00001bbc                CLOCK_SYS_GetOsc0ExternalRefClockFreq
 .text.CLOCK_SYS_GetLpuartFreq
                0x00001be0       0x58 ./SDK/platform/system/src/clock/MK22F51212/fsl_clock_MK22F51212.o
                0x00001be0                CLOCK_SYS_GetLpuartFreq
 .text.CLOCK_SYS_GetUartFreq
                0x00001c38       0x34 ./SDK/platform/system/src/clock/MK22F51212/fsl_clock_MK22F51212.o
                0x00001c38                CLOCK_SYS_GetUartFreq
 .text.CLOCK_SYS_EnablePortClock
                0x00001c6c       0x50 ./SDK/platform/system/src/clock/MK22F51212/fsl_clock_MK22F51212.o
                0x00001c6c                CLOCK_SYS_EnablePortClock
 .text.CLOCK_SYS_EnableUartClock
                0x00001cbc       0x50 ./SDK/platform/system/src/clock/MK22F51212/fsl_clock_MK22F51212.o
                0x00001cbc                CLOCK_SYS_EnableUartClock
 .text.SystemInit
                0x00001d0c      0x290 ./SDK/platform/startup/MK22F51212/system_MK22F51212.o
                0x00001d0c                SystemInit
 .text.init_data_bss
                0x00001f9c       0xfc ./SDK/platform/startup/startup.o
                0x00001f9c                init_data_bss
 .text.UART_HAL_IsTxDataRegEmpty
                0x00002098       0x30 ./SDK/platform/hal/src/uart/fsl_uart_hal.o
 .text.UART_HAL_IsRxDataRegFull
                0x000020c8       0x30 ./SDK/platform/hal/src/uart/fsl_uart_hal.o
 .text.UART_HAL_SetBaudRate
                0x000020f8       0xa4 ./SDK/platform/hal/src/uart/fsl_uart_hal.o
                0x000020f8                UART_HAL_SetBaudRate
 .text.UART_HAL_SetParityMode
                0x0000219c       0x40 ./SDK/platform/hal/src/uart/fsl_uart_hal.o
                0x0000219c                UART_HAL_SetParityMode
 .text.UART_HAL_Putchar
                0x000021dc       0x24 ./SDK/platform/hal/src/uart/fsl_uart_hal.o
                0x000021dc                UART_HAL_Putchar
 .text.UART_HAL_Getchar
                0x00002200       0x28 ./SDK/platform/hal/src/uart/fsl_uart_hal.o
                0x00002200                UART_HAL_Getchar
 .text.UART_HAL_SendDataPolling
                0x00002228       0x44 ./SDK/platform/hal/src/uart/fsl_uart_hal.o
                0x00002228                UART_HAL_SendDataPolling
 .text.UART_HAL_ReceiveDataPolling
                0x0000226c       0x6c ./SDK/platform/hal/src/uart/fsl_uart_hal.o
                0x0000226c                UART_HAL_ReceiveDataPolling
 .text.OSC_HAL_GetExternalRefClkCmd
                0x000022d8       0x2c ./SDK/platform/hal/src/osc/fsl_osc_hal.o
                0x000022d8                OSC_HAL_GetExternalRefClkCmd
 .text.OSC_HAL_GetExternalRefClkDivCmd
                0x00002304       0x20 ./SDK/platform/hal/src/osc/fsl_osc_hal.o
                0x00002304                OSC_HAL_GetExternalRefClkDivCmd
 .text.CLOCK_HAL_GetClkSrcMode
                0x00002324       0x20 ./SDK/platform/hal/src/mcg/fsl_mcg_hal.o
 .text.CLOCK_HAL_GetFllExternalRefDiv
                0x00002344       0x24 ./SDK/platform/hal/src/mcg/fsl_mcg_hal.o
 .text.CLOCK_HAL_GetInternalRefSelMode
                0x00002368       0x24 ./SDK/platform/hal/src/mcg/fsl_mcg_hal.o
 .text.CLOCK_HAL_GetInternalClkCmd
                0x0000238c       0x2c ./SDK/platform/hal/src/mcg/fsl_mcg_hal.o
 .text.CLOCK_HAL_GetRange0Mode
                0x000023b8       0x24 ./SDK/platform/hal/src/mcg/fsl_mcg_hal.o
 .text.CLOCK_HAL_GetInternalRefClkSelMode
                0x000023dc       0x24 ./SDK/platform/hal/src/mcg/fsl_mcg_hal.o
 .text.CLOCK_HAL_GetDmx32
                0x00002400       0x24 ./SDK/platform/hal/src/mcg/fsl_mcg_hal.o
 .text.CLOCK_HAL_GetDcoRangeMode
                0x00002424       0x24 ./SDK/platform/hal/src/mcg/fsl_mcg_hal.o
 .text.CLOCK_HAL_GetPllExternalRefDiv0
                0x00002448       0x20 ./SDK/platform/hal/src/mcg/fsl_mcg_hal.o
 .text.CLOCK_HAL_GetPllSelMode
                0x00002468       0x24 ./SDK/platform/hal/src/mcg/fsl_mcg_hal.o
 .text.CLOCK_HAL_GetVoltCtrlOscDiv0
                0x0000248c       0x20 ./SDK/platform/hal/src/mcg/fsl_mcg_hal.o
 .text.CLOCK_HAL_GetFastClkInternalRefDiv
                0x000024ac       0x24 ./SDK/platform/hal/src/mcg/fsl_mcg_hal.o
 .text.CLOCK_HAL_GetOscselMode
                0x000024d0       0x20 ./SDK/platform/hal/src/mcg/fsl_mcg_hal.o
 .text.CLOCK_HAL_TestOscFreq
                0x000024f0       0x58 ./SDK/platform/hal/src/mcg/fsl_mcg_hal.o
                0x000024f0                CLOCK_HAL_TestOscFreq
 .text.CLOCK_HAL_GetMcgExternalClkFreq
                0x00002548       0x24 ./SDK/platform/hal/src/mcg/fsl_mcg_hal.o
 .text.CLOCK_HAL_TestFllExternalRefFreq
                0x0000256c       0x94 ./SDK/platform/hal/src/mcg/fsl_mcg_hal.o
                0x0000256c                CLOCK_HAL_TestFllExternalRefFreq
 .text.CLOCK_HAL_GetFllRefClk
                0x00002600       0x60 ./SDK/platform/hal/src/mcg/fsl_mcg_hal.o
                0x00002600                CLOCK_HAL_GetFllRefClk
 .text.CLOCK_HAL_TestFllFreq
                0x00002660       0x60 ./SDK/platform/hal/src/mcg/fsl_mcg_hal.o
                0x00002660                CLOCK_HAL_TestFllFreq
 .text.CLOCK_HAL_GetFllClk
                0x000026c0       0x44 ./SDK/platform/hal/src/mcg/fsl_mcg_hal.o
                0x000026c0                CLOCK_HAL_GetFllClk
 .text.CLOCK_HAL_GetPll0RefFreq
                0x00002704       0x18 ./SDK/platform/hal/src/mcg/fsl_mcg_hal.o
                0x00002704                CLOCK_HAL_GetPll0RefFreq
 .text.CLOCK_HAL_GetPll0Clk
                0x0000271c       0x48 ./SDK/platform/hal/src/mcg/fsl_mcg_hal.o
                0x0000271c                CLOCK_HAL_GetPll0Clk
 .text.CLOCK_HAL_GetInternalRefClk
                0x00002764       0x5c ./SDK/platform/hal/src/mcg/fsl_mcg_hal.o
                0x00002764                CLOCK_HAL_GetInternalRefClk
 .text.CLOCK_HAL_GetOutClk
                0x000027c0       0x64 ./SDK/platform/hal/src/mcg/fsl_mcg_hal.o
                0x000027c0                CLOCK_HAL_GetOutClk
 .text.LPUART_HAL_Putchar
                0x00002824       0x20 ./SDK/platform/hal/src/lpuart/fsl_lpuart_hal.o
 .text.LPUART_HAL_Getchar
                0x00002844       0x20 ./SDK/platform/hal/src/lpuart/fsl_lpuart_hal.o
 .text.LPUART_HAL_IsTxDataRegEmpty
                0x00002864       0x2c ./SDK/platform/hal/src/lpuart/fsl_lpuart_hal.o
 .text.LPUART_HAL_IsRxDataRegFull
                0x00002890       0x2c ./SDK/platform/hal/src/lpuart/fsl_lpuart_hal.o
 .text.LPUART_HAL_SetBaudRate
                0x000028bc      0x124 ./SDK/platform/hal/src/lpuart/fsl_lpuart_hal.o
                0x000028bc                LPUART_HAL_SetBaudRate
 .text.LPUART_HAL_SetBitCountPerChar
                0x000029e0       0x4c ./SDK/platform/hal/src/lpuart/fsl_lpuart_hal.o
                0x000029e0                LPUART_HAL_SetBitCountPerChar
 .text.LPUART_HAL_SetParityMode
                0x00002a2c       0x3c ./SDK/platform/hal/src/lpuart/fsl_lpuart_hal.o
                0x00002a2c                LPUART_HAL_SetParityMode
 .text.LPUART_HAL_SendDataPolling
                0x00002a68       0x44 ./SDK/platform/hal/src/lpuart/fsl_lpuart_hal.o
                0x00002a68                LPUART_HAL_SendDataPolling
 .text.LPUART_HAL_ReceiveDataPolling
                0x00002aac       0x70 ./SDK/platform/hal/src/lpuart/fsl_lpuart_hal.o
                0x00002aac                LPUART_HAL_ReceiveDataPolling
 .text.GPIO_HAL_SetPinDir
                0x00002b1c       0x70 ./SDK/platform/hal/src/gpio/fsl_gpio_hal.o
                0x00002b1c                GPIO_HAL_SetPinDir
 .text.GPIO_HAL_WritePinOutput
                0x00002b8c       0x5c ./SDK/platform/hal/src/gpio/fsl_gpio_hal.o
                0x00002b8c                GPIO_HAL_WritePinOutput
 .text.NVIC_EnableIRQ
                0x00002be8       0x34 ./SDK/platform/drivers/src/gpio/fsl_gpio_driver.o
 .text.PORT_HAL_SetPullMode
                0x00002c1c       0x4c ./SDK/platform/drivers/src/gpio/fsl_gpio_driver.o
 .text.PORT_HAL_SetPullCmd
                0x00002c68       0x4c ./SDK/platform/drivers/src/gpio/fsl_gpio_driver.o
 .text.PORT_HAL_SetSlewRateMode
                0x00002cb4       0x4c ./SDK/platform/drivers/src/gpio/fsl_gpio_driver.o
 .text.PORT_HAL_SetPassiveFilterCmd
                0x00002d00       0x4c ./SDK/platform/drivers/src/gpio/fsl_gpio_driver.o
 .text.PORT_HAL_SetOpenDrainCmd
                0x00002d4c       0x4c ./SDK/platform/drivers/src/gpio/fsl_gpio_driver.o
 .text.PORT_HAL_SetDriveStrengthMode
                0x00002d98       0x4c ./SDK/platform/drivers/src/gpio/fsl_gpio_driver.o
 .text.PORT_HAL_SetDigitalFilterCmd
                0x00002de4       0x50 ./SDK/platform/drivers/src/gpio/fsl_gpio_driver.o
 .text.PORT_HAL_SetPinIntMode
                0x00002e34       0x5c ./SDK/platform/drivers/src/gpio/fsl_gpio_driver.o
 .text.GPIO_HAL_TogglePinOutput
                0x00002e90       0x44 ./SDK/platform/drivers/src/gpio/fsl_gpio_driver.o
 .text.INT_SYS_EnableIRQ
                0x00002ed4       0x68 ./SDK/platform/drivers/src/gpio/fsl_gpio_driver.o
 .text.GPIO_DRV_Init
                0x00002f3c       0x50 ./SDK/platform/drivers/src/gpio/fsl_gpio_driver.o
                0x00002f3c                GPIO_DRV_Init
 .text.GPIO_DRV_InputPinInit
                0x00002f8c       0xc8 ./SDK/platform/drivers/src/gpio/fsl_gpio_driver.o
                0x00002f8c                GPIO_DRV_InputPinInit
 .text.GPIO_DRV_OutputPinInit
                0x00003054       0x88 ./SDK/platform/drivers/src/gpio/fsl_gpio_driver.o
                0x00003054                GPIO_DRV_OutputPinInit
 .text.GPIO_DRV_TogglePinOutput
                0x000030dc       0x30 ./SDK/platform/drivers/src/gpio/fsl_gpio_driver.o
                0x000030dc                GPIO_DRV_TogglePinOutput
 .text.Components_Init
                0x0000310c       0x28 ./Generated_Code/Cpu.o
                0x0000310c                Components_Init
 .text.UTIL1_strcat
                0x00003134       0x64 ./Generated_Code/UTIL1.o
                0x00003134                UTIL1_strcat
 .text.UTIL1_chcat
                0x00003198       0x50 ./Generated_Code/UTIL1.o
                0x00003198                UTIL1_chcat
 .text.UTIL1_strcatNum32u
                0x000031e8       0x30 ./Generated_Code/UTIL1.o
                0x000031e8                UTIL1_strcatNum32u
 .text.UTIL1_Num32uToStr
                0x00003218       0xec ./Generated_Code/UTIL1.o
                0x00003218                UTIL1_Num32uToStr
 .text.hardware_init
                0x00003304       0x40 ./Generated_Code/hardware_init.o
                0x00003304                hardware_init
 .text.pvPortMalloc
                0x00003344      0x144 ./Generated_Code/heap_2.o
                0x00003344                pvPortMalloc
 .text.vPortFree
                0x00003488       0x7c ./Generated_Code/heap_2.o
                0x00003488                vPortFree
 .text.prvHeapInit
                0x00003504       0x68 ./Generated_Code/heap_2.o
 .text.vListInitialise
                0x0000356c       0x40 ./Generated_Code/list.o
                0x0000356c                vListInitialise
 .text.vListInitialiseItem
                0x000035ac       0x18 ./Generated_Code/list.o
                0x000035ac                vListInitialiseItem
 .text.vListInsertEnd
                0x000035c4       0x48 ./Generated_Code/list.o
                0x000035c4                vListInsertEnd
 .text.vListInsert
                0x0000360c       0x70 ./Generated_Code/list.o
                0x0000360c                vListInsert
 .text.uxListRemove
                0x0000367c       0x54 ./Generated_Code/list.o
                0x0000367c                uxListRemove
 .text.PORT_HAL_SetSlewRateMode
                0x000036d0       0x4c ./Generated_Code/pin_init.o
 .text.PORT_HAL_SetOpenDrainCmd
                0x0000371c       0x4c ./Generated_Code/pin_init.o
 .text.PORT_HAL_SetMuxMode
                0x00003768       0x5c ./Generated_Code/pin_init.o
 .text.configure_gpio_pins
                0x000037c4       0x78 ./Generated_Code/pin_init.o
                0x000037c4                configure_gpio_pins
 .text.configure_jtag_pins
                0x0000383c       0x30 ./Generated_Code/pin_init.o
                0x0000383c                configure_jtag_pins
 .text.configure_uart_pins
                0x0000386c       0x38 ./Generated_Code/pin_init.o
                0x0000386c                configure_uart_pins
 .text.pxPortInitialiseStack
                0x000038a4       0x60 ./Generated_Code/port.o
                0x000038a4                pxPortInitialiseStack
 .text.vPortInitTickTimer
                0x00003904       0x60 ./Generated_Code/port.o
                0x00003904                vPortInitTickTimer
 .text.vPortStartTickTimer
                0x00003964       0x18 ./Generated_Code/port.o
                0x00003964                vPortStartTickTimer
 .text.vPortStopTickTimer
                0x0000397c       0x18 ./Generated_Code/port.o
                0x0000397c                vPortStopTickTimer
 .text.vPortEnableVFP
                0x00003994       0x1c ./Generated_Code/port.o
                0x00003994                vPortEnableVFP
 .text.xPortStartScheduler
                0x000039b0       0x6c ./Generated_Code/port.o
                0x000039b0                xPortStartScheduler
 .text.vPortEnterCritical
                0x00003a1c       0x34 ./Generated_Code/port.o
                0x00003a1c                vPortEnterCritical
 .text.vPortExitCritical
                0x00003a50       0x38 ./Generated_Code/port.o
                0x00003a50                vPortExitCritical
 .text.vPortYieldFromISR
                0x00003a88       0x24 ./Generated_Code/port.o
                0x00003a88                vPortYieldFromISR
 .text.SysTick_Handler
                0x00003aac       0x24 ./Generated_Code/port.o
                0x00003aac                SysTick_Handler
 .text.vPortStartFirstTask
                0x00003ad0       0x20 ./Generated_Code/port.o
                0x00003ad0                vPortStartFirstTask
 .text.SVC_Handler
                0x00003af0       0x1c ./Generated_Code/port.o
                0x00003af0                SVC_Handler
 .text.PendSV_Handler
                0x00003b0c       0x50 ./Generated_Code/port.o
                0x00003b0c                PendSV_Handler
 .text.xTaskGenericCreate
                0x00003b5c      0x1bc ./Generated_Code/tasks.o
                0x00003b5c                xTaskGenericCreate
 .text.vTaskDelay
                0x00003d18       0x6c ./Generated_Code/tasks.o
                0x00003d18                vTaskDelay
 .text.vTaskStartScheduler
                0x00003d84       0x74 ./Generated_Code/tasks.o
                0x00003d84                vTaskStartScheduler
 .text.vTaskSuspendAll
                0x00003df8       0x24 ./Generated_Code/tasks.o
                0x00003df8                vTaskSuspendAll
 .text.xTaskResumeAll
                0x00003e1c      0x15c ./Generated_Code/tasks.o
                0x00003e1c                xTaskResumeAll
 .text.xTaskGetTickCount
                0x00003f78       0x24 ./Generated_Code/tasks.o
                0x00003f78                xTaskGetTickCount
 .text.uxTaskGetSystemState
                0x00003f9c       0xe8 ./Generated_Code/tasks.o
                0x00003f9c                uxTaskGetSystemState
 .text.xTaskIncrementTick
                0x00004084      0x1f4 ./Generated_Code/tasks.o
                0x00004084                xTaskIncrementTick
 .text.vTaskSwitchContext
                0x00004278      0x1b4 ./Generated_Code/tasks.o
                0x00004278                vTaskSwitchContext
 .text.prvIdleTask
                0x0000442c       0x24 ./Generated_Code/tasks.o
 .text.prvInitialiseTCBVariables
                0x00004450       0xa8 ./Generated_Code/tasks.o
 .text.prvInitialiseTaskLists
                0x000044f8       0x8c ./Generated_Code/tasks.o
 .text.prvCheckTasksWaitingTermination
                0x00004584        0xc ./Generated_Code/tasks.o
 .text.prvAddCurrentTaskToDelayedList
                0x00004590       0x88 ./Generated_Code/tasks.o
 .text.prvAllocateTCBAndStack
                0x00004618       0x70 ./Generated_Code/tasks.o
 .text.prvListTaskWithinSingleList
                0x00004688      0x118 ./Generated_Code/tasks.o
 .text.prvTaskCheckFreeStackSpace
                0x000047a0       0x38 ./Generated_Code/tasks.o
 .text.prvResetNextTaskUnblockTime
                0x000047d8       0x58 ./Generated_Code/tasks.o
 .text.prvWriteNameToBuffer
                0x00004830       0x4c ./Generated_Code/tasks.o
 .text.vTaskList
                0x0000487c      0x154 ./Generated_Code/tasks.o
                0x0000487c                vTaskList
 .text.vTaskGetRunTimeStats
                0x000049d0      0x144 ./Generated_Code/tasks.o
                0x000049d0                vTaskGetRunTimeStats
 .text.__assert_func
                0x00004b14       0x38 d:/freescale/kds_2.0.0/toolchain/bin/../lib/gcc/arm-none-eabi/4.8.0/../../../../arm-none-eabi/lib/m4/fp/v4-sp-d16\libg_s.a(lib_a-assert.o)
                0x00004b14                __assert_func
 .text.atexit   0x00004b4c        0xc d:/freescale/kds_2.0.0/toolchain/bin/../lib/gcc/arm-none-eabi/4.8.0/../../../../arm-none-eabi/lib/m4/fp/v4-sp-d16\libg_s.a(lib_a-atexit.o)
                0x00004b4c                atexit
 .text.exit     0x00004b58       0x2c d:/freescale/kds_2.0.0/toolchain/bin/../lib/gcc/arm-none-eabi/4.8.0/../../../../arm-none-eabi/lib/m4/fp/v4-sp-d16\libg_s.a(lib_a-exit.o)
                0x00004b58                exit
 .text.__libc_fini_array
                0x00004b84       0x28 d:/freescale/kds_2.0.0/toolchain/bin/../lib/gcc/arm-none-eabi/4.8.0/../../../../arm-none-eabi/lib/m4/fp/v4-sp-d16\libg_s.a(lib_a-fini.o)
                0x00004b84                __libc_fini_array
 .text.fprintf  0x00004bac       0x24 d:/freescale/kds_2.0.0/toolchain/bin/../lib/gcc/arm-none-eabi/4.8.0/../../../../arm-none-eabi/lib/m4/fp/v4-sp-d16\libg_s.a(lib_a-fprintf.o)
                0x00004bac                fiprintf
                0x00004bac                fprintf
 .text.memcmp   0x00004bd0       0x1e d:/freescale/kds_2.0.0/toolchain/bin/../lib/gcc/arm-none-eabi/4.8.0/../../../../arm-none-eabi/lib/m4/fp/v4-sp-d16\libg_s.a(lib_a-memcmp.o)
                0x00004bd0                memcmp
 .text.memset   0x00004bee       0x10 d:/freescale/kds_2.0.0/toolchain/bin/../lib/gcc/arm-none-eabi/4.8.0/../../../../arm-none-eabi/lib/m4/fp/v4-sp-d16\libg_s.a(lib_a-memset.o)
                0x00004bee                memset
 *fill*         0x00004bfe        0x2 
 .text.setvbuf  0x00004c00       0xe8 d:/freescale/kds_2.0.0/toolchain/bin/../lib/gcc/arm-none-eabi/4.8.0/../../../../arm-none-eabi/lib/m4/fp/v4-sp-d16\libg_s.a(lib_a-setvbuf.o)
                0x00004c00                setvbuf
 .text.strcpy   0x00004ce8       0x10 d:/freescale/kds_2.0.0/toolchain/bin/../lib/gcc/arm-none-eabi/4.8.0/../../../../arm-none-eabi/lib/m4/fp/v4-sp-d16\libg_s.a(lib_a-strcpy.o)
                0x00004ce8                strcpy
 .text.strlen   0x00004cf8       0x10 d:/freescale/kds_2.0.0/toolchain/bin/../lib/gcc/arm-none-eabi/4.8.0/../../../../arm-none-eabi/lib/m4/fp/v4-sp-d16\libg_s.a(lib_a-strlen.o)
                0x00004cf8                strlen
 .text.invalid_fd
                0x00004d08       0x1c d:/freescale/kds_2.0.0/toolchain/bin/../lib/gcc/arm-none-eabi/4.8.0/../../../../arm-none-eabi/lib/m4/fp/v4-sp-d16\libg_s.a(lib_a-syscalls.o)
 .text.error    0x00004d24       0x1c d:/freescale/kds_2.0.0/toolchain/bin/../lib/gcc/arm-none-eabi/4.8.0/../../../../arm-none-eabi/lib/m4/fp/v4-sp-d16\libg_s.a(lib_a-syscalls.o)
 .text.findslot.part.0
                0x00004d40       0x1c d:/freescale/kds_2.0.0/toolchain/bin/../lib/gcc/arm-none-eabi/4.8.0/../../../../arm-none-eabi/lib/m4/fp/v4-sp-d16\libg_s.a(lib_a-syscalls.o)
 .text.initialise_monitor_handles
                0x00004d5c       0x80 d:/freescale/kds_2.0.0/toolchain/bin/../lib/gcc/arm-none-eabi/4.8.0/../../../../arm-none-eabi/lib/m4/fp/v4-sp-d16\libg_s.a(lib_a-syscalls.o)
 .text._swilseek
                0x00004ddc       0xa0 d:/freescale/kds_2.0.0/toolchain/bin/../lib/gcc/arm-none-eabi/4.8.0/../../../../arm-none-eabi/lib/m4/fp/v4-sp-d16\libg_s.a(lib_a-syscalls.o)
                0x00004ddc                _swilseek
 .text._lseek   0x00004e7c       0x14 d:/freescale/kds_2.0.0/toolchain/bin/../lib/gcc/arm-none-eabi/4.8.0/../../../../arm-none-eabi/lib/m4/fp/v4-sp-d16\libg_s.a(lib_a-syscalls.o)
                0x00004e7c                _lseek
 .text._swiclose
                0x00004e90       0x48 d:/freescale/kds_2.0.0/toolchain/bin/../lib/gcc/arm-none-eabi/4.8.0/../../../../arm-none-eabi/lib/m4/fp/v4-sp-d16\libg_s.a(lib_a-syscalls.o)
                0x00004e90                _swiclose
 .text._close   0x00004ed8       0x14 d:/freescale/kds_2.0.0/toolchain/bin/../lib/gcc/arm-none-eabi/4.8.0/../../../../arm-none-eabi/lib/m4/fp/v4-sp-d16\libg_s.a(lib_a-syscalls.o)
                0x00004ed8                _close
 .text._kill    0x00004eec       0x20 d:/freescale/kds_2.0.0/toolchain/bin/../lib/gcc/arm-none-eabi/4.8.0/../../../../arm-none-eabi/lib/m4/fp/v4-sp-d16\libg_s.a(lib_a-syscalls.o)
                0x00004eec                _kill
 .text._exit    0x00004f0c        0xc d:/freescale/kds_2.0.0/toolchain/bin/../lib/gcc/arm-none-eabi/4.8.0/../../../../arm-none-eabi/lib/m4/fp/v4-sp-d16\libg_s.a(lib_a-syscalls.o)
                0x00004f0c                _exit
 .text._getpid  0x00004f18        0x4 d:/freescale/kds_2.0.0/toolchain/bin/../lib/gcc/arm-none-eabi/4.8.0/../../../../arm-none-eabi/lib/m4/fp/v4-sp-d16\libg_s.a(lib_a-syscalls.o)
                0x00004f18                _getpid
 .text._sbrk    0x00004f1c       0x38 d:/freescale/kds_2.0.0/toolchain/bin/../lib/gcc/arm-none-eabi/4.8.0/../../../../arm-none-eabi/lib/m4/fp/v4-sp-d16\libg_s.a(lib_a-syscalls.o)
                0x00004f1c                _sbrk
 .text._fstat   0x00004f54       0x1e d:/freescale/kds_2.0.0/toolchain/bin/../lib/gcc/arm-none-eabi/4.8.0/../../../../arm-none-eabi/lib/m4/fp/v4-sp-d16\libg_s.a(lib_a-syscalls.o)
                0x00004f54                _fstat
 *fill*         0x00004f72        0x2 
 .text._isatty  0x00004f74       0x40 d:/freescale/kds_2.0.0/toolchain/bin/../lib/gcc/arm-none-eabi/4.8.0/../../../../arm-none-eabi/lib/m4/fp/v4-sp-d16\libg_s.a(lib_a-syscalls.o)
                0x00004f74                _isatty
 .text.__sfputc_r
                0x00004fb4       0x2c d:/freescale/kds_2.0.0/toolchain/bin/../lib/gcc/arm-none-eabi/4.8.0/../../../../arm-none-eabi/lib/m4/fp/v4-sp-d16\libg_s.a(lib_a-vfprintf.o)
                0x00004fb4                __sfputc_r
 .text._vfprintf_r
                0x00004fe0      0x1f8 d:/freescale/kds_2.0.0/toolchain/bin/../lib/gcc/arm-none-eabi/4.8.0/../../../../arm-none-eabi/lib/m4/fp/v4-sp-d16\libg_s.a(lib_a-vfprintf.o)
                0x00004fe0                _vfprintf_r
                0x00004fe0                _vfiprintf_r
 .text._printf_common
                0x000051d8       0xe2 d:/freescale/kds_2.0.0/toolchain/bin/../lib/gcc/arm-none-eabi/4.8.0/../../../../arm-none-eabi/lib/m4/fp/v4-sp-d16\libg_s.a(lib_a-vfprintf_i.o)
                0x000051d8                _printf_common
 *fill*         0x000052ba        0x2 
 .text._printf_i
                0x000052bc      0x22c d:/freescale/kds_2.0.0/toolchain/bin/../lib/gcc/arm-none-eabi/4.8.0/../../../../arm-none-eabi/lib/m4/fp/v4-sp-d16\libg_s.a(lib_a-vfprintf_i.o)
                0x000052bc                _printf_i
 .text.__swbuf_r
                0x000054e8       0x86 d:/freescale/kds_2.0.0/toolchain/bin/../lib/gcc/arm-none-eabi/4.8.0/../../../../arm-none-eabi/lib/m4/fp/v4-sp-d16\libg_s.a(lib_a-wbuf.o)
                0x000054e8                __swbuf_r
 *fill*         0x0000556e        0x2 
 .text.__swsetup_r
                0x00005570       0xa8 d:/freescale/kds_2.0.0/toolchain/bin/../lib/gcc/arm-none-eabi/4.8.0/../../../../arm-none-eabi/lib/m4/fp/v4-sp-d16\libg_s.a(lib_a-wsetup.o)
                0x00005570                __swsetup_r
 .text.__do_register_exitproc
                0x00005618       0x78 d:/freescale/kds_2.0.0/toolchain/bin/../lib/gcc/arm-none-eabi/4.8.0/../../../../arm-none-eabi/lib/m4/fp/v4-sp-d16\libg_s.a(lib_a-__atexit.o)
                0x00005618                __do_register_exitproc
 .text.__call_exitprocs
                0x00005690       0xa4 d:/freescale/kds_2.0.0/toolchain/bin/../lib/gcc/arm-none-eabi/4.8.0/../../../../arm-none-eabi/lib/m4/fp/v4-sp-d16\libg_s.a(lib_a-__call_atexit.o)
                0x00005690                __call_exitprocs
 .text.abort    0x00005734        0xe d:/freescale/kds_2.0.0/toolchain/bin/../lib/gcc/arm-none-eabi/4.8.0/../../../../arm-none-eabi/lib/m4/fp/v4-sp-d16\libg_s.a(lib_a-abort.o)
                0x00005734                abort
 *fill*         0x00005742        0x2 
 .text.__errno  0x00005744        0xc d:/freescale/kds_2.0.0/toolchain/bin/../lib/gcc/arm-none-eabi/4.8.0/../../../../arm-none-eabi/lib/m4/fp/v4-sp-d16\libg_s.a(lib_a-errno.o)
                0x00005744                __errno
 .text._fflush_r
                0x00005750      0x10c d:/freescale/kds_2.0.0/toolchain/bin/../lib/gcc/arm-none-eabi/4.8.0/../../../../arm-none-eabi/lib/m4/fp/v4-sp-d16\libg_s.a(lib_a-fflush.o)
                0x00005750                _fflush_r
 .text._cleanup_r
                0x0000585c       0x32 d:/freescale/kds_2.0.0/toolchain/bin/../lib/gcc/arm-none-eabi/4.8.0/../../../../arm-none-eabi/lib/m4/fp/v4-sp-d16\libg_s.a(lib_a-findfp.o)
                0x0000585c                _cleanup_r
 *fill*         0x0000588e        0x2 
 .text.__sinit  0x00005890       0xec d:/freescale/kds_2.0.0/toolchain/bin/../lib/gcc/arm-none-eabi/4.8.0/../../../../arm-none-eabi/lib/m4/fp/v4-sp-d16\libg_s.a(lib_a-findfp.o)
                0x00005890                __sinit
 .text._free_r  0x0000597c       0x88 d:/freescale/kds_2.0.0/toolchain/bin/../lib/gcc/arm-none-eabi/4.8.0/../../../../arm-none-eabi/lib/m4/fp/v4-sp-d16\libg_s.a(lib_a-freer.o)
                0x0000597c                _free_r
 .text.__smakebuf_r
                0x00005a04       0x9c d:/freescale/kds_2.0.0/toolchain/bin/../lib/gcc/arm-none-eabi/4.8.0/../../../../arm-none-eabi/lib/m4/fp/v4-sp-d16\libg_s.a(lib_a-makebuf.o)
                0x00005a04                __smakebuf_r
 .text.malloc   0x00005aa0       0x10 d:/freescale/kds_2.0.0/toolchain/bin/../lib/gcc/arm-none-eabi/4.8.0/../../../../arm-none-eabi/lib/m4/fp/v4-sp-d16\libg_s.a(lib_a-malloc.o)
                0x00005aa0                malloc
 .text.free     0x00005ab0       0x10 d:/freescale/kds_2.0.0/toolchain/bin/../lib/gcc/arm-none-eabi/4.8.0/../../../../arm-none-eabi/lib/m4/fp/v4-sp-d16\libg_s.a(lib_a-malloc.o)
                0x00005ab0                free
 .text._malloc_r
                0x00005ac0       0x98 d:/freescale/kds_2.0.0/toolchain/bin/../lib/gcc/arm-none-eabi/4.8.0/../../../../arm-none-eabi/lib/m4/fp/v4-sp-d16\libg_s.a(lib_a-mallocr.o)
                0x00005ac0                _malloc_r
 .text.memchr   0x00005b58       0x1e d:/freescale/kds_2.0.0/toolchain/bin/../lib/gcc/arm-none-eabi/4.8.0/../../../../arm-none-eabi/lib/m4/fp/v4-sp-d16\libg_s.a(lib_a-memchr.o)
                0x00005b58                memchr
 *fill*         0x00005b76        0x2 
 .text._sbrk_r  0x00005b78       0x20 d:/freescale/kds_2.0.0/toolchain/bin/../lib/gcc/arm-none-eabi/4.8.0/../../../../arm-none-eabi/lib/m4/fp/v4-sp-d16\libg_s.a(lib_a-sbrkr.o)
                0x00005b78                _sbrk_r
 .text._raise_r
                0x00005b98       0x52 d:/freescale/kds_2.0.0/toolchain/bin/../lib/gcc/arm-none-eabi/4.8.0/../../../../arm-none-eabi/lib/m4/fp/v4-sp-d16\libg_s.a(lib_a-signal.o)
                0x00005b98                _raise_r
 *fill*         0x00005bea        0x2 
 .text.raise    0x00005bec       0x10 d:/freescale/kds_2.0.0/toolchain/bin/../lib/gcc/arm-none-eabi/4.8.0/../../../../arm-none-eabi/lib/m4/fp/v4-sp-d16\libg_s.a(lib_a-signal.o)
                0x00005bec                raise
 .text._kill_r  0x00005bfc       0x24 d:/freescale/kds_2.0.0/toolchain/bin/../lib/gcc/arm-none-eabi/4.8.0/../../../../arm-none-eabi/lib/m4/fp/v4-sp-d16\libg_s.a(lib_a-signalr.o)
                0x00005bfc                _kill_r
 .text._getpid_r
                0x00005c20        0x4 d:/freescale/kds_2.0.0/toolchain/bin/../lib/gcc/arm-none-eabi/4.8.0/../../../../arm-none-eabi/lib/m4/fp/v4-sp-d16\libg_s.a(lib_a-signalr.o)
                0x00005c20                _getpid_r
 .text.__sread  0x00005c24       0x22 d:/freescale/kds_2.0.0/toolchain/bin/../lib/gcc/arm-none-eabi/4.8.0/../../../../arm-none-eabi/lib/m4/fp/v4-sp-d16\libg_s.a(lib_a-stdio.o)
                0x00005c24                __sread
 .text.__swrite
                0x00005c46       0x38 d:/freescale/kds_2.0.0/toolchain/bin/../lib/gcc/arm-none-eabi/4.8.0/../../../../arm-none-eabi/lib/m4/fp/v4-sp-d16\libg_s.a(lib_a-stdio.o)
                0x00005c46                __swrite
 .text.__sseek  0x00005c7e       0x24 d:/freescale/kds_2.0.0/toolchain/bin/../lib/gcc/arm-none-eabi/4.8.0/../../../../arm-none-eabi/lib/m4/fp/v4-sp-d16\libg_s.a(lib_a-stdio.o)
                0x00005c7e                __sseek
 .text.__sclose
                0x00005ca2        0x8 d:/freescale/kds_2.0.0/toolchain/bin/../lib/gcc/arm-none-eabi/4.8.0/../../../../arm-none-eabi/lib/m4/fp/v4-sp-d16\libg_s.a(lib_a-stdio.o)
                0x00005ca2                __sclose
 *fill*         0x00005caa        0x2 
 .text._write_r
                0x00005cac       0x24 d:/freescale/kds_2.0.0/toolchain/bin/../lib/gcc/arm-none-eabi/4.8.0/../../../../arm-none-eabi/lib/m4/fp/v4-sp-d16\libg_s.a(lib_a-writer.o)
                0x00005cac                _write_r
 .text._close_r
                0x00005cd0       0x20 d:/freescale/kds_2.0.0/toolchain/bin/../lib/gcc/arm-none-eabi/4.8.0/../../../../arm-none-eabi/lib/m4/fp/v4-sp-d16\libg_s.a(lib_a-closer.o)
                0x00005cd0                _close_r
 .text._fstat_r
                0x00005cf0       0x24 d:/freescale/kds_2.0.0/toolchain/bin/../lib/gcc/arm-none-eabi/4.8.0/../../../../arm-none-eabi/lib/m4/fp/v4-sp-d16\libg_s.a(lib_a-fstatr.o)
                0x00005cf0                _fstat_r
 .text._isatty_r
                0x00005d14       0x20 d:/freescale/kds_2.0.0/toolchain/bin/../lib/gcc/arm-none-eabi/4.8.0/../../../../arm-none-eabi/lib/m4/fp/v4-sp-d16\libg_s.a(lib_a-isattyr.o)
                0x00005d14                _isatty_r
 .text._lseek_r
                0x00005d34       0x24 d:/freescale/kds_2.0.0/toolchain/bin/../lib/gcc/arm-none-eabi/4.8.0/../../../../arm-none-eabi/lib/m4/fp/v4-sp-d16\libg_s.a(lib_a-lseekr.o)
                0x00005d34                _lseek_r
 .text._read_r  0x00005d58       0x24 d:/freescale/kds_2.0.0/toolchain/bin/../lib/gcc/arm-none-eabi/4.8.0/../../../../arm-none-eabi/lib/m4/fp/v4-sp-d16\libg_s.a(lib_a-readr.o)
                0x00005d58                _read_r
 *(.rodata)
 .rodata        0x00005d7c      0x100 ./Sources/main.o
 .rodata        0x00005e7c        0xc ./SDK/platform/utilities/src/fsl_debug_console.o
 .rodata        0x00005e88      0x1e4 ./SDK/platform/system/src/clock/MK22F51212/fsl_clock_MK22F51212.o
 .rodata        0x0000606c       0x38 ./SDK/platform/hal/src/gpio/fsl_gpio_hal.o
 .rodata        0x000060a4      0x12c ./SDK/platform/drivers/src/gpio/fsl_gpio_driver.o
 .rodata        0x000061d0       0x50 ./Generated_Code/pin_init.o
 .rodata        0x00006220       0x20 ./Generated_Code/tasks.o
 *(.rodata*)
 .rodata.portGateTable
                0x00006240        0x8 ./SDK/platform/system/src/clock/MK22F51212/fsl_clock_MK22F51212.o
 .rodata.uartGateTable
                0x00006248        0x4 ./SDK/platform/system/src/clock/MK22F51212/fsl_clock_MK22F51212.o
 .rodata.__func__.13018
                0x0000624c       0x1c ./SDK/platform/system/src/clock/MK22F51212/fsl_clock_MK22F51212.o
 .rodata.__func__.13096
                0x00006268       0x1c ./SDK/platform/system/src/clock/MK22F51212/fsl_clock_MK22F51212.o
 .rodata.g_oscBaseAddr
                0x00006284        0x4 ./SDK/platform/system/src/clock/fsl_clock_manager_common.o
                0x00006284                g_oscBaseAddr
 .rodata.fllFactorTable.11585
                0x00006288       0x10 ./SDK/platform/hal/src/mcg/fsl_mcg_hal.o
 .rodata.__func__.11119
                0x00006298       0x14 ./SDK/platform/hal/src/gpio/fsl_gpio_hal.o
 .rodata.__func__.11125
                0x000062ac       0x18 ./SDK/platform/hal/src/gpio/fsl_gpio_hal.o
 .rodata.g_gpioBaseAddr
                0x000062c4       0x14 ./SDK/platform/drivers/src/gpio/fsl_gpio_common.o
                0x000062c4                g_gpioBaseAddr
 .rodata.g_portBaseAddr
                0x000062d8       0x14 ./SDK/platform/drivers/src/gpio/fsl_gpio_common.o
                0x000062d8                g_portBaseAddr
 .rodata.g_portIrqId
                0x000062ec        0x8 ./SDK/platform/drivers/src/gpio/fsl_gpio_common.o
                0x000062ec                g_portIrqId
 .rodata.__func__.11103
                0x000062f4       0x14 ./SDK/platform/drivers/src/gpio/fsl_gpio_driver.o
 .rodata.__func__.11097
                0x00006308       0x18 ./SDK/platform/drivers/src/gpio/fsl_gpio_driver.o
 .rodata.__func__.11115
                0x00006320       0x20 ./SDK/platform/drivers/src/gpio/fsl_gpio_driver.o
 .rodata.__func__.11145
                0x00006340       0x20 ./SDK/platform/drivers/src/gpio/fsl_gpio_driver.o
 .rodata.__func__.11167
                0x00006360       0x18 ./SDK/platform/drivers/src/gpio/fsl_gpio_driver.o
 .rodata.__func__.12964
                0x00006378       0x14 ./SDK/platform/drivers/src/gpio/fsl_gpio_driver.o
 .rodata.__func__.11109
                0x0000638c       0x1c ./SDK/platform/drivers/src/gpio/fsl_gpio_driver.o
 .rodata.__func__.11127
                0x000063a8       0x20 ./SDK/platform/drivers/src/gpio/fsl_gpio_driver.o
 .rodata.__func__.11121
                0x000063c8       0x1c ./SDK/platform/drivers/src/gpio/fsl_gpio_driver.o
 .rodata.__func__.11241
                0x000063e4       0x1c ./SDK/platform/drivers/src/gpio/fsl_gpio_driver.o
 .rodata.gpio1_OutConfig0
                0x00006400       0x24 ./Generated_Code/gpio1.o
                0x00006400                gpio1_OutConfig0
 .rodata.__func__.11133
                0x00006424       0x14 ./Generated_Code/pin_init.o
 .rodata.__func__.11109
                0x00006438       0x1c ./Generated_Code/pin_init.o
 .rodata.__func__.11121
                0x00006454       0x1c ./Generated_Code/pin_init.o
 .rodata.ucExpectedStackBytes.15651
                0x00006470       0x14 ./Generated_Code/tasks.o
 .rodata.str1.1
                0x00006484       0x3c d:/freescale/kds_2.0.0/toolchain/bin/../lib/gcc/arm-none-eabi/4.8.0/../../../../arm-none-eabi/lib/m4/fp/v4-sp-d16\libg_s.a(lib_a-assert.o)
                                 0x3d (size before relaxing)
 .rodata.str1.1
                0x000064c0        0x2 d:/freescale/kds_2.0.0/toolchain/bin/../lib/gcc/arm-none-eabi/4.8.0/../../../../arm-none-eabi/lib/m4/fp/v4-sp-d16\libg_s.a(lib_a-impure.o)
 *fill*         0x000064c2        0x2 
 .rodata._global_impure_ptr
                0x000064c4        0x4 d:/freescale/kds_2.0.0/toolchain/bin/../lib/gcc/arm-none-eabi/4.8.0/../../../../arm-none-eabi/lib/m4/fp/v4-sp-d16\libg_s.a(lib_a-impure.o)
                0x000064c4                _global_impure_ptr
 .rodata.str1.1
                0x000064c8        0x4 d:/freescale/kds_2.0.0/toolchain/bin/../lib/gcc/arm-none-eabi/4.8.0/../../../../arm-none-eabi/lib/m4/fp/v4-sp-d16\libg_s.a(lib_a-syscalls.o)
 .rodata.str1.1
                0x000064cc       0x11 d:/freescale/kds_2.0.0/toolchain/bin/../lib/gcc/arm-none-eabi/4.8.0/../../../../arm-none-eabi/lib/m4/fp/v4-sp-d16\libg_s.a(lib_a-vfprintf.o)
 .rodata.str1.1
                0x000064dd       0x22 d:/freescale/kds_2.0.0/toolchain/bin/../lib/gcc/arm-none-eabi/4.8.0/../../../../arm-none-eabi/lib/m4/fp/v4-sp-d16\libg_s.a(lib_a-vfprintf_i.o)
 *(.glue_7)
 .glue_7        0x00000000        0x0 linker stubs
 *(.glue_7t)
 .glue_7t       0x00000000        0x0 linker stubs
 *(.eh_frame)
 *fill*         0x000064ff        0x1 
 .eh_frame      0x00006500        0x0 d:/freescale/kds_2.0.0/toolchain/bin/../lib/gcc/arm-none-eabi/4.8.0/m4/fp/v4-sp-d16/crtbegin.o
 *(.init)
 .init          0x00006500        0x4 d:/freescale/kds_2.0.0/toolchain/bin/../lib/gcc/arm-none-eabi/4.8.0/m4/fp/v4-sp-d16/crti.o
                0x00006500                _init
 .init          0x00006504        0x8 d:/freescale/kds_2.0.0/toolchain/bin/../lib/gcc/arm-none-eabi/4.8.0/m4/fp/v4-sp-d16/crtn.o
 *(.fini)
 .fini          0x0000650c        0x4 d:/freescale/kds_2.0.0/toolchain/bin/../lib/gcc/arm-none-eabi/4.8.0/m4/fp/v4-sp-d16/crti.o
                0x0000650c                _fini
 .fini          0x00006510        0x8 d:/freescale/kds_2.0.0/toolchain/bin/../lib/gcc/arm-none-eabi/4.8.0/m4/fp/v4-sp-d16/crtn.o
                0x00006518                . = ALIGN (0x4)

.vfp11_veneer   0x00006518        0x0
 .vfp11_veneer  0x00000000        0x0 linker stubs

.v4_bx          0x00006518        0x0
 .v4_bx         0x00000000        0x0 linker stubs

.iplt           0x00006518        0x0
 .iplt          0x00000000        0x0 d:/freescale/kds_2.0.0/toolchain/bin/../lib/gcc/arm-none-eabi/4.8.0/m4/fp/v4-sp-d16/crtbegin.o

.rel.dyn        0x00006518        0x0
 .rel.iplt      0x00000000        0x0 d:/freescale/kds_2.0.0/toolchain/bin/../lib/gcc/arm-none-eabi/4.8.0/m4/fp/v4-sp-d16/crtbegin.o

.ARM.extab
 *(.ARM.extab* .gnu.linkonce.armextab.*)

.ARM            0x00006518        0x0
                0x00006518                __exidx_start = .
 *(.ARM.exidx*)
                0x00006518                __exidx_end = .

.ctors          0x00006518        0x0
                0x00006518                __CTOR_LIST__ = .
 *crtbegin.o(.ctors)
 *crtbegin?.o(.ctors)
 *(EXCLUDE_FILE(*crtend.o *crtend?.o) .ctors)
 *(SORT(.ctors.*))
 *(.ctors)
                0x00006518                __CTOR_END__ = .

.dtors          0x00006518        0x0
                0x00006518                __DTOR_LIST__ = .
 *crtbegin.o(.dtors)
 *crtbegin?.o(.dtors)
 *(EXCLUDE_FILE(*crtend.o *crtend?.o) .dtors)
 *(SORT(.dtors.*))
 *(.dtors)
                0x00006518                __DTOR_END__ = .

.preinit_array  0x00006518        0x0
                0x00006518                PROVIDE (__preinit_array_start, .)
 *(.preinit_array*)
                0x00006518                PROVIDE (__preinit_array_end, .)

.init_array     0x00006518        0x4
                0x00006518                PROVIDE (__init_array_start, .)
 *(SORT(.init_array.*))
 *(.init_array*)
 .init_array    0x00006518        0x4 d:/freescale/kds_2.0.0/toolchain/bin/../lib/gcc/arm-none-eabi/4.8.0/m4/fp/v4-sp-d16/crtbegin.o
                0x0000651c                PROVIDE (__init_array_end, .)

.fini_array     0x0000651c        0x4
                0x0000651c                PROVIDE (__fini_array_start, .)
 *(SORT(.fini_array.*))
 *(.fini_array*)
 .fini_array    0x0000651c        0x4 d:/freescale/kds_2.0.0/toolchain/bin/../lib/gcc/arm-none-eabi/4.8.0/m4/fp/v4-sp-d16/crtbegin.o
                0x00006520                PROVIDE (__fini_array_end, .)
                0x00006520                __etext = .
                0x00006520                __DATA_ROM = .

.data           0x1fff0400      0x2b8 load address 0x00006520
                0x1fff0400                . = ALIGN (0x4)
                0x1fff0400                __DATA_RAM = .
                0x1fff0400                __data_start__ = .
 *(.data)
 *(.data*)
 .data.SystemCoreClock
                0x1fff0400        0x4 ./SDK/platform/startup/MK22F51212/system_MK22F51212.o
                0x1fff0400                SystemCoreClock
 .data.g_fastInternalRefClkFreq
                0x1fff0404        0x4 ./SDK/platform/hal/src/mcg/fsl_mcg_hal.o
                0x1fff0404                g_fastInternalRefClkFreq
 .data.g_slowInternalRefClkFreq
                0x1fff0408        0x4 ./SDK/platform/hal/src/mcg/fsl_mcg_hal.o
                0x1fff0408                g_slowInternalRefClkFreq
 .data.xFreeBytesRemaining
                0x1fff040c        0x4 ./Generated_Code/heap_2.o
 .data.uxCriticalNesting
                0x1fff0410        0x4 ./Generated_Code/port.o
 .data.xNextTaskUnblockTime
                0x1fff0414        0x4 ./Generated_Code/tasks.o
 .data.impure_data
                0x1fff0418      0x298 d:/freescale/kds_2.0.0/toolchain/bin/../lib/gcc/arm-none-eabi/4.8.0/../../../../arm-none-eabi/lib/m4/fp/v4-sp-d16\libg_s.a(lib_a-impure.o)
 .data._impure_ptr
                0x1fff06b0        0x4 d:/freescale/kds_2.0.0/toolchain/bin/../lib/gcc/arm-none-eabi/4.8.0/../../../../arm-none-eabi/lib/m4/fp/v4-sp-d16\libg_s.a(lib_a-impure.o)
                0x1fff06b0                _impure_ptr
 *(.jcr*)
 .jcr           0x1fff06b4        0x0 d:/freescale/kds_2.0.0/toolchain/bin/../lib/gcc/arm-none-eabi/4.8.0/m4/fp/v4-sp-d16/crtbegin.o
 .jcr           0x1fff06b4        0x4 d:/freescale/kds_2.0.0/toolchain/bin/../lib/gcc/arm-none-eabi/4.8.0/m4/fp/v4-sp-d16/crtend.o
                0x1fff06b8                . = ALIGN (0x4)
                0x1fff06b8                __data_end__ = .
                0x000067d8                __DATA_END = (__DATA_ROM + (__data_end__ - __data_start__))
                0x000067d8                __m_interrupts_ram_ROMStart = (__DATA_ROM + SIZEOF (.data))

.tm_clone_table
                0x1fff06b8        0x0 load address 0x000067d8
 .tm_clone_table
                0x1fff06b8        0x0 d:/freescale/kds_2.0.0/toolchain/bin/../lib/gcc/arm-none-eabi/4.8.0/m4/fp/v4-sp-d16/crtbegin.o
 .tm_clone_table
                0x1fff06b8        0x0 d:/freescale/kds_2.0.0/toolchain/bin/../lib/gcc/arm-none-eabi/4.8.0/m4/fp/v4-sp-d16/crtend.o

.igot.plt       0x1fff06b8        0x0 load address 0x000067d8
 .igot.plt      0x00000000        0x0 d:/freescale/kds_2.0.0/toolchain/bin/../lib/gcc/arm-none-eabi/4.8.0/m4/fp/v4-sp-d16/crtbegin.o

.m_interrupts_ram
                0x1fff0000      0x400 load address 0x000067d8
                0x1fff0000                . = ALIGN (0x4)
                0x1fff0000                __m_interrupts_ram_RAMStart = .
 *(.m_interrupts_ram)
                0x1fff0400                . = (. + 0x400)
 *fill*         0x1fff0000      0x400 
                0x1fff0400                __m_interrupts_ram_RAMEnd = .
                0x1fff0400                . = ALIGN (0x4)
                0x00000400                __m_interrupts_ram_ROMSize = (__m_interrupts_ram_RAMEnd - __m_interrupts_ram_RAMStart)
                0x00000400                __RAM_VECTOR_TABLE_SIZE_BYTES = (__m_interrupts_ram_RAMEnd - __m_interrupts_ram_RAMStart)
                0x00006bd8                __m_data_2_ROMStart = (__m_interrupts_ram_ROMStart + SIZEOF (.m_interrupts_ram))

.m_data_2       0x20000000        0x0 load address 0x00006bd8
                0x20000000                . = ALIGN (0x4)
                0x20000000                __m_data_2_RAMStart = .
 *(.m_data_2)
                0x20000000                __m_data_2_RAMEnd = .
                0x20000000                . = ALIGN (0x4)
                0x00000000                __m_data_2_ROMSize = (__m_data_2_RAMEnd - __m_data_2_RAMStart)

.bss            0x1fff06b8     0x55e4 load address 0x000067d8
                0x1fff06b8                . = ALIGN (0x4)
                0x1fff06b8                __START_BSS = .
                0x1fff06b8                __bss_start__ = .
 *(.bss)
 *(.bss*)
 .bss.completed.6137
                0x1fff06b8        0x1 d:/freescale/kds_2.0.0/toolchain/bin/../lib/gcc/arm-none-eabi/4.8.0/m4/fp/v4-sp-d16/crtbegin.o
 *fill*         0x1fff06b9        0x3 
 .bss.object.6142
                0x1fff06bc       0x18 d:/freescale/kds_2.0.0/toolchain/bin/../lib/gcc/arm-none-eabi/4.8.0/m4/fp/v4-sp-d16/crtbegin.o
 .bss.s_debugConsole
                0x1fff06d4       0x10 ./SDK/platform/utilities/src/fsl_debug_console.o
 .bss.ucHeap    0x1fff06e4     0x4000 ./Generated_Code/heap_2.o
 .bss.xStart    0x1fff46e4        0x8 ./Generated_Code/heap_2.o
 .bss.xEnd      0x1fff46ec        0x8 ./Generated_Code/heap_2.o
 .bss.xHeapHasBeenInitialised.14850
                0x1fff46f4        0x4 ./Generated_Code/heap_2.o
 .bss.xJumpBuf  0x1fff46f8       0x5c ./Generated_Code/port.o
 .bss.pxCurrentTCB
                0x1fff4754        0x4 ./Generated_Code/tasks.o
                0x1fff4754                pxCurrentTCB
 .bss.pxReadyTasksLists
                0x1fff4758       0x78 ./Generated_Code/tasks.o
 .bss.xDelayedTaskList1
                0x1fff47d0       0x14 ./Generated_Code/tasks.o
 .bss.xDelayedTaskList2
                0x1fff47e4       0x14 ./Generated_Code/tasks.o
 .bss.pxDelayedTaskList
                0x1fff47f8        0x4 ./Generated_Code/tasks.o
 .bss.pxOverflowDelayedTaskList
                0x1fff47fc        0x4 ./Generated_Code/tasks.o
 .bss.xPendingReadyList
                0x1fff4800       0x14 ./Generated_Code/tasks.o
 .bss.xSuspendedTaskList
                0x1fff4814       0x14 ./Generated_Code/tasks.o
 .bss.uxCurrentNumberOfTasks
                0x1fff4828        0x4 ./Generated_Code/tasks.o
 .bss.xTickCount
                0x1fff482c        0x4 ./Generated_Code/tasks.o
 .bss.uxTopReadyPriority
                0x1fff4830        0x4 ./Generated_Code/tasks.o
 .bss.xSchedulerRunning
                0x1fff4834        0x4 ./Generated_Code/tasks.o
 .bss.uxPendedTicks
                0x1fff4838        0x4 ./Generated_Code/tasks.o
 .bss.xYieldPending
                0x1fff483c        0x4 ./Generated_Code/tasks.o
 .bss.xNumOfOverflows
                0x1fff4840        0x4 ./Generated_Code/tasks.o
 .bss.uxTaskNumber
                0x1fff4844        0x4 ./Generated_Code/tasks.o
 .bss.uxSchedulerSuspended
                0x1fff4848        0x4 ./Generated_Code/tasks.o
 .bss.ulTaskSwitchedInTime
                0x1fff484c        0x4 ./Generated_Code/tasks.o
 .bss.ulTotalRunTime
                0x1fff4850        0x4 ./Generated_Code/tasks.o
 .bss.monitor_stdout
                0x1fff4854        0x4 d:/freescale/kds_2.0.0/toolchain/bin/../lib/gcc/arm-none-eabi/4.8.0/../../../../arm-none-eabi/lib/m4/fp/v4-sp-d16\libg_s.a(lib_a-syscalls.o)
 .bss.monitor_stdin
                0x1fff4858        0x4 d:/freescale/kds_2.0.0/toolchain/bin/../lib/gcc/arm-none-eabi/4.8.0/../../../../arm-none-eabi/lib/m4/fp/v4-sp-d16\libg_s.a(lib_a-syscalls.o)
 .bss.heap_end.5175
                0x1fff485c        0x4 d:/freescale/kds_2.0.0/toolchain/bin/../lib/gcc/arm-none-eabi/4.8.0/../../../../arm-none-eabi/lib/m4/fp/v4-sp-d16\libg_s.a(lib_a-syscalls.o)
 .bss.monitor_stderr
                0x1fff4860        0x4 d:/freescale/kds_2.0.0/toolchain/bin/../lib/gcc/arm-none-eabi/4.8.0/../../../../arm-none-eabi/lib/m4/fp/v4-sp-d16\libg_s.a(lib_a-syscalls.o)
 .bss.openfiles
                0x1fff4864       0xa0 d:/freescale/kds_2.0.0/toolchain/bin/../lib/gcc/arm-none-eabi/4.8.0/../../../../arm-none-eabi/lib/m4/fp/v4-sp-d16\libg_s.a(lib_a-syscalls.o)
 .bss.__malloc_free_list
                0x1fff4904        0x4 d:/freescale/kds_2.0.0/toolchain/bin/../lib/gcc/arm-none-eabi/4.8.0/../../../../arm-none-eabi/lib/m4/fp/v4-sp-d16\libg_s.a(lib_a-mallocr.o)
                0x1fff4904                __malloc_free_list
 *(COMMON)
 COMMON         0x1fff4908     0x1388 ./Sources/main.o
                0x1fff4908                TaskInfo
                0x1fff4cf0                TestData
 COMMON         0x1fff5c90        0x8 ./SDK/platform/hal/src/mcg/fsl_mcg_hal.o
                0x1fff5c90                g_xtal0ClkFreq
                0x1fff5c94                g_xtalRtcClkFreq
 COMMON         0x1fff5c98        0x4 d:/freescale/kds_2.0.0/toolchain/bin/../lib/gcc/arm-none-eabi/4.8.0/../../../../arm-none-eabi/lib/m4/fp/v4-sp-d16\libg_s.a(lib_a-reent.o)
                0x1fff5c98                errno
                0x1fff5c9c                . = ALIGN (0x4)
                0x1fff5c9c                __bss_end__ = .
                0x1fff5c9c                __END_BSS = .

.heap           0x20000000     0x1000
                0x20000000                . = ALIGN (0x8)
                0x20000000                __end__ = .
                0x20000000                PROVIDE (end, .)
                0x20000000                __HeapBase = .
                0x20001000                . = (. + HEAP_SIZE)
 *fill*         0x20000000     0x1000 
                0x20001000                __HeapLimit = .

.stack          0x20001000     0x1000
                0x20001000                . = ALIGN (0x8)
                0x20002000                . = (. + STACK_SIZE)
 *fill*         0x20001000     0x1000 
                0x20010000                __StackTop = (ORIGIN (m_data_2) + 0x10000)
                0x2000f000                __StackLimit = (__StackTop - STACK_SIZE)
                0x20010000                PROVIDE (__stack, __StackTop)

.ARM.attributes
                0x00000000       0x35
 *(.ARM.attributes)
 .ARM.attributes
                0x00000000       0x27 d:/freescale/kds_2.0.0/toolchain/bin/../lib/gcc/arm-none-eabi/4.8.0/m4/fp/v4-sp-d16/crti.o
 .ARM.attributes
                0x00000027       0x39 d:/freescale/kds_2.0.0/toolchain/bin/../lib/gcc/arm-none-eabi/4.8.0/m4/fp/v4-sp-d16/crtbegin.o
 .ARM.attributes
                0x00000060       0x39 d:/freescale/kds_2.0.0/toolchain/bin/../lib/gcc/arm-none-eabi/4.8.0/../../../../arm-none-eabi/lib/m4/fp/v4-sp-d16/crt0.o
 .ARM.attributes
                0x00000099       0x39 ./Static_Code/System/PE_low_level_init.o
 .ARM.attributes
                0x000000d2       0x39 ./Sources/Events.o
 .ARM.attributes
                0x0000010b       0x39 ./Sources/main.o
 .ARM.attributes
                0x00000144       0x39 ./SDK/platform/utilities/src/fsl_debug_console.o
 .ARM.attributes
                0x0000017d       0x39 ./SDK/platform/utilities/src/print_scan.o
 .ARM.attributes
                0x000001b6       0x39 ./SDK/platform/system/src/clock/MK22F51212/fsl_clock_MK22F51212.o
 .ARM.attributes
                0x000001ef       0x39 ./SDK/platform/system/src/clock/fsl_clock_manager_common.o
 .ARM.attributes
                0x00000228       0x1f ./SDK/platform/startup/MK22F51212/gcc/startup_MK22F51212.o
 .ARM.attributes
                0x00000247       0x39 ./SDK/platform/startup/MK22F51212/system_MK22F51212.o
 .ARM.attributes
                0x00000280       0x39 ./SDK/platform/startup/startup.o
 .ARM.attributes
                0x000002b9       0x39 ./SDK/platform/hal/src/uart/fsl_uart_hal.o
 .ARM.attributes
                0x000002f2       0x39 ./SDK/platform/hal/src/osc/fsl_osc_hal.o
 .ARM.attributes
                0x0000032b       0x39 ./SDK/platform/hal/src/mcg/fsl_mcg_hal.o
 .ARM.attributes
                0x00000364       0x39 ./SDK/platform/hal/src/lpuart/fsl_lpuart_hal.o
 .ARM.attributes
                0x0000039d       0x39 ./SDK/platform/hal/src/gpio/fsl_gpio_hal.o
 .ARM.attributes
                0x000003d6       0x39 ./SDK/platform/drivers/src/gpio/fsl_gpio_common.o
 .ARM.attributes
                0x0000040f       0x39 ./SDK/platform/drivers/src/gpio/fsl_gpio_driver.o
 .ARM.attributes
                0x00000448       0x39 ./Generated_Code/Cpu.o
 .ARM.attributes
                0x00000481       0x39 ./Generated_Code/UTIL1.o
 .ARM.attributes
                0x000004ba       0x39 ./Generated_Code/gpio1.o
 .ARM.attributes
                0x000004f3       0x39 ./Generated_Code/hardware_init.o
 .ARM.attributes
                0x0000052c       0x39 ./Generated_Code/heap_2.o
 .ARM.attributes
                0x00000565       0x39 ./Generated_Code/list.o
 .ARM.attributes
                0x0000059e       0x39 ./Generated_Code/pin_init.o
 .ARM.attributes
                0x000005d7       0x39 ./Generated_Code/port.o
 .ARM.attributes
                0x00000610       0x39 ./Generated_Code/tasks.o
 .ARM.attributes
                0x00000649       0x27 d:/freescale/kds_2.0.0/toolchain/bin/../lib/gcc/arm-none-eabi/4.8.0/m4/fp/v4-sp-d16\libgcc.a(_arm_addsubdf3.o)
 .ARM.attributes
                0x00000670       0x27 d:/freescale/kds_2.0.0/toolchain/bin/../lib/gcc/arm-none-eabi/4.8.0/m4/fp/v4-sp-d16\libgcc.a(_arm_truncdfsf2.o)
 .ARM.attributes
                0x00000697       0x39 d:/freescale/kds_2.0.0/toolchain/bin/../lib/gcc/arm-none-eabi/4.8.0/../../../../arm-none-eabi/lib/m4/fp/v4-sp-d16\libg_s.a(lib_a-assert.o)
 .ARM.attributes
                0x000006d0       0x39 d:/freescale/kds_2.0.0/toolchain/bin/../lib/gcc/arm-none-eabi/4.8.0/../../../../arm-none-eabi/lib/m4/fp/v4-sp-d16\libg_s.a(lib_a-atexit.o)
 .ARM.attributes
                0x00000709       0x39 d:/freescale/kds_2.0.0/toolchain/bin/../lib/gcc/arm-none-eabi/4.8.0/../../../../arm-none-eabi/lib/m4/fp/v4-sp-d16\libg_s.a(lib_a-exit.o)
 .ARM.attributes
                0x00000742       0x39 d:/freescale/kds_2.0.0/toolchain/bin/../lib/gcc/arm-none-eabi/4.8.0/../../../../arm-none-eabi/lib/m4/fp/v4-sp-d16\libg_s.a(lib_a-fini.o)
 .ARM.attributes
                0x0000077b       0x39 d:/freescale/kds_2.0.0/toolchain/bin/../lib/gcc/arm-none-eabi/4.8.0/../../../../arm-none-eabi/lib/m4/fp/v4-sp-d16\libg_s.a(lib_a-fprintf.o)
 .ARM.attributes
                0x000007b4       0x39 d:/freescale/kds_2.0.0/toolchain/bin/../lib/gcc/arm-none-eabi/4.8.0/../../../../arm-none-eabi/lib/m4/fp/v4-sp-d16\libg_s.a(lib_a-impure.o)
 .ARM.attributes
                0x000007ed       0x39 d:/freescale/kds_2.0.0/toolchain/bin/../lib/gcc/arm-none-eabi/4.8.0/../../../../arm-none-eabi/lib/m4/fp/v4-sp-d16\libg_s.a(lib_a-memcmp.o)
 .ARM.attributes
                0x00000826       0x39 d:/freescale/kds_2.0.0/toolchain/bin/../lib/gcc/arm-none-eabi/4.8.0/../../../../arm-none-eabi/lib/m4/fp/v4-sp-d16\libg_s.a(lib_a-memset.o)
 .ARM.attributes
                0x0000085f       0x25 d:/freescale/kds_2.0.0/toolchain/bin/../lib/gcc/arm-none-eabi/4.8.0/../../../../arm-none-eabi/lib/m4/fp/v4-sp-d16\libg_s.a(lib_a-setjmp.o)
 .ARM.attributes
                0x00000884       0x39 d:/freescale/kds_2.0.0/toolchain/bin/../lib/gcc/arm-none-eabi/4.8.0/../../../../arm-none-eabi/lib/m4/fp/v4-sp-d16\libg_s.a(lib_a-setvbuf.o)
 .ARM.attributes
                0x000008bd       0x39 d:/freescale/kds_2.0.0/toolchain/bin/../lib/gcc/arm-none-eabi/4.8.0/../../../../arm-none-eabi/lib/m4/fp/v4-sp-d16\libg_s.a(lib_a-strcpy.o)
 .ARM.attributes
                0x000008f6       0x39 d:/freescale/kds_2.0.0/toolchain/bin/../lib/gcc/arm-none-eabi/4.8.0/../../../../arm-none-eabi/lib/m4/fp/v4-sp-d16\libg_s.a(lib_a-strlen.o)
 .ARM.attributes
                0x0000092f       0x39 d:/freescale/kds_2.0.0/toolchain/bin/../lib/gcc/arm-none-eabi/4.8.0/../../../../arm-none-eabi/lib/m4/fp/v4-sp-d16\libg_s.a(lib_a-syscalls.o)
 .ARM.attributes
                0x00000968       0x39 d:/freescale/kds_2.0.0/toolchain/bin/../lib/gcc/arm-none-eabi/4.8.0/../../../../arm-none-eabi/lib/m4/fp/v4-sp-d16\libg_s.a(lib_a-vfprintf.o)
 .ARM.attributes
                0x000009a1       0x39 d:/freescale/kds_2.0.0/toolchain/bin/../lib/gcc/arm-none-eabi/4.8.0/../../../../arm-none-eabi/lib/m4/fp/v4-sp-d16\libg_s.a(lib_a-vfprintf_i.o)
 .ARM.attributes
                0x000009da       0x39 d:/freescale/kds_2.0.0/toolchain/bin/../lib/gcc/arm-none-eabi/4.8.0/../../../../arm-none-eabi/lib/m4/fp/v4-sp-d16\libg_s.a(lib_a-wbuf.o)
 .ARM.attributes
                0x00000a13       0x39 d:/freescale/kds_2.0.0/toolchain/bin/../lib/gcc/arm-none-eabi/4.8.0/../../../../arm-none-eabi/lib/m4/fp/v4-sp-d16\libg_s.a(lib_a-wsetup.o)
 .ARM.attributes
                0x00000a4c       0x39 d:/freescale/kds_2.0.0/toolchain/bin/../lib/gcc/arm-none-eabi/4.8.0/../../../../arm-none-eabi/lib/m4/fp/v4-sp-d16\libg_s.a(lib_a-__atexit.o)
 .ARM.attributes
                0x00000a85       0x39 d:/freescale/kds_2.0.0/toolchain/bin/../lib/gcc/arm-none-eabi/4.8.0/../../../../arm-none-eabi/lib/m4/fp/v4-sp-d16\libg_s.a(lib_a-__call_atexit.o)
 .ARM.attributes
                0x00000abe       0x39 d:/freescale/kds_2.0.0/toolchain/bin/../lib/gcc/arm-none-eabi/4.8.0/../../../../arm-none-eabi/lib/m4/fp/v4-sp-d16\libg_s.a(lib_a-abort.o)
 .ARM.attributes
                0x00000af7       0x39 d:/freescale/kds_2.0.0/toolchain/bin/../lib/gcc/arm-none-eabi/4.8.0/../../../../arm-none-eabi/lib/m4/fp/v4-sp-d16\libg_s.a(lib_a-errno.o)
 .ARM.attributes
                0x00000b30       0x39 d:/freescale/kds_2.0.0/toolchain/bin/../lib/gcc/arm-none-eabi/4.8.0/../../../../arm-none-eabi/lib/m4/fp/v4-sp-d16\libg_s.a(lib_a-fflush.o)
 .ARM.attributes
                0x00000b69       0x39 d:/freescale/kds_2.0.0/toolchain/bin/../lib/gcc/arm-none-eabi/4.8.0/../../../../arm-none-eabi/lib/m4/fp/v4-sp-d16\libg_s.a(lib_a-findfp.o)
 .ARM.attributes
                0x00000ba2       0x39 d:/freescale/kds_2.0.0/toolchain/bin/../lib/gcc/arm-none-eabi/4.8.0/../../../../arm-none-eabi/lib/m4/fp/v4-sp-d16\libg_s.a(lib_a-freer.o)
 .ARM.attributes
                0x00000bdb       0x39 d:/freescale/kds_2.0.0/toolchain/bin/../lib/gcc/arm-none-eabi/4.8.0/../../../../arm-none-eabi/lib/m4/fp/v4-sp-d16\libg_s.a(lib_a-makebuf.o)
 .ARM.attributes
                0x00000c14       0x39 d:/freescale/kds_2.0.0/toolchain/bin/../lib/gcc/arm-none-eabi/4.8.0/../../../../arm-none-eabi/lib/m4/fp/v4-sp-d16\libg_s.a(lib_a-malloc.o)
 .ARM.attributes
                0x00000c4d       0x39 d:/freescale/kds_2.0.0/toolchain/bin/../lib/gcc/arm-none-eabi/4.8.0/../../../../arm-none-eabi/lib/m4/fp/v4-sp-d16\libg_s.a(lib_a-mallocr.o)
 .ARM.attributes
                0x00000c86       0x39 d:/freescale/kds_2.0.0/toolchain/bin/../lib/gcc/arm-none-eabi/4.8.0/../../../../arm-none-eabi/lib/m4/fp/v4-sp-d16\libg_s.a(lib_a-memchr.o)
 .ARM.attributes
                0x00000cbf       0x39 d:/freescale/kds_2.0.0/toolchain/bin/../lib/gcc/arm-none-eabi/4.8.0/../../../../arm-none-eabi/lib/m4/fp/v4-sp-d16\libg_s.a(lib_a-sbrkr.o)
 .ARM.attributes
                0x00000cf8       0x39 d:/freescale/kds_2.0.0/toolchain/bin/../lib/gcc/arm-none-eabi/4.8.0/../../../../arm-none-eabi/lib/m4/fp/v4-sp-d16\libg_s.a(lib_a-signal.o)
 .ARM.attributes
                0x00000d31       0x39 d:/freescale/kds_2.0.0/toolchain/bin/../lib/gcc/arm-none-eabi/4.8.0/../../../../arm-none-eabi/lib/m4/fp/v4-sp-d16\libg_s.a(lib_a-signalr.o)
 .ARM.attributes
                0x00000d6a       0x39 d:/freescale/kds_2.0.0/toolchain/bin/../lib/gcc/arm-none-eabi/4.8.0/../../../../arm-none-eabi/lib/m4/fp/v4-sp-d16\libg_s.a(lib_a-stdio.o)
 .ARM.attributes
                0x00000da3       0x39 d:/freescale/kds_2.0.0/toolchain/bin/../lib/gcc/arm-none-eabi/4.8.0/../../../../arm-none-eabi/lib/m4/fp/v4-sp-d16\libg_s.a(lib_a-writer.o)
 .ARM.attributes
                0x00000ddc       0x39 d:/freescale/kds_2.0.0/toolchain/bin/../lib/gcc/arm-none-eabi/4.8.0/../../../../arm-none-eabi/lib/m4/fp/v4-sp-d16\libg_s.a(lib_a-closer.o)
 .ARM.attributes
                0x00000e15       0x39 d:/freescale/kds_2.0.0/toolchain/bin/../lib/gcc/arm-none-eabi/4.8.0/../../../../arm-none-eabi/lib/m4/fp/v4-sp-d16\libg_s.a(lib_a-fstatr.o)
 .ARM.attributes
                0x00000e4e       0x39 d:/freescale/kds_2.0.0/toolchain/bin/../lib/gcc/arm-none-eabi/4.8.0/../../../../arm-none-eabi/lib/m4/fp/v4-sp-d16\libg_s.a(lib_a-isattyr.o)
 .ARM.attributes
                0x00000e87       0x39 d:/freescale/kds_2.0.0/toolchain/bin/../lib/gcc/arm-none-eabi/4.8.0/../../../../arm-none-eabi/lib/m4/fp/v4-sp-d16\libg_s.a(lib_a-lseekr.o)
 .ARM.attributes
                0x00000ec0       0x39 d:/freescale/kds_2.0.0/toolchain/bin/../lib/gcc/arm-none-eabi/4.8.0/../../../../arm-none-eabi/lib/m4/fp/v4-sp-d16\libg_s.a(lib_a-readr.o)
 .ARM.attributes
                0x00000ef9       0x39 d:/freescale/kds_2.0.0/toolchain/bin/../lib/gcc/arm-none-eabi/4.8.0/../../../../arm-none-eabi/lib/m4/fp/v4-sp-d16\libg_s.a(lib_a-reent.o)
 .ARM.attributes
                0x00000f32       0x39 d:/freescale/kds_2.0.0/toolchain/bin/../lib/gcc/arm-none-eabi/4.8.0/m4/fp/v4-sp-d16/crtend.o
 .ARM.attributes
                0x00000f6b       0x27 d:/freescale/kds_2.0.0/toolchain/bin/../lib/gcc/arm-none-eabi/4.8.0/m4/fp/v4-sp-d16/crtn.o
OUTPUT(CB_Test.elf elf32-littlearm)

.comment        0x00000000       0x2a
 .comment       0x00000000       0x2a d:/freescale/kds_2.0.0/toolchain/bin/../lib/gcc/arm-none-eabi/4.8.0/m4/fp/v4-sp-d16/crtbegin.o
                                 0x2b (size before relaxing)
 .comment       0x00000000       0x2b d:/freescale/kds_2.0.0/toolchain/bin/../lib/gcc/arm-none-eabi/4.8.0/../../../../arm-none-eabi/lib/m4/fp/v4-sp-d16/crt0.o
 .comment       0x00000000       0x2b ./Static_Code/System/PE_low_level_init.o
 .comment       0x00000000       0x2b ./Sources/Events.o
 .comment       0x00000000       0x2b ./Sources/main.o
 .comment       0x00000000       0x2b ./SDK/platform/utilities/src/fsl_debug_console.o
 .comment       0x00000000       0x2b ./SDK/platform/utilities/src/print_scan.o
 .comment       0x00000000       0x2b ./SDK/platform/system/src/clock/MK22F51212/fsl_clock_MK22F51212.o
 .comment       0x00000000       0x2b ./SDK/platform/system/src/clock/fsl_clock_manager_common.o
 .comment       0x00000000       0x2b ./SDK/platform/startup/MK22F51212/system_MK22F51212.o
 .comment       0x00000000       0x2b ./SDK/platform/startup/startup.o
 .comment       0x00000000       0x2b ./SDK/platform/hal/src/uart/fsl_uart_hal.o
 .comment       0x00000000       0x2b ./SDK/platform/hal/src/osc/fsl_osc_hal.o
 .comment       0x00000000       0x2b ./SDK/platform/hal/src/mcg/fsl_mcg_hal.o
 .comment       0x00000000       0x2b ./SDK/platform/hal/src/lpuart/fsl_lpuart_hal.o
 .comment       0x00000000       0x2b ./SDK/platform/hal/src/gpio/fsl_gpio_hal.o
 .comment       0x00000000       0x2b ./SDK/platform/drivers/src/gpio/fsl_gpio_common.o
 .comment       0x00000000       0x2b ./SDK/platform/drivers/src/gpio/fsl_gpio_driver.o
 .comment       0x00000000       0x2b ./Generated_Code/Cpu.o
 .comment       0x00000000       0x2b ./Generated_Code/UTIL1.o
 .comment       0x00000000       0x2b ./Generated_Code/gpio1.o
 .comment       0x00000000       0x2b ./Generated_Code/hardware_init.o
 .comment       0x00000000       0x2b ./Generated_Code/heap_2.o
 .comment       0x00000000       0x2b ./Generated_Code/list.o
 .comment       0x00000000       0x2b ./Generated_Code/pin_init.o
 .comment       0x00000000       0x2b ./Generated_Code/port.o
 .comment       0x00000000       0x2b ./Generated_Code/tasks.o
 .comment       0x00000000       0x2b d:/freescale/kds_2.0.0/toolchain/bin/../lib/gcc/arm-none-eabi/4.8.0/../../../../arm-none-eabi/lib/m4/fp/v4-sp-d16\libg_s.a(lib_a-assert.o)
 .comment       0x00000000       0x2b d:/freescale/kds_2.0.0/toolchain/bin/../lib/gcc/arm-none-eabi/4.8.0/../../../../arm-none-eabi/lib/m4/fp/v4-sp-d16\libg_s.a(lib_a-atexit.o)
 .comment       0x00000000       0x2b d:/freescale/kds_2.0.0/toolchain/bin/../lib/gcc/arm-none-eabi/4.8.0/../../../../arm-none-eabi/lib/m4/fp/v4-sp-d16\libg_s.a(lib_a-exit.o)
 .comment       0x00000000       0x2b d:/freescale/kds_2.0.0/toolchain/bin/../lib/gcc/arm-none-eabi/4.8.0/../../../../arm-none-eabi/lib/m4/fp/v4-sp-d16\libg_s.a(lib_a-fini.o)
 .comment       0x00000000       0x2b d:/freescale/kds_2.0.0/toolchain/bin/../lib/gcc/arm-none-eabi/4.8.0/../../../../arm-none-eabi/lib/m4/fp/v4-sp-d16\libg_s.a(lib_a-fprintf.o)
 .comment       0x00000000       0x2b d:/freescale/kds_2.0.0/toolchain/bin/../lib/gcc/arm-none-eabi/4.8.0/../../../../arm-none-eabi/lib/m4/fp/v4-sp-d16\libg_s.a(lib_a-impure.o)
 .comment       0x00000000       0x2b d:/freescale/kds_2.0.0/toolchain/bin/../lib/gcc/arm-none-eabi/4.8.0/../../../../arm-none-eabi/lib/m4/fp/v4-sp-d16\libg_s.a(lib_a-memcmp.o)
 .comment       0x00000000       0x2b d:/freescale/kds_2.0.0/toolchain/bin/../lib/gcc/arm-none-eabi/4.8.0/../../../../arm-none-eabi/lib/m4/fp/v4-sp-d16\libg_s.a(lib_a-memset.o)
 .comment       0x00000000       0x2b d:/freescale/kds_2.0.0/toolchain/bin/../lib/gcc/arm-none-eabi/4.8.0/../../../../arm-none-eabi/lib/m4/fp/v4-sp-d16\libg_s.a(lib_a-setvbuf.o)
 .comment       0x00000000       0x2b d:/freescale/kds_2.0.0/toolchain/bin/../lib/gcc/arm-none-eabi/4.8.0/../../../../arm-none-eabi/lib/m4/fp/v4-sp-d16\libg_s.a(lib_a-strcpy.o)
 .comment       0x00000000       0x2b d:/freescale/kds_2.0.0/toolchain/bin/../lib/gcc/arm-none-eabi/4.8.0/../../../../arm-none-eabi/lib/m4/fp/v4-sp-d16\libg_s.a(lib_a-strlen.o)
 .comment       0x00000000       0x2b d:/freescale/kds_2.0.0/toolchain/bin/../lib/gcc/arm-none-eabi/4.8.0/../../../../arm-none-eabi/lib/m4/fp/v4-sp-d16\libg_s.a(lib_a-syscalls.o)
 .comment       0x00000000       0x2b d:/freescale/kds_2.0.0/toolchain/bin/../lib/gcc/arm-none-eabi/4.8.0/../../../../arm-none-eabi/lib/m4/fp/v4-sp-d16\libg_s.a(lib_a-vfprintf.o)
 .comment       0x00000000       0x2b d:/freescale/kds_2.0.0/toolchain/bin/../lib/gcc/arm-none-eabi/4.8.0/../../../../arm-none-eabi/lib/m4/fp/v4-sp-d16\libg_s.a(lib_a-vfprintf_i.o)
 .comment       0x00000000       0x2b d:/freescale/kds_2.0.0/toolchain/bin/../lib/gcc/arm-none-eabi/4.8.0/../../../../arm-none-eabi/lib/m4/fp/v4-sp-d16\libg_s.a(lib_a-wbuf.o)
 .comment       0x00000000       0x2b d:/freescale/kds_2.0.0/toolchain/bin/../lib/gcc/arm-none-eabi/4.8.0/../../../../arm-none-eabi/lib/m4/fp/v4-sp-d16\libg_s.a(lib_a-wsetup.o)
 .comment       0x00000000       0x2b d:/freescale/kds_2.0.0/toolchain/bin/../lib/gcc/arm-none-eabi/4.8.0/../../../../arm-none-eabi/lib/m4/fp/v4-sp-d16\libg_s.a(lib_a-__atexit.o)
 .comment       0x00000000       0x2b d:/freescale/kds_2.0.0/toolchain/bin/../lib/gcc/arm-none-eabi/4.8.0/../../../../arm-none-eabi/lib/m4/fp/v4-sp-d16\libg_s.a(lib_a-__call_atexit.o)
 .comment       0x00000000       0x2b d:/freescale/kds_2.0.0/toolchain/bin/../lib/gcc/arm-none-eabi/4.8.0/../../../../arm-none-eabi/lib/m4/fp/v4-sp-d16\libg_s.a(lib_a-abort.o)
 .comment       0x00000000       0x2b d:/freescale/kds_2.0.0/toolchain/bin/../lib/gcc/arm-none-eabi/4.8.0/../../../../arm-none-eabi/lib/m4/fp/v4-sp-d16\libg_s.a(lib_a-errno.o)
 .comment       0x00000000       0x2b d:/freescale/kds_2.0.0/toolchain/bin/../lib/gcc/arm-none-eabi/4.8.0/../../../../arm-none-eabi/lib/m4/fp/v4-sp-d16\libg_s.a(lib_a-fflush.o)
 .comment       0x00000000       0x2b d:/freescale/kds_2.0.0/toolchain/bin/../lib/gcc/arm-none-eabi/4.8.0/../../../../arm-none-eabi/lib/m4/fp/v4-sp-d16\libg_s.a(lib_a-findfp.o)
 .comment       0x00000000       0x2b d:/freescale/kds_2.0.0/toolchain/bin/../lib/gcc/arm-none-eabi/4.8.0/../../../../arm-none-eabi/lib/m4/fp/v4-sp-d16\libg_s.a(lib_a-freer.o)
 .comment       0x00000000       0x2b d:/freescale/kds_2.0.0/toolchain/bin/../lib/gcc/arm-none-eabi/4.8.0/../../../../arm-none-eabi/lib/m4/fp/v4-sp-d16\libg_s.a(lib_a-makebuf.o)
 .comment       0x00000000       0x2b d:/freescale/kds_2.0.0/toolchain/bin/../lib/gcc/arm-none-eabi/4.8.0/../../../../arm-none-eabi/lib/m4/fp/v4-sp-d16\libg_s.a(lib_a-malloc.o)
 .comment       0x00000000       0x2b d:/freescale/kds_2.0.0/toolchain/bin/../lib/gcc/arm-none-eabi/4.8.0/../../../../arm-none-eabi/lib/m4/fp/v4-sp-d16\libg_s.a(lib_a-mallocr.o)
 .comment       0x00000000       0x2b d:/freescale/kds_2.0.0/toolchain/bin/../lib/gcc/arm-none-eabi/4.8.0/../../../../arm-none-eabi/lib/m4/fp/v4-sp-d16\libg_s.a(lib_a-memchr.o)
 .comment       0x00000000       0x2b d:/freescale/kds_2.0.0/toolchain/bin/../lib/gcc/arm-none-eabi/4.8.0/../../../../arm-none-eabi/lib/m4/fp/v4-sp-d16\libg_s.a(lib_a-sbrkr.o)
 .comment       0x00000000       0x2b d:/freescale/kds_2.0.0/toolchain/bin/../lib/gcc/arm-none-eabi/4.8.0/../../../../arm-none-eabi/lib/m4/fp/v4-sp-d16\libg_s.a(lib_a-signal.o)
 .comment       0x00000000       0x2b d:/freescale/kds_2.0.0/toolchain/bin/../lib/gcc/arm-none-eabi/4.8.0/../../../../arm-none-eabi/lib/m4/fp/v4-sp-d16\libg_s.a(lib_a-signalr.o)
 .comment       0x00000000       0x2b d:/freescale/kds_2.0.0/toolchain/bin/../lib/gcc/arm-none-eabi/4.8.0/../../../../arm-none-eabi/lib/m4/fp/v4-sp-d16\libg_s.a(lib_a-stdio.o)
 .comment       0x00000000       0x2b d:/freescale/kds_2.0.0/toolchain/bin/../lib/gcc/arm-none-eabi/4.8.0/../../../../arm-none-eabi/lib/m4/fp/v4-sp-d16\libg_s.a(lib_a-writer.o)
 .comment       0x00000000       0x2b d:/freescale/kds_2.0.0/toolchain/bin/../lib/gcc/arm-none-eabi/4.8.0/../../../../arm-none-eabi/lib/m4/fp/v4-sp-d16\libg_s.a(lib_a-closer.o)
 .comment       0x00000000       0x2b d:/freescale/kds_2.0.0/toolchain/bin/../lib/gcc/arm-none-eabi/4.8.0/../../../../arm-none-eabi/lib/m4/fp/v4-sp-d16\libg_s.a(lib_a-fstatr.o)
 .comment       0x00000000       0x2b d:/freescale/kds_2.0.0/toolchain/bin/../lib/gcc/arm-none-eabi/4.8.0/../../../../arm-none-eabi/lib/m4/fp/v4-sp-d16\libg_s.a(lib_a-isattyr.o)
 .comment       0x00000000       0x2b d:/freescale/kds_2.0.0/toolchain/bin/../lib/gcc/arm-none-eabi/4.8.0/../../../../arm-none-eabi/lib/m4/fp/v4-sp-d16\libg_s.a(lib_a-lseekr.o)
 .comment       0x00000000       0x2b d:/freescale/kds_2.0.0/toolchain/bin/../lib/gcc/arm-none-eabi/4.8.0/../../../../arm-none-eabi/lib/m4/fp/v4-sp-d16\libg_s.a(lib_a-readr.o)
 .comment       0x00000000       0x2b d:/freescale/kds_2.0.0/toolchain/bin/../lib/gcc/arm-none-eabi/4.8.0/../../../../arm-none-eabi/lib/m4/fp/v4-sp-d16\libg_s.a(lib_a-reent.o)
 .comment       0x00000000       0x2b d:/freescale/kds_2.0.0/toolchain/bin/../lib/gcc/arm-none-eabi/4.8.0/m4/fp/v4-sp-d16/crtend.o

.debug_info     0x00000000     0xd86c
 .debug_info    0x00000000      0x110 ./Static_Code/System/PE_low_level_init.o
 .debug_info    0x00000110      0x177 ./Sources/Events.o
 .debug_info    0x00000287      0x25d ./Sources/main.o
 .debug_info    0x000004e4     0x1262 ./SDK/platform/utilities/src/fsl_debug_console.o
 .debug_info    0x00001746      0x5bd ./SDK/platform/utilities/src/print_scan.o
 .debug_info    0x00001d03     0x1ba3 ./SDK/platform/system/src/clock/MK22F51212/fsl_clock_MK22F51212.o
 .debug_info    0x000038a6       0xef ./SDK/platform/system/src/clock/fsl_clock_manager_common.o
 .debug_info    0x00003995       0x89 ./SDK/platform/startup/MK22F51212/gcc/startup_MK22F51212.o
 .debug_info    0x00003a1e      0xa96 ./SDK/platform/startup/MK22F51212/system_MK22F51212.o
 .debug_info    0x000044b4      0x386 ./SDK/platform/startup/startup.o
 .debug_info    0x0000483a     0x138d ./SDK/platform/hal/src/uart/fsl_uart_hal.o
 .debug_info    0x00005bc7      0x2c7 ./SDK/platform/hal/src/osc/fsl_osc_hal.o
 .debug_info    0x00005e8e     0x1305 ./SDK/platform/hal/src/mcg/fsl_mcg_hal.o
 .debug_info    0x00007193     0x110f ./SDK/platform/hal/src/lpuart/fsl_lpuart_hal.o
 .debug_info    0x000082a2      0x275 ./SDK/platform/hal/src/gpio/fsl_gpio_hal.o
 .debug_info    0x00008517      0x36f ./SDK/platform/drivers/src/gpio/fsl_gpio_common.o
 .debug_info    0x00008886     0x1293 ./SDK/platform/drivers/src/gpio/fsl_gpio_driver.o
 .debug_info    0x00009b19      0x1ff ./Generated_Code/Cpu.o
 .debug_info    0x00009d18     0x15dc ./Generated_Code/UTIL1.o
 .debug_info    0x0000b2f4      0x1a3 ./Generated_Code/gpio1.o
 .debug_info    0x0000b497      0x10b ./Generated_Code/hardware_init.o
 .debug_info    0x0000b5a2      0x326 ./Generated_Code/heap_2.o
 .debug_info    0x0000b8c8      0x296 ./Generated_Code/list.o
 .debug_info    0x0000bb5e      0x3c9 ./Generated_Code/pin_init.o
 .debug_info    0x0000bf27      0x2e5 ./Generated_Code/port.o
 .debug_info    0x0000c20c     0x1660 ./Generated_Code/tasks.o

.debug_abbrev   0x00000000     0x2371
 .debug_abbrev  0x00000000       0x8d ./Static_Code/System/PE_low_level_init.o
 .debug_abbrev  0x0000008d       0xc6 ./Sources/Events.o
 .debug_abbrev  0x00000153      0x107 ./Sources/main.o
 .debug_abbrev  0x0000025a      0x2d3 ./SDK/platform/utilities/src/fsl_debug_console.o
 .debug_abbrev  0x0000052d      0x19c ./SDK/platform/utilities/src/print_scan.o
 .debug_abbrev  0x000006c9      0x2d4 ./SDK/platform/system/src/clock/MK22F51212/fsl_clock_MK22F51212.o
 .debug_abbrev  0x0000099d       0x78 ./SDK/platform/system/src/clock/fsl_clock_manager_common.o
 .debug_abbrev  0x00000a15       0x14 ./SDK/platform/startup/MK22F51212/gcc/startup_MK22F51212.o
 .debug_abbrev  0x00000a29      0x132 ./SDK/platform/startup/MK22F51212/system_MK22F51212.o
 .debug_abbrev  0x00000b5b       0xfa ./SDK/platform/startup/startup.o
 .debug_abbrev  0x00000c55      0x211 ./SDK/platform/hal/src/uart/fsl_uart_hal.o
 .debug_abbrev  0x00000e66       0xfc ./SDK/platform/hal/src/osc/fsl_osc_hal.o
 .debug_abbrev  0x00000f62      0x267 ./SDK/platform/hal/src/mcg/fsl_mcg_hal.o
 .debug_abbrev  0x000011c9      0x22e ./SDK/platform/hal/src/lpuart/fsl_lpuart_hal.o
 .debug_abbrev  0x000013f7      0x12a ./SDK/platform/hal/src/gpio/fsl_gpio_hal.o
 .debug_abbrev  0x00001521       0x9d ./SDK/platform/drivers/src/gpio/fsl_gpio_common.o
 .debug_abbrev  0x000015be      0x2b1 ./SDK/platform/drivers/src/gpio/fsl_gpio_driver.o
 .debug_abbrev  0x0000186f       0xcf ./Generated_Code/Cpu.o
 .debug_abbrev  0x0000193e      0x1c7 ./Generated_Code/UTIL1.o
 .debug_abbrev  0x00001b05       0xae ./Generated_Code/gpio1.o
 .debug_abbrev  0x00001bb3       0x8d ./Generated_Code/hardware_init.o
 .debug_abbrev  0x00001c40      0x187 ./Generated_Code/heap_2.o
 .debug_abbrev  0x00001dc7       0xc1 ./Generated_Code/list.o
 .debug_abbrev  0x00001e88      0x142 ./Generated_Code/pin_init.o
 .debug_abbrev  0x00001fca      0x135 ./Generated_Code/port.o
 .debug_abbrev  0x000020ff      0x272 ./Generated_Code/tasks.o

.debug_aranges  0x00000000      0xe70
 .debug_aranges
                0x00000000       0x28 ./Static_Code/System/PE_low_level_init.o
 .debug_aranges
                0x00000028       0x40 ./Sources/Events.o
 .debug_aranges
                0x00000068       0x38 ./Sources/main.o
 .debug_aranges
                0x000000a0       0xc0 ./SDK/platform/utilities/src/fsl_debug_console.o
 .debug_aranges
                0x00000160       0x48 ./SDK/platform/utilities/src/print_scan.o
 .debug_aranges
                0x000001a8      0x240 ./SDK/platform/system/src/clock/MK22F51212/fsl_clock_MK22F51212.o
 .debug_aranges
                0x000003e8       0x18 ./SDK/platform/system/src/clock/fsl_clock_manager_common.o
 .debug_aranges
                0x00000400       0x20 ./SDK/platform/startup/MK22F51212/gcc/startup_MK22F51212.o
 .debug_aranges
                0x00000420       0x28 ./SDK/platform/startup/MK22F51212/system_MK22F51212.o
 .debug_aranges
                0x00000448       0x20 ./SDK/platform/startup/startup.o
 .debug_aranges
                0x00000468      0x100 ./SDK/platform/hal/src/uart/fsl_uart_hal.o
 .debug_aranges
                0x00000568       0x58 ./SDK/platform/hal/src/osc/fsl_osc_hal.o
 .debug_aranges
                0x000005c0      0x160 ./SDK/platform/hal/src/mcg/fsl_mcg_hal.o
 .debug_aranges
                0x00000720       0xe8 ./SDK/platform/hal/src/lpuart/fsl_lpuart_hal.o
 .debug_aranges
                0x00000808       0x28 ./SDK/platform/hal/src/gpio/fsl_gpio_hal.o
 .debug_aranges
                0x00000830       0x18 ./SDK/platform/drivers/src/gpio/fsl_gpio_common.o
 .debug_aranges
                0x00000848       0xf8 ./SDK/platform/drivers/src/gpio/fsl_gpio_driver.o
 .debug_aranges
                0x00000940       0x20 ./Generated_Code/Cpu.o
 .debug_aranges
                0x00000960      0x1b8 ./Generated_Code/UTIL1.o
 .debug_aranges
                0x00000b18       0x18 ./Generated_Code/gpio1.o
 .debug_aranges
                0x00000b30       0x20 ./Generated_Code/hardware_init.o
 .debug_aranges
                0x00000b50       0x40 ./Generated_Code/heap_2.o
 .debug_aranges
                0x00000b90       0x40 ./Generated_Code/list.o
 .debug_aranges
                0x00000bd0       0x48 ./Generated_Code/pin_init.o
 .debug_aranges
                0x00000c18       0x98 ./Generated_Code/port.o
 .debug_aranges